STM32F103C6_EXTI_Driver.c:29:13:NVIC_IRQ_Enable	16	static
STM32F103C6_EXTI_Driver.c:37:13:NVIC_IRQ_Disable	16	static
STM32F103C6_EXTI_Driver.c:46:13:Update_EXTI	24	static
STM32F103C6_EXTI_Driver.c:106:6:MCAL_EXTI_GPIO_Deinit	4	static
STM32F103C6_EXTI_Driver.c:141:6:MCAL_EXTI_GPIO_Init	16	static
STM32F103C6_EXTI_Driver.c:156:6:MCAL_EXTI_GPIO_Update	16	static
STM32F103C6_EXTI_Driver.c:166:6:EXTI0_IRQHandler	8	static
STM32F103C6_EXTI_Driver.c:175:6:EXTI1_IRQHandler	8	static
STM32F103C6_EXTI_Driver.c:184:6:EXTI2_IRQHandler	8	static
STM32F103C6_EXTI_Driver.c:193:6:EXTI3_IRQHandler	8	static
STM32F103C6_EXTI_Driver.c:202:6:EXTI4_IRQHandler	8	static
STM32F103C6_EXTI_Driver.c:211:6:EXTI9_5_IRQHandler	8	static
STM32F103C6_EXTI_Driver.c:222:6:EXTI15_10_IRQHandler	8	static
