STM32F103C6_I2C_Driver.c:23:6:MCAL_I2C_Init	40	static
STM32F103C6_I2C_Driver.c:148:6:MCAL_I2C_Dinit	16	static
STM32F103C6_I2C_Driver.c:154:6:MCAL_I2C_GPIO_Set_Pins	24	static
STM32F103C6_I2C_Driver.c:188:6:MCAL_I2C_Master_TX	32	static
STM32F103C6_I2C_Driver.c:230:6:MCAL_I2C_Master_RX	32	static
STM32F103C6_I2C_Driver.c:280:6:MCAL_I2C_Slave_TX	16	static
STM32F103C6_I2C_Driver.c:285:9:MCAL_I2C_Slave_RX	16	static
STM32F103C6_I2C_Driver.c:295:6:I2C_Generate_Start	16	static
STM32F103C6_I2C_Driver.c:316:13:I2C_Get_Status	24	static
STM32F103C6_I2C_Driver.c:415:6:I2C_Send_Address	16	static
STM32F103C6_I2C_Driver.c:431:6:I2C_Generate_Stop	16	static
STM32F103C6_I2C_Driver.c:444:6:I2C_Acknowledge_Config	16	static
STM32F103C6_I2C_Driver.c:482:6:I2C1_EV_IRQHandler	4	static
STM32F103C6_I2C_Driver.c:485:6:I2C1_ER_IRQHandler	4	static
STM32F103C6_I2C_Driver.c:488:6:I2C2_EV_IRQHandler	4	static
STM32F103C6_I2C_Driver.c:491:6:I2C2_ER_IRQHandler	4	static
STM32F103C6_I2C_Driver.c:495:6:I2C_Send_Slave_State	16	static
