STM32F103C6_USART_Driver.c:31:6:MCAL_UART_Init	24	static
STM32F103C6_USART_Driver.c:97:6:MCAL_UART_Dinit	16	static
STM32F103C6_USART_Driver.c:117:6:MCAL_UART_Send_Data	24	static
STM32F103C6_USART_Driver.c:141:6:MCAL_UART_Receive_Data	24	static
STM32F103C6_USART_Driver.c:186:6:MCAL_UART_Wait_TC	16	static
STM32F103C6_USART_Driver.c:193:6:MCAL_UART_GPIO_Set_Pins	24	static
STM32F103C6_USART_Driver.c:316:6:USART1_IRQHandler	8	static
STM32F103C6_USART_Driver.c:321:6:USART2_IRQHandler	8	static
STM32F103C6_USART_Driver.c:326:6:USART3_IRQHandler	8	static
