Archive member included to satisfy reference by file (symbol)

C:/ST/STM32CubeIDE_1.13.2/STM32CubeIDE/plugins/com.st.stm32cube.ide.mcu.externaltools.gnu-tools-for-stm32.11.3.rel1.win32_1.1.1.202309131626/tools/bin/../lib/gcc/arm-none-eabi/11.3.1/../../../../arm-none-eabi/lib/thumb/v7-m/nofp\libc_nano.a(libc_a-exit.o)
                              C:/ST/STM32CubeIDE_1.13.2/STM32CubeIDE/plugins/com.st.stm32cube.ide.mcu.externaltools.gnu-tools-for-stm32.11.3.rel1.win32_1.1.1.202309131626/tools/bin/../lib/gcc/arm-none-eabi/11.3.1/../../../../arm-none-eabi/lib/thumb/v7-m/nofp/crt0.o (exit)
C:/ST/STM32CubeIDE_1.13.2/STM32CubeIDE/plugins/com.st.stm32cube.ide.mcu.externaltools.gnu-tools-for-stm32.11.3.rel1.win32_1.1.1.202309131626/tools/bin/../lib/gcc/arm-none-eabi/11.3.1/../../../../arm-none-eabi/lib/thumb/v7-m/nofp\libc_nano.a(libc_a-findfp.o)
                              C:/ST/STM32CubeIDE_1.13.2/STM32CubeIDE/plugins/com.st.stm32cube.ide.mcu.externaltools.gnu-tools-for-stm32.11.3.rel1.win32_1.1.1.202309131626/tools/bin/../lib/gcc/arm-none-eabi/11.3.1/../../../../arm-none-eabi/lib/thumb/v7-m/nofp\libc_nano.a(libc_a-exit.o) (__stdio_exit_handler)
C:/ST/STM32CubeIDE_1.13.2/STM32CubeIDE/plugins/com.st.stm32cube.ide.mcu.externaltools.gnu-tools-for-stm32.11.3.rel1.win32_1.1.1.202309131626/tools/bin/../lib/gcc/arm-none-eabi/11.3.1/../../../../arm-none-eabi/lib/thumb/v7-m/nofp\libc_nano.a(libc_a-fwalk.o)
                              C:/ST/STM32CubeIDE_1.13.2/STM32CubeIDE/plugins/com.st.stm32cube.ide.mcu.externaltools.gnu-tools-for-stm32.11.3.rel1.win32_1.1.1.202309131626/tools/bin/../lib/gcc/arm-none-eabi/11.3.1/../../../../arm-none-eabi/lib/thumb/v7-m/nofp\libc_nano.a(libc_a-findfp.o) (_fwalk_sglue)
C:/ST/STM32CubeIDE_1.13.2/STM32CubeIDE/plugins/com.st.stm32cube.ide.mcu.externaltools.gnu-tools-for-stm32.11.3.rel1.win32_1.1.1.202309131626/tools/bin/../lib/gcc/arm-none-eabi/11.3.1/../../../../arm-none-eabi/lib/thumb/v7-m/nofp\libc_nano.a(libc_a-stdio.o)
                              C:/ST/STM32CubeIDE_1.13.2/STM32CubeIDE/plugins/com.st.stm32cube.ide.mcu.externaltools.gnu-tools-for-stm32.11.3.rel1.win32_1.1.1.202309131626/tools/bin/../lib/gcc/arm-none-eabi/11.3.1/../../../../arm-none-eabi/lib/thumb/v7-m/nofp\libc_nano.a(libc_a-findfp.o) (__sread)
C:/ST/STM32CubeIDE_1.13.2/STM32CubeIDE/plugins/com.st.stm32cube.ide.mcu.externaltools.gnu-tools-for-stm32.11.3.rel1.win32_1.1.1.202309131626/tools/bin/../lib/gcc/arm-none-eabi/11.3.1/../../../../arm-none-eabi/lib/thumb/v7-m/nofp\libc_nano.a(libc_a-memset.o)
                              C:/ST/STM32CubeIDE_1.13.2/STM32CubeIDE/plugins/com.st.stm32cube.ide.mcu.externaltools.gnu-tools-for-stm32.11.3.rel1.win32_1.1.1.202309131626/tools/bin/../lib/gcc/arm-none-eabi/11.3.1/../../../../arm-none-eabi/lib/thumb/v7-m/nofp/crt0.o (memset)
C:/ST/STM32CubeIDE_1.13.2/STM32CubeIDE/plugins/com.st.stm32cube.ide.mcu.externaltools.gnu-tools-for-stm32.11.3.rel1.win32_1.1.1.202309131626/tools/bin/../lib/gcc/arm-none-eabi/11.3.1/../../../../arm-none-eabi/lib/thumb/v7-m/nofp\libc_nano.a(libc_a-closer.o)
                              C:/ST/STM32CubeIDE_1.13.2/STM32CubeIDE/plugins/com.st.stm32cube.ide.mcu.externaltools.gnu-tools-for-stm32.11.3.rel1.win32_1.1.1.202309131626/tools/bin/../lib/gcc/arm-none-eabi/11.3.1/../../../../arm-none-eabi/lib/thumb/v7-m/nofp\libc_nano.a(libc_a-stdio.o) (_close_r)
C:/ST/STM32CubeIDE_1.13.2/STM32CubeIDE/plugins/com.st.stm32cube.ide.mcu.externaltools.gnu-tools-for-stm32.11.3.rel1.win32_1.1.1.202309131626/tools/bin/../lib/gcc/arm-none-eabi/11.3.1/../../../../arm-none-eabi/lib/thumb/v7-m/nofp\libc_nano.a(libc_a-reent.o)
                              C:/ST/STM32CubeIDE_1.13.2/STM32CubeIDE/plugins/com.st.stm32cube.ide.mcu.externaltools.gnu-tools-for-stm32.11.3.rel1.win32_1.1.1.202309131626/tools/bin/../lib/gcc/arm-none-eabi/11.3.1/../../../../arm-none-eabi/lib/thumb/v7-m/nofp\libc_nano.a(libc_a-closer.o) (errno)
C:/ST/STM32CubeIDE_1.13.2/STM32CubeIDE/plugins/com.st.stm32cube.ide.mcu.externaltools.gnu-tools-for-stm32.11.3.rel1.win32_1.1.1.202309131626/tools/bin/../lib/gcc/arm-none-eabi/11.3.1/../../../../arm-none-eabi/lib/thumb/v7-m/nofp\libc_nano.a(libc_a-impure.o)
                              C:/ST/STM32CubeIDE_1.13.2/STM32CubeIDE/plugins/com.st.stm32cube.ide.mcu.externaltools.gnu-tools-for-stm32.11.3.rel1.win32_1.1.1.202309131626/tools/bin/../lib/gcc/arm-none-eabi/11.3.1/../../../../arm-none-eabi/lib/thumb/v7-m/nofp\libc_nano.a(libc_a-reent.o) (_impure_ptr)
C:/ST/STM32CubeIDE_1.13.2/STM32CubeIDE/plugins/com.st.stm32cube.ide.mcu.externaltools.gnu-tools-for-stm32.11.3.rel1.win32_1.1.1.202309131626/tools/bin/../lib/gcc/arm-none-eabi/11.3.1/../../../../arm-none-eabi/lib/thumb/v7-m/nofp\libc_nano.a(libc_a-lseekr.o)
[...]
Memory Configuration

Name             Origin             Length             Attributes
RAM              0x0000000020000000 0x0000000000005000 xrw
FLASH            0x0000000008000000 0x0000000000010000 xr
*default*        0x0000000000000000 0xffffffffffffffff

Linker script and memory map

LOAD C:/ST/STM32CubeIDE_1.13.2/STM32CubeIDE/plugins/com.st.stm32cube.ide.mcu.externaltools.gnu-tools-for-stm32.11.3.rel1.win32_1.1.1.202309131626/tools/bin/../lib/gcc/arm-none-eabi/11.3.1/thumb/v7-m/nofp/crti.o
LOAD C:/ST/STM32CubeIDE_1.13.2/STM32CubeIDE/plugins/com.st.stm32cube.ide.mcu.externaltools.gnu-tools-for-stm32.11.3.rel1.win32_1.1.1.202309131626/tools/bin/../lib/gcc/arm-none-eabi/11.3.1/thumb/v7-m/nofp/crtbegin.o
LOAD C:/ST/STM32CubeIDE_1.13.2/STM32CubeIDE/plugins/com.st.stm32cube.ide.mcu.externaltools.gnu-tools-for-stm32.11.3.rel1.win32_1.1.1.202309131626/tools/bin/../lib/gcc/arm-none-eabi/11.3.1/../../../../arm-none-eabi/lib/thumb/v7-m/nofp/crt0.o
LOAD ./Src/HAL/KEYPAD/KEYPAD.o
LOAD ./Src/HAL/TFT/TFT_program.o
LOAD ./Src/HAL/TFT/fonts.o
LOAD ./Src/HAL/UDS/UDS.o
LOAD ./Src/HAL/UDS/UDS_SECURITY_SERVICE.o
LOAD ./Src/MCAL/ADC/ADC.o
LOAD ./Src/MCAL/CAN/CAN.o
LOAD ./Src/MCAL/CAN/CAN_config.o
LOAD ./Src/MCAL/GPIO/GPIO.o
LOAD ./Src/MCAL/NVIC/NVIC.o
LOAD ./Src/MCAL/RCC/RCC.o
LOAD ./Src/MCAL/SCB/SCB.o
LOAD ./Src/MCAL/SPI/SPI_program.o
LOAD ./Src/MCAL/UART/USART.o
LOAD ./Src/MCAL/UART/USART_config.o
LOAD ./Src/OS/croutine.o
LOAD ./Src/OS/event_groups.o
LOAD ./Src/OS/heap_4.o
LOAD ./Src/OS/list.o
LOAD ./Src/OS/port.o
LOAD ./Src/OS/queue.o
LOAD ./Src/OS/stream_buffer.o
LOAD ./Src/OS/tasks.o
LOAD ./Src/OS/timers.o
LOAD ./Src/main.o
LOAD ./Src/screens.o
LOAD ./Src/syscalls.o
LOAD ./Src/sysmem.o
LOAD ./Startup/startup_stm32f103c8tx.o
START GROUP
LOAD C:/ST/STM32CubeIDE_1.13.2/STM32CubeIDE/plugins/com.st.stm32cube.ide.mcu.externaltools.gnu-tools-for-stm32.11.3.rel1.win32_1.1.1.202309131626/tools/bin/../lib/gcc/arm-none-eabi/11.3.1/../../../../arm-none-eabi/lib/thumb/v7-m/nofp\libc_nano.a
LOAD C:/ST/STM32CubeIDE_1.13.2/STM32CubeIDE/plugins/com.st.stm32cube.ide.mcu.externaltools.gnu-tools-for-stm32.11.3.rel1.win32_1.1.1.202309131626/tools/bin/../lib/gcc/arm-none-eabi/11.3.1/../../../../arm-none-eabi/lib/thumb/v7-m/nofp\libm.a
END GROUP
START GROUP
LOAD C:/ST/STM32CubeIDE_1.13.2/STM32CubeIDE/plugins/com.st.stm32cube.ide.mcu.externaltools.gnu-tools-for-stm32.11.3.rel1.win32_1.1.1.202309131626/tools/bin/../lib/gcc/arm-none-eabi/11.3.1/thumb/v7-m/nofp\libgcc.a
LOAD C:/ST/STM32CubeIDE_1.13.2/STM32CubeIDE/plugins/com.st.stm32cube.ide.mcu.externaltools.gnu-tools-for-stm32.11.3.rel1.win32_1.1.1.202309131626/tools/bin/../lib/gcc/arm-none-eabi/11.3.1/../../../../arm-none-eabi/lib/thumb/v7-m/nofp\libc_nano.a
END GROUP
START GROUP
LOAD C:/ST/STM32CubeIDE_1.13.2/STM32CubeIDE/plugins/com.st.stm32cube.ide.mcu.externaltools.gnu-tools-for-stm32.11.3.rel1.win32_1.1.1.202309131626/tools/bin/../lib/gcc/arm-none-eabi/11.3.1/thumb/v7-m/nofp\libgcc.a
LOAD C:/ST/STM32CubeIDE_1.13.2/STM32CubeIDE/plugins/com.st.stm32cube.ide.mcu.externaltools.gnu-tools-for-stm32.11.3.rel1.win32_1.1.1.202309131626/tools/bin/../lib/gcc/arm-none-eabi/11.3.1/../../../../arm-none-eabi/lib/thumb/v7-m/nofp\libc_nano.a
LOAD C:/ST/STM32CubeIDE_1.13.2/STM32CubeIDE/plugins/com.st.stm32cube.ide.mcu.externaltools.gnu-tools-for-stm32.11.3.rel1.win32_1.1.1.202309131626/tools/bin/../lib/gcc/arm-none-eabi/11.3.1/../../../../arm-none-eabi/lib/thumb/v7-m/nofp\libnosys.a
END GROUP
START GROUP
LOAD C:/ST/STM32CubeIDE_1.13.2/STM32CubeIDE/plugins/com.st.stm32cube.ide.mcu.externaltools.gnu-tools-for-stm32.11.3.rel1.win32_1.1.1.202309131626/tools/bin/../lib/gcc/arm-none-eabi/11.3.1/thumb/v7-m/nofp\libgcc.a
LOAD C:/ST/STM32CubeIDE_1.13.2/STM32CubeIDE/plugins/com.st.stm32cube.ide.mcu.externaltools.gnu-tools-for-stm32.11.3.rel1.win32_1.1.1.202309131626/tools/bin/../lib/gcc/arm-none-eabi/11.3.1/../../../../arm-none-eabi/lib/thumb/v7-m/nofp\libc_nano.a
LOAD C:/ST/STM32CubeIDE_1.13.2/STM32CubeIDE/plugins/com.st.stm32cube.ide.mcu.externaltools.gnu-tools-for-stm32.11.3.rel1.win32_1.1.1.202309131626/tools/bin/../lib/gcc/arm-none-eabi/11.3.1/../../../../arm-none-eabi/lib/thumb/v7-m/nofp\libnosys.a
END GROUP
LOAD C:/ST/STM32CubeIDE_1.13.2/STM32CubeIDE/plugins/com.st.stm32cube.ide.mcu.externaltools.gnu-tools-for-stm32.11.3.rel1.win32_1.1.1.202309131626/tools/bin/../lib/gcc/arm-none-eabi/11.3.1/thumb/v7-m/nofp/crtend.o
LOAD C:/ST/STM32CubeIDE_1.13.2/STM32CubeIDE/plugins/com.st.stm32cube.ide.mcu.externaltools.gnu-tools-for-stm32.11.3.rel1.win32_1.1.1.202309131626/tools/bin/../lib/gcc/arm-none-eabi/11.3.1/thumb/v7-m/nofp/crtn.o
                0x0000000020005000                _estack = (ORIGIN (RAM) + LENGTH (RAM))
                0x0000000000000200                _Min_Heap_Size = 0x200
                0x0000000000000400                _Min_Stack_Size = 0x400

.isr_vector     0x0000000008000000      0x130
                0x0000000008000000                . = ALIGN (0x4)
 *(.isr_vector)
 .isr_vector    0x0000000008000000      0x130 ./Startup/startup_stm32f103c8tx.o
                0x0000000008000000                g_pfnVectors
                0x0000000008000130                . = ALIGN (0x4)

.text           0x0000000008000130     0x5120
                0x0000000008000130                . = ALIGN (0x4)
 *(.text)
 .text          0x0000000008000130       0x40 C:/ST/STM32CubeIDE_1.13.2/STM32CubeIDE/plugins/com.st.stm32cube.ide.mcu.externaltools.gnu-tools-for-stm32.11.3.rel1.win32_1.1.1.202309131626/tools/bin/../lib/gcc/arm-none-eabi/11.3.1/thumb/v7-m/nofp/crtbegin.o
 .text          0x0000000008000170      0x378 C:/ST/STM32CubeIDE_1.13.2/STM32CubeIDE/plugins/com.st.stm32cube.ide.mcu.externaltools.gnu-tools-for-stm32.11.3.rel1.win32_1.1.1.202309131626/tools/bin/../lib/gcc/arm-none-eabi/11.3.1/thumb/v7-m/nofp\libgcc.a(_arm_addsubdf3.o)
                0x0000000008000170                __aeabi_drsub
                0x0000000008000178                __aeabi_dsub
                0x0000000008000178                __subdf3
                0x000000000800017c                __aeabi_dadd
                0x000000000800017c                __adddf3
                0x00000000080003f4                __floatunsidf
                0x00000000080003f4                __aeabi_ui2d
                0x0000000008000414                __floatsidf
                0x0000000008000414                __aeabi_i2d
                0x0000000008000438                __aeabi_f2d
                0x0000000008000438                __extendsfdf2
                0x000000000800047c                __floatundidf
                0x000000000800047c                __aeabi_ul2d
                0x000000000800048c                __floatdidf
                0x000000000800048c                __aeabi_l2d
 .text          0x00000000080004e8      0x424 C:/ST/STM32CubeIDE_1.13.2/STM32CubeIDE/plugins/com.st.stm32cube.ide.mcu.externaltools.gnu-tools-for-stm32.11.3.rel1.win32_1.1.1.202309131626/tools/bin/../lib/gcc/arm-none-eabi/11.3.1/thumb/v7-m/nofp\libgcc.a(_arm_muldivdf3.o)
                0x00000000080004e8                __aeabi_dmul
                0x00000000080004e8                __muldf3
                0x000000000800073c                __divdf3
                0x000000000800073c                __aeabi_ddiv
 .text          0x000000000800090c      0x21c C:/ST/STM32CubeIDE_1.13.2/STM32CubeIDE/plugins/com.st.stm32cube.ide.mcu.externaltools.gnu-tools-for-stm32.11.3.rel1.win32_1.1.1.202309131626/tools/bin/../lib/gcc/arm-none-eabi/11.3.1/thumb/v7-m/nofp\libgcc.a(_arm_addsubsf3.o)
                0x000000000800090c                __aeabi_frsub
                0x0000000008000914                __subsf3
                0x0000000008000914                __aeabi_fsub
                0x0000000008000918                __aeabi_fadd
                0x0000000008000918                __addsf3
                0x0000000008000a78                __aeabi_ui2f
                0x0000000008000a78                __floatunsisf
                0x0000000008000a80                __aeabi_i2f
                0x0000000008000a80                __floatsisf
                0x0000000008000a9c                __aeabi_ul2f
                0x0000000008000a9c                __floatundisf
                0x0000000008000aac                __aeabi_l2f
                0x0000000008000aac                __floatdisf
 .text          0x0000000008000b28      0x2a0 C:/ST/STM32CubeIDE_1.13.2/STM32CubeIDE/plugins/com.st.stm32cube.ide.mcu.externaltools.gnu-tools-for-stm32.11.3.rel1.win32_1.1.1.202309131626/tools/bin/../lib/gcc/arm-none-eabi/11.3.1/thumb/v7-m/nofp\libgcc.a(_arm_muldivsf3.o)
                0x0000000008000b28                __mulsf3
                0x0000000008000b28                __aeabi_fmul
                0x0000000008000c90                __aeabi_fdiv
                0x0000000008000c90                __divsf3
 .text          0x0000000008000dc8       0x3c C:/ST/STM32CubeIDE_1.13.2/STM32CubeIDE/plugins/com.st.stm32cube.ide.mcu.externaltools.gnu-tools-for-stm32.11.3.rel1.win32_1.1.1.202309131626/tools/bin/../lib/gcc/arm-none-eabi/11.3.1/thumb/v7-m/nofp\libgcc.a(_fixunsdfdi.o)
                0x0000000008000dc8                __fixunsdfdi
                0x0000000008000dc8                __aeabi_d2ulz
 .text          0x0000000008000e04       0x40 C:/ST/STM32CubeIDE_1.13.2/STM32CubeIDE/plugins/com.st.stm32cube.ide.mcu.externaltools.gnu-tools-for-stm32.11.3.rel1.win32_1.1.1.202309131626/tools/bin/../lib/gcc/arm-none-eabi/11.3.1/thumb/v7-m/nofp\libgcc.a(_arm_fixunsdfsi.o)
                0x0000000008000e04                __aeabi_d2uiz
                0x0000000008000e04                __fixunsdfsi
 *(.text*)
 .text.KEYPAD_voidInit
                0x0000000008000e44       0x92 ./Src/HAL/KEYPAD/KEYPAD.o
                0x0000000008000e44                KEYPAD_voidInit
 .text.KEYPAD_WritrPins
                0x0000000008000ed6       0x66 ./Src/HAL/KEYPAD/KEYPAD.o
                0x0000000008000ed6                KEYPAD_WritrPins
 .text.KEYPAD_ReadPins
                0x0000000008000f3c       0x94 ./Src/HAL/KEYPAD/KEYPAD.o
                0x0000000008000f3c                KEYPAD_ReadPins
 .text.KEYPAD_FindKey
                0x0000000008000fd0      0x12c ./Src/HAL/KEYPAD/KEYPAD.o
                0x0000000008000fd0                KEYPAD_FindKey
 .text.HTFT_voidInitialize
                0x00000000080010fc       0x7c ./Src/HAL/TFT/TFT_program.o
                0x00000000080010fc                HTFT_voidInitialize
 .text.TFT_SPI_CONFIG
                0x0000000008001178       0x58 ./Src/HAL/TFT/TFT_program.o
                0x0000000008001178                TFT_SPI_CONFIG
 .text.HTFT_voidFillColor
                0x00000000080011d0       0x86 ./Src/HAL/TFT/TFT_program.o
                0x00000000080011d0                HTFT_voidFillColor
 .text.HTFT_voidDrawRect
                0x0000000008001256       0xb8 ./Src/HAL/TFT/TFT_program.o
                0x0000000008001256                HTFT_voidDrawRect
 .text.voidWriteCommand
                0x000000000800130e       0x2a ./Src/HAL/TFT/TFT_program.o
                0x000000000800130e                voidWriteCommand
 .text.voidWriteData
                0x0000000008001338       0x2a ./Src/HAL/TFT/TFT_program.o
                0x0000000008001338                voidWriteData
 .text.ST7735_SetAddressWindow
                0x0000000008001362       0x70 ./Src/HAL/TFT/TFT_program.o
                0x0000000008001362                ST7735_SetAddressWindow
 .text.ST7735_WriteChar
                0x00000000080013d2      0x11a ./Src/HAL/TFT/TFT_program.o
                0x00000000080013d2                ST7735_WriteChar
 .text.ST7735_WriteString
                0x00000000080014ec       0x9c ./Src/HAL/TFT/TFT_program.o
                0x00000000080014ec                ST7735_WriteString
 .text.drawPixel
                0x0000000008001588       0x88 ./Src/HAL/TFT/TFT_program.o
                0x0000000008001588                drawPixel
 .text.writePixel
                0x0000000008001610       0x26 ./Src/HAL/TFT/TFT_program.o
                0x0000000008001610                writePixel
 .text.writeLine
                0x0000000008001636       0xf4 ./Src/HAL/TFT/TFT_program.o
                0x0000000008001636                writeLine
 .text.drawFastVLine
                0x000000000800172a       0x42 ./Src/HAL/TFT/TFT_program.o
                0x000000000800172a                drawFastVLine
 .text.drawFastHLine
                0x000000000800176c       0x42 ./Src/HAL/TFT/TFT_program.o
                0x000000000800176c                drawFastHLine
 .text.drawRect
                0x00000000080017ae       0x6a ./Src/HAL/TFT/TFT_program.o
                0x00000000080017ae                drawRect
 .text.ST7735_SetRotation
                0x0000000008001818       0xf4 ./Src/HAL/TFT/TFT_program.o
                0x0000000008001818                ST7735_SetRotation
 .text.UDS_VoidInit
                0x000000000800190c       0x30 ./Src/HAL/UDS/UDS.o
                0x000000000800190c                UDS_VoidInit
 .text.UDS_Request
                0x000000000800193c       0x54 ./Src/HAL/UDS/UDS.o
                0x000000000800193c                UDS_Request
 .text.UDS_voidSetCallBack
                0x0000000008001990       0x18 ./Src/HAL/UDS/UDS.o
                0x0000000008001990                UDS_voidSetCallBack
 .text.custom_hash_function
                0x00000000080019a8       0x42 ./Src/HAL/UDS/UDS_SECURITY_SERVICE.o
                0x00000000080019a8                custom_hash_function
 *fill*         0x00000000080019ea        0x2 
 .text.Can_enuInit
                0x00000000080019ec      0x168 ./Src/MCAL/CAN/CAN.o
                0x00000000080019ec                Can_enuInit
 .text.Can_enuTransmitMessage_MustSend
                0x0000000008001b54      0x1dc ./Src/MCAL/CAN/CAN.o
                0x0000000008001b54                Can_enuTransmitMessage_MustSend
 .text.Can_enuEnableRxInterruptFifox
                0x0000000008001d30       0x44 ./Src/MCAL/CAN/CAN.o
                0x0000000008001d30                Can_enuEnableRxInterruptFifox
 .text.Can_enuSetCallbackRxFunctionFifox
                0x0000000008001d74       0x38 ./Src/MCAL/CAN/CAN.o
                0x0000000008001d74                Can_enuSetCallbackRxFunctionFifox
 .text.enuFiltersInit
                0x0000000008001dac      0x158 ./Src/MCAL/CAN/CAN.o
 .text.USB_LP_CAN_RX0_IRQHandler
                0x0000000008001f04       0xa4 ./Src/MCAL/CAN/CAN.o
                0x0000000008001f04                USB_LP_CAN_RX0_IRQHandler
 .text.GPIO_PIN_INIT
                0x0000000008001fa8      0x178 ./Src/MCAL/GPIO/GPIO.o
                0x0000000008001fa8                GPIO_PIN_INIT
 .text.GPIO_set_PIN_value
                0x0000000008002120       0x7c ./Src/MCAL/GPIO/GPIO.o
                0x0000000008002120                GPIO_set_PIN_value
 .text.GPIO_get_PIN_value
                0x000000000800219c       0x58 ./Src/MCAL/GPIO/GPIO.o
                0x000000000800219c                GPIO_get_PIN_value
 .text.GPIO_Port_Enable_clock
                0x00000000080021f4       0x34 ./Src/MCAL/GPIO/GPIO.o
                0x00000000080021f4                GPIO_Port_Enable_clock
 .text.Nvic_enuEnableInterrupt
                0x0000000008002228       0x4c ./Src/MCAL/NVIC/NVIC.o
                0x0000000008002228                Nvic_enuEnableInterrupt
 .text.Rcc_enuSelectSysCLk
                0x0000000008002274      0x1a4 ./Src/MCAL/RCC/RCC.o
                0x0000000008002274                Rcc_enuSelectSysCLk
 .text.Rcc_enuControlCLk
                0x0000000008002418       0xb0 ./Src/MCAL/RCC/RCC.o
                0x0000000008002418                Rcc_enuControlCLk
 .text.Rcc_enuControl_APB1_Peripheral
                0x00000000080024c8       0xa0 ./Src/MCAL/RCC/RCC.o
                0x00000000080024c8                Rcc_enuControl_APB1_Peripheral
 .text.Rcc_enuControl_APB2_Peripheral
                0x0000000008002568       0xa0 ./Src/MCAL/RCC/RCC.o
                0x0000000008002568                Rcc_enuControl_APB2_Peripheral
 .text.MSPI1_voidInit
                0x0000000008002608       0x18 ./Src/MCAL/SPI/SPI_program.o
                0x0000000008002608                MSPI1_voidInit
 .text.MSPI1_voidSendReceiveSynch
                0x0000000008002620       0x4c ./Src/MCAL/SPI/SPI_program.o
                0x0000000008002620                MSPI1_voidSendReceiveSynch
 *fill*         0x000000000800266c        0x4 
 .text.Usart_enuSetBaudrate
                0x0000000008002670      0x2bc ./Src/MCAL/UART/USART.o
 .text.Usart_enuEnableRccClock
                0x000000000800292c       0x5a ./Src/MCAL/UART/USART.o
 *fill*         0x0000000008002986        0x2 
 .text.Usart_enuInit
                0x0000000008002988      0x23c ./Src/MCAL/UART/USART.o
                0x0000000008002988                Usart_enuInit
 .text.Usart_enuTransmitCharBlocking
                0x0000000008002bc4       0x58 ./Src/MCAL/UART/USART.o
                0x0000000008002bc4                Usart_enuTransmitCharBlocking
 .text.Usart_enuTransmitStringBlocking
                0x0000000008002c1c       0x6c ./Src/MCAL/UART/USART.o
                0x0000000008002c1c                Usart_enuTransmitStringBlocking
 .text.Usart_enuEnableRxInterrupt
                0x0000000008002c88       0x48 ./Src/MCAL/UART/USART.o
                0x0000000008002c88                Usart_enuEnableRxInterrupt
 .text.Usart_enuSetCallbackRxFunction
                0x0000000008002cd0       0x40 ./Src/MCAL/UART/USART.o
                0x0000000008002cd0                Usart_enuSetCallbackRxFunction
 .text.USART1_IRQHandler
                0x0000000008002d10       0x94 ./Src/MCAL/UART/USART.o
                0x0000000008002d10                USART1_IRQHandler
 .text.pvPortMalloc
                0x0000000008002da4      0x15c ./Src/OS/heap_4.o
                0x0000000008002da4                pvPortMalloc
 .text.vPortFree
                0x0000000008002f00       0x80 ./Src/OS/heap_4.o
                0x0000000008002f00                vPortFree
 .text.prvHeapInit
                0x0000000008002f80       0xc4 ./Src/OS/heap_4.o
 .text.prvInsertBlockIntoFreeList
                0x0000000008003044       0xb0 ./Src/OS/heap_4.o
 .text.vListInitialise
                0x00000000080030f4       0x3e ./Src/OS/list.o
                0x00000000080030f4                vListInitialise
 .text.vListInitialiseItem
                0x0000000008003132       0x18 ./Src/OS/list.o
                0x0000000008003132                vListInitialiseItem
 .text.vListInsert
                0x000000000800314a       0x70 ./Src/OS/list.o
                0x000000000800314a                vListInsert
 .text.uxListRemove
                0x00000000080031ba       0x52 ./Src/OS/list.o
                0x00000000080031ba                uxListRemove
 .text.pxPortInitialiseStack
                0x000000000800320c       0x58 ./Src/OS/port.o
                0x000000000800320c                pxPortInitialiseStack
 .text.prvTaskExitError
                0x0000000008003264       0x32 ./Src/OS/port.o
 *fill*         0x0000000008003296        0xa 
 .text.SVC_Handler
                0x00000000080032a0       0x28 ./Src/OS/port.o
                0x00000000080032a0                SVC_Handler
 .text.prvPortStartFirstTask
                0x00000000080032c8       0x24 ./Src/OS/port.o
 .text.xPortStartScheduler
                0x00000000080032ec       0x40 ./Src/OS/port.o
                0x00000000080032ec                xPortStartScheduler
 .text.vPortEnterCritical
                0x000000000800332c       0x34 ./Src/OS/port.o
                0x000000000800332c                vPortEnterCritical
 .text.vPortExitCritical
                0x0000000008003360       0x34 ./Src/OS/port.o
                0x0000000008003360                vPortExitCritical
 *fill*         0x0000000008003394        0xc 
 .text.PendSV_Handler
                0x00000000080033a0       0x48 ./Src/OS/port.o
                0x00000000080033a0                PendSV_Handler
 .text.SysTick_Handler
                0x00000000080033e8       0x44 ./Src/OS/port.o
                0x00000000080033e8                SysTick_Handler
 .text.vPortSetupTimerInterrupt
                0x000000000800342c       0x34 ./Src/OS/port.o
                0x000000000800342c                vPortSetupTimerInterrupt
 .text.xTaskCreate
                0x0000000008003460       0x82 ./Src/OS/tasks.o
                0x0000000008003460                xTaskCreate
 .text.prvInitialiseNewTask
                0x00000000080034e2       0xf0 ./Src/OS/tasks.o
 *fill*         0x00000000080035d2        0x2 
 .text.prvAddNewTaskToReadyList
                0x00000000080035d4      0x124 ./Src/OS/tasks.o
 .text.vTaskDelay
                0x00000000080036f8       0x48 ./Src/OS/tasks.o
                0x00000000080036f8                vTaskDelay
 .text.vTaskStartScheduler
                0x0000000008003740       0x78 ./Src/OS/tasks.o
                0x0000000008003740                vTaskStartScheduler
 .text.vTaskSuspendAll
                0x00000000080037b8       0x1c ./Src/OS/tasks.o
                0x00000000080037b8                vTaskSuspendAll
 .text.xTaskResumeAll
                0x00000000080037d4      0x1d8 ./Src/OS/tasks.o
                0x00000000080037d4                xTaskResumeAll
 .text.xTaskIncrementTick
                0x00000000080039ac      0x20c ./Src/OS/tasks.o
                0x00000000080039ac                xTaskIncrementTick
 .text.vTaskSwitchContext
                0x0000000008003bb8       0x8c ./Src/OS/tasks.o
                0x0000000008003bb8                vTaskSwitchContext
 .text.prvIdleTask
                0x0000000008003c44       0x30 ./Src/OS/tasks.o
 .text.prvInitialiseTaskLists
                0x0000000008003c74       0x80 ./Src/OS/tasks.o
 .text.prvCheckTasksWaitingTermination
                0x0000000008003cf4       0x5c ./Src/OS/tasks.o
 .text.prvDeleteTCB
                0x0000000008003d50       0x20 ./Src/OS/tasks.o
 .text.prvResetNextTaskUnblockTime
                0x0000000008003d70       0x34 ./Src/OS/tasks.o
 .text.prvAddCurrentTaskToDelayedList
                0x0000000008003da4      0x100 ./Src/OS/tasks.o
 .text.main     0x0000000008003ea4       0x12 ./Src/main.o
                0x0000000008003ea4                main
 *fill*         0x0000000008003eb6        0x2 
 .text.Tool_Init
                0x0000000008003eb8       0xb0 ./Src/main.o
                0x0000000008003eb8                Tool_Init
 .text.Tool_Control_Task
                0x0000000008003f68       0x58 ./Src/main.o
                0x0000000008003f68                Tool_Control_Task
 .text.Tool_Start_Window
                0x0000000008003fc0       0xf4 ./Src/main.o
                0x0000000008003fc0                Tool_Start_Window
 .text.Tool_Security_level_Window
                0x00000000080040b4       0xe8 ./Src/main.o
                0x00000000080040b4                Tool_Security_level_Window
 .text.Tool_Car_Options_Window
                0x000000000800419c      0x110 ./Src/main.o
                0x000000000800419c                Tool_Car_Options_Window
 .text.Tool_UDS_Send_Req
                0x00000000080042ac      0x174 ./Src/main.o
                0x00000000080042ac                Tool_UDS_Send_Req
 .text.Tool_Communication_Check
                0x0000000008004420       0x64 ./Src/main.o
                0x0000000008004420                Tool_Communication_Check
 .text.Tool_Error_Messages
                0x0000000008004484      0x104 ./Src/main.o
                0x0000000008004484                Tool_Error_Messages
 .text.Tool_Display_Response
                0x0000000008004588      0x1f0 ./Src/main.o
                0x0000000008004588                Tool_Display_Response
 .text.Tool_Keypad_Read
                0x0000000008004778      0x180 ./Src/main.o
                0x0000000008004778                Tool_Keypad_Read
 .text.UDS_Isr_CallBack
                0x00000000080048f8       0x98 ./Src/main.o
                0x00000000080048f8                UDS_Isr_CallBack
 .text.Usart_Isr
                0x0000000008004990       0x2c ./Src/main.o
                0x0000000008004990                Usart_Isr
 .text.SCREEN_securityLevel1POS
                0x00000000080049bc      0x214 ./Src/screens.o
                0x00000000080049bc                SCREEN_securityLevel1POS
 .text.SCREEN_securityLevel1NEG
                0x0000000008004bd0      0x244 ./Src/screens.o
                0x0000000008004bd0                SCREEN_securityLevel1NEG
 .text.SCREEN_Temp
                0x0000000008004e14      0x1e8 ./Src/screens.o
                0x0000000008004e14                SCREEN_Temp
 .text.SCREEN_Mirror
                0x0000000008004ffc      0x190 ./Src/screens.o
                0x0000000008004ffc                SCREEN_Mirror
 .text.Reset_Handler
                0x000000000800518c       0x50 ./Startup/startup_stm32f103c8tx.o
                0x000000000800518c                Reset_Handler
 .text.Default_Handler
                0x00000000080051dc        0x2 ./Startup/startup_stm32f103c8tx.o
                0x00000000080051dc                EXTI2_IRQHandler
                0x00000000080051dc                TIM8_TRG_COM_IRQHandler
                0x00000000080051dc                TIM8_CC_IRQHandler
                0x00000000080051dc                DebugMon_Handler
                0x00000000080051dc                TIM1_CC_IRQHandler
                0x00000000080051dc                HardFault_Handler
                0x00000000080051dc                TIM6_IRQHandler
                0x00000000080051dc                PVD_IRQHandler
                0x00000000080051dc                SDIO_IRQHandler
                0x00000000080051dc                NMI_Handler
                0x00000000080051dc                EXTI3_IRQHandler
                0x00000000080051dc                USB_HP_CAN_TX_IRQHandler
                0x00000000080051dc                EXTI0_IRQHandler
                0x00000000080051dc                I2C2_EV_IRQHandler
                0x00000000080051dc                UsageFault_Handler
                0x00000000080051dc                ADC1_2_IRQHandler
                0x00000000080051dc                SPI1_IRQHandler
                0x00000000080051dc                CAN_SCE_IRQHandler
                0x00000000080051dc                TAMPER_IRQHandler
                0x00000000080051dc                TIM8_UP_IRQHandler
                0x00000000080051dc                DMA2_Channel2_IRQHandler
                0x00000000080051dc                DMA1_Channel4_IRQHandler
                0x00000000080051dc                USART3_IRQHandler
                0x00000000080051dc                RTC_IRQHandler
                0x00000000080051dc                DMA1_Channel7_IRQHandler
                0x00000000080051dc                UART5_IRQHandler
                0x00000000080051dc                ADC3_IRQHandler
                0x00000000080051dc                TIM4_IRQHandler
                0x00000000080051dc                CAN_RX1_IRQHandler
                0x00000000080051dc                DMA2_Channel1_IRQHandler
                0x00000000080051dc                I2C1_EV_IRQHandler
                0x00000000080051dc                DMA1_Channel6_IRQHandler
                0x00000000080051dc                UART4_IRQHandler
                0x00000000080051dc                TIM3_IRQHandler
                0x00000000080051dc                RCC_IRQHandler
                0x00000000080051dc                TIM1_TRG_COM_IRQHandler
                0x00000000080051dc                DMA1_Channel1_IRQHandler
                0x00000000080051dc                Default_Handler
                0x00000000080051dc                EXTI15_10_IRQHandler
                0x00000000080051dc                TIM7_IRQHandler
                0x00000000080051dc                TIM5_IRQHandler
                0x00000000080051dc                EXTI9_5_IRQHandler
                0x00000000080051dc                SPI2_IRQHandler
                0x00000000080051dc                MemManage_Handler
                0x00000000080051dc                DMA1_Channel5_IRQHandler
                0x00000000080051dc                EXTI4_IRQHandler
                0x00000000080051dc                DMA1_Channel3_IRQHandler
                0x00000000080051dc                FSMC_IRQHandler
                0x00000000080051dc                TIM1_UP_IRQHandler
                0x00000000080051dc                WWDG_IRQHandler
                0x00000000080051dc                TIM2_IRQHandler
                0x00000000080051dc                TIM1_BRK_IRQHandler
                0x00000000080051dc                EXTI1_IRQHandler
                0x00000000080051dc                RTCAlarm_IRQHandler
                0x00000000080051dc                DMA2_Channel4_5_IRQHandler
                0x00000000080051dc                USART2_IRQHandler
                0x00000000080051dc                I2C2_ER_IRQHandler
                0x00000000080051dc                DMA1_Channel2_IRQHandler
                0x00000000080051dc                TIM8_BRK_IRQHandler
                0x00000000080051dc                FLASH_IRQHandler
                0x00000000080051dc                BusFault_Handler
                0x00000000080051dc                SPI3_IRQHandler
                0x00000000080051dc                I2C1_ER_IRQHandler
                0x00000000080051dc                DMA2_Channel3_IRQHandler
 .text.memset   0x00000000080051de       0x10 C:/ST/STM32CubeIDE_1.13.2/STM32CubeIDE/plugins/com.st.stm32cube.ide.mcu.externaltools.gnu-tools-for-stm32.11.3.rel1.win32_1.1.1.202309131626/tools/bin/../lib/gcc/arm-none-eabi/11.3.1/../../../../arm-none-eabi/lib/thumb/v7-m/nofp\libc_nano.a(libc_a-memset.o)
                0x00000000080051de                memset
 *fill*         0x00000000080051ee        0x2 
 .text.__libc_init_array
                0x00000000080051f0       0x48 C:/ST/STM32CubeIDE_1.13.2/STM32CubeIDE/plugins/com.st.stm32cube.ide.mcu.externaltools.gnu-tools-for-stm32.11.3.rel1.win32_1.1.1.202309131626/tools/bin/../lib/gcc/arm-none-eabi/11.3.1/../../../../arm-none-eabi/lib/thumb/v7-m/nofp\libc_nano.a(libc_a-init.o)
                0x00000000080051f0                __libc_init_array
 *(.glue_7)
 .glue_7        0x0000000008005238        0x0 linker stubs
 *(.glue_7t)
 .glue_7t       0x0000000008005238        0x0 linker stubs
 *(.eh_frame)
 .eh_frame      0x0000000008005238        0x0 C:/ST/STM32CubeIDE_1.13.2/STM32CubeIDE/plugins/com.st.stm32cube.ide.mcu.externaltools.gnu-tools-for-stm32.11.3.rel1.win32_1.1.1.202309131626/tools/bin/../lib/gcc/arm-none-eabi/11.3.1/thumb/v7-m/nofp/crtbegin.o
 *(.init)
 .init          0x0000000008005238        0x4 C:/ST/STM32CubeIDE_1.13.2/STM32CubeIDE/plugins/com.st.stm32cube.ide.mcu.externaltools.gnu-tools-for-stm32.11.3.rel1.win32_1.1.1.202309131626/tools/bin/../lib/gcc/arm-none-eabi/11.3.1/thumb/v7-m/nofp/crti.o
                0x0000000008005238                _init
 .init          0x000000000800523c        0x8 C:/ST/STM32CubeIDE_1.13.2/STM32CubeIDE/plugins/com.st.stm32cube.ide.mcu.externaltools.gnu-tools-for-stm32.11.3.rel1.win32_1.1.1.202309131626/tools/bin/../lib/gcc/arm-none-eabi/11.3.1/thumb/v7-m/nofp/crtn.o
 *(.fini)
 .fini          0x0000000008005244        0x4 C:/ST/STM32CubeIDE_1.13.2/STM32CubeIDE/plugins/com.st.stm32cube.ide.mcu.externaltools.gnu-tools-for-stm32.11.3.rel1.win32_1.1.1.202309131626/tools/bin/../lib/gcc/arm-none-eabi/11.3.1/thumb/v7-m/nofp/crti.o
                0x0000000008005244                _fini
 .fini          0x0000000008005248        0x8 C:/ST/STM32CubeIDE_1.13.2/STM32CubeIDE/plugins/com.st.stm32cube.ide.mcu.externaltools.gnu-tools-for-stm32.11.3.rel1.win32_1.1.1.202309131626/tools/bin/../lib/gcc/arm-none-eabi/11.3.1/thumb/v7-m/nofp/crtn.o
                0x0000000008005250                . = ALIGN (0x4)
                0x0000000008005250                _etext = .

.vfp11_veneer   0x0000000008005250        0x0
 .vfp11_veneer  0x0000000008005250        0x0 linker stubs

.v4_bx          0x0000000008005250        0x0
 .v4_bx         0x0000000008005250        0x0 linker stubs

.iplt           0x0000000008005250        0x0
 .iplt          0x0000000008005250        0x0 C:/ST/STM32CubeIDE_1.13.2/STM32CubeIDE/plugins/com.st.stm32cube.ide.mcu.externaltools.gnu-tools-for-stm32.11.3.rel1.win32_1.1.1.202309131626/tools/bin/../lib/gcc/arm-none-eabi/11.3.1/thumb/v7-m/nofp/crtbegin.o

.rodata         0x0000000008005250     0x2fc0
                0x0000000008005250                . = ALIGN (0x4)
 *(.rodata)
 .rodata        0x0000000008005250       0x18 ./Src/HAL/UDS/UDS.o
 .rodata        0x0000000008005268        0x5 ./Src/OS/tasks.o
 *fill*         0x000000000800526d        0x3 
 .rodata        0x0000000008005270      0x2f4 ./Src/main.o
 .rodata        0x0000000008005564      0x47c ./Src/screens.o
 *(.rodata*)
 .rodata.Font7x10
                0x00000000080059e0      0x76c ./Src/HAL/TFT/fonts.o
 .rodata.Font11x18
                0x000000000800614c      0xd5c ./Src/HAL/TFT/fonts.o
 .rodata.Font16x26
                0x0000000008006ea8     0x134c ./Src/HAL/TFT/fonts.o
 .rodata.portARR
                0x00000000080081f4       0x1c ./Src/MCAL/GPIO/GPIO.o
                0x0000000008008210                . = ALIGN (0x4)

.rel.dyn        0x0000000008008210        0x0
 .rel.iplt      0x0000000008008210        0x0 C:/ST/STM32CubeIDE_1.13.2/STM32CubeIDE/plugins/com.st.stm32cube.ide.mcu.externaltools.gnu-tools-for-stm32.11.3.rel1.win32_1.1.1.202309131626/tools/bin/../lib/gcc/arm-none-eabi/11.3.1/thumb/v7-m/nofp/crtbegin.o

.ARM.extab      0x0000000008008210        0x0
                0x0000000008008210                . = ALIGN (0x4)
 *(.ARM.extab* .gnu.linkonce.armextab.*)
                0x0000000008008210                . = ALIGN (0x4)

.ARM            0x0000000008008210        0x0
                0x0000000008008210                . = ALIGN (0x4)
                0x0000000008008210                __exidx_start = .
 *(.ARM.exidx*)
                0x0000000008008210                __exidx_end = .
                0x0000000008008210                . = ALIGN (0x4)

.preinit_array  0x0000000008008210        0x0
                0x0000000008008210                . = ALIGN (0x4)
                0x0000000008008210                PROVIDE (__preinit_array_start = .)
 *(.preinit_array*)
                0x0000000008008210                PROVIDE (__preinit_array_end = .)
                0x0000000008008210                . = ALIGN (0x4)

.init_array     0x0000000008008210        0x4
                0x0000000008008210                . = ALIGN (0x4)
                0x0000000008008210                PROVIDE (__init_array_start = .)
 *(SORT_BY_NAME(.init_array.*))
 *(.init_array*)
 .init_array    0x0000000008008210        0x4 C:/ST/STM32CubeIDE_1.13.2/STM32CubeIDE/plugins/com.st.stm32cube.ide.mcu.externaltools.gnu-tools-for-stm32.11.3.rel1.win32_1.1.1.202309131626/tools/bin/../lib/gcc/arm-none-eabi/11.3.1/thumb/v7-m/nofp/crtbegin.o
                0x0000000008008214                PROVIDE (__init_array_end = .)
                0x0000000008008214                . = ALIGN (0x4)

.fini_array     0x0000000008008214        0x4
                0x0000000008008214                . = ALIGN (0x4)
                [!provide]                        PROVIDE (__fini_array_start = .)
 *(SORT_BY_NAME(.fini_array.*))
 *(.fini_array*)
 .fini_array    0x0000000008008214        0x4 C:/ST/STM32CubeIDE_1.13.2/STM32CubeIDE/plugins/com.st.stm32cube.ide.mcu.externaltools.gnu-tools-for-stm32.11.3.rel1.win32_1.1.1.202309131626/tools/bin/../lib/gcc/arm-none-eabi/11.3.1/thumb/v7-m/nofp/crtbegin.o
                [!provide]                        PROVIDE (__fini_array_end = .)
                0x0000000008008218                . = ALIGN (0x4)
                0x0000000008008218                _sidata = LOADADDR (.data)

.data           0x0000000020000000       0x84 load address 0x0000000008008218
                0x0000000020000000                . = ALIGN (0x4)
                0x0000000020000000                _sdata = .
 *(.data)
 *(.data*)
 .data.KEYPAD_SYMBOL
                0x0000000020000000       0x10 ./Src/HAL/KEYPAD/KEYPAD.o
 .data._width   0x0000000020000010        0x2 ./Src/HAL/TFT/TFT_program.o
                0x0000000020000010                _width
 .data._height  0x0000000020000012        0x2 ./Src/HAL/TFT/TFT_program.o
                0x0000000020000012                _height
 .data.Font_7x10
                0x0000000020000014        0x8 ./Src/HAL/TFT/fonts.o
                0x0000000020000014                Font_7x10
 .data.Font_11x18
                0x000000002000001c        0x8 ./Src/HAL/TFT/fonts.o
                0x000000002000001c                Font_11x18
 .data.Font_16x26
                0x0000000020000024        0x8 ./Src/HAL/TFT/fonts.o
                0x0000000020000024                Font_16x26
 .data.GlobalStatic_NvicIsrEnableArr
                0x000000002000002c       0x20 ./Src/MCAL/NVIC/NVIC.o
 .data.STM_SYS_FREQ
                0x000000002000004c        0x4 ./Src/MCAL/RCC/RCC.o
                0x000000002000004c                STM_SYS_FREQ
 .data.uartArr  0x0000000020000050        0xc ./Src/MCAL/UART/USART.o
 *fill*         0x000000002000005c        0x4 
 .data.Usart1   0x0000000020000060       0x18 ./Src/MCAL/UART/USART_config.o
                0x0000000020000060                Usart1
 .data.uxCriticalNesting
                0x0000000020000078        0x4 ./Src/OS/port.o
 .data.uxTopUsedPriority
                0x000000002000007c        0x4 ./Src/OS/tasks.o
                0x000000002000007c                uxTopUsedPriority
 .data.entered_key
                0x0000000020000080        0x1 ./Src/main.o
                0x0000000020000080                entered_key
 .data.Communication_State
                0x0000000020000081        0x1 ./Src/main.o
                0x0000000020000081                Communication_State
 *(.RamFunc)
 *(.RamFunc*)
                0x0000000020000084                . = ALIGN (0x4)
 *fill*         0x0000000020000082        0x2 
                0x0000000020000084                _edata = .

.igot.plt       0x0000000020000084        0x0 load address 0x000000000800829c
 .igot.plt      0x0000000020000084        0x0 C:/ST/STM32CubeIDE_1.13.2/STM32CubeIDE/plugins/com.st.stm32cube.ide.mcu.externaltools.gnu-tools-for-stm32.11.3.rel1.win32_1.1.1.202309131626/tools/bin/../lib/gcc/arm-none-eabi/11.3.1/thumb/v7-m/nofp/crtbegin.o
                0x0000000020000084                . = ALIGN (0x4)

.bss            0x0000000020000084     0x2194 load address 0x000000000800829c
                0x0000000020000084                _sbss = .
                0x0000000020000084                __bss_start__ = _sbss
 *(.bss)
 .bss           0x0000000020000084       0x1c C:/ST/STM32CubeIDE_1.13.2/STM32CubeIDE/plugins/com.st.stm32cube.ide.mcu.externaltools.gnu-tools-for-stm32.11.3.rel1.win32_1.1.1.202309131626/tools/bin/../lib/gcc/arm-none-eabi/11.3.1/thumb/v7-m/nofp/crtbegin.o
 *(.bss*)
 .bss.rotation  0x00000000200000a0        0x1 ./Src/HAL/TFT/TFT_program.o
                0x00000000200000a0                rotation
 .bss._colstart
                0x00000000200000a1        0x1 ./Src/HAL/TFT/TFT_program.o
                0x00000000200000a1                _colstart
 .bss._rowstart
                0x00000000200000a2        0x1 ./Src/HAL/TFT/TFT_program.o
                0x00000000200000a2                _rowstart
 .bss._xstart   0x00000000200000a3        0x1 ./Src/HAL/TFT/TFT_program.o
                0x00000000200000a3                _xstart
 .bss._ystart   0x00000000200000a4        0x1 ./Src/HAL/TFT/TFT_program.o
                0x00000000200000a4                _ystart
 *fill*         0x00000000200000a5        0x3 
 .bss.Can_RxInterruptHandler
                0x00000000200000a8        0x8 ./Src/MCAL/CAN/CAN.o
 .bss.PLL_OUTPUT
                0x00000000200000b0        0x4 ./Src/MCAL/RCC/RCC.o
                0x00000000200000b0                PLL_OUTPUT
 .bss.Usart_RxInterruptHandler
                0x00000000200000b4        0xc ./Src/MCAL/UART/USART.o
 .bss.Usart_TxCompleteInterruptHandler
                0x00000000200000c0        0xc ./Src/MCAL/UART/USART.o
 .bss.ucHeap    0x00000000200000cc     0x2000 ./Src/OS/heap_4.o
 .bss.xStart    0x00000000200020cc        0x8 ./Src/OS/heap_4.o
 .bss.pxEnd     0x00000000200020d4        0x4 ./Src/OS/heap_4.o
 .bss.xFreeBytesRemaining
                0x00000000200020d8        0x4 ./Src/OS/heap_4.o
 .bss.xMinimumEverFreeBytesRemaining
                0x00000000200020dc        0x4 ./Src/OS/heap_4.o
 .bss.xNumberOfSuccessfulAllocations
                0x00000000200020e0        0x4 ./Src/OS/heap_4.o
 .bss.xNumberOfSuccessfulFrees
                0x00000000200020e4        0x4 ./Src/OS/heap_4.o
 .bss.xBlockAllocatedBit
                0x00000000200020e8        0x4 ./Src/OS/heap_4.o
 .bss.pxCurrentTCB
                0x00000000200020ec        0x4 ./Src/OS/tasks.o
                0x00000000200020ec                pxCurrentTCB
 .bss.pxReadyTasksLists
                0x00000000200020f0       0x64 ./Src/OS/tasks.o
 .bss.xDelayedTaskList1
                0x0000000020002154       0x14 ./Src/OS/tasks.o
 .bss.xDelayedTaskList2
                0x0000000020002168       0x14 ./Src/OS/tasks.o
 .bss.pxDelayedTaskList
                0x000000002000217c        0x4 ./Src/OS/tasks.o
 .bss.pxOverflowDelayedTaskList
                0x0000000020002180        0x4 ./Src/OS/tasks.o
 .bss.xPendingReadyList
                0x0000000020002184       0x14 ./Src/OS/tasks.o
 .bss.xTasksWaitingTermination
                0x0000000020002198       0x14 ./Src/OS/tasks.o
 .bss.uxDeletedTasksWaitingCleanUp
                0x00000000200021ac        0x4 ./Src/OS/tasks.o
 .bss.xSuspendedTaskList
                0x00000000200021b0       0x14 ./Src/OS/tasks.o
 .bss.uxCurrentNumberOfTasks
                0x00000000200021c4        0x4 ./Src/OS/tasks.o
 .bss.xTickCount
                0x00000000200021c8        0x4 ./Src/OS/tasks.o
 .bss.uxTopReadyPriority
                0x00000000200021cc        0x4 ./Src/OS/tasks.o
 .bss.xSchedulerRunning
                0x00000000200021d0        0x4 ./Src/OS/tasks.o
 .bss.xPendedTicks
                0x00000000200021d4        0x4 ./Src/OS/tasks.o
 .bss.xYieldPending
                0x00000000200021d8        0x4 ./Src/OS/tasks.o
 .bss.xNumOfOverflows
                0x00000000200021dc        0x4 ./Src/OS/tasks.o
 .bss.uxTaskNumber
                0x00000000200021e0        0x4 ./Src/OS/tasks.o
 .bss.xNextTaskUnblockTime
                0x00000000200021e4        0x4 ./Src/OS/tasks.o
 .bss.xIdleTaskHandle
                0x00000000200021e8        0x4 ./Src/OS/tasks.o
 .bss.uxSchedulerSuspended
                0x00000000200021ec        0x4 ./Src/OS/tasks.o
 .bss.G_Receive_Message
                0x00000000200021f0        0xc ./Src/main.o
                0x00000000200021f0                G_Receive_Message
 .bss.G_ArrMessageData
                0x00000000200021fc        0x8 ./Src/main.o
                0x00000000200021fc                G_ArrMessageData
 .bss.G_UDS_SID
                0x0000000020002204        0x1 ./Src/main.o
                0x0000000020002204                G_UDS_SID
 .bss.G_UDS_SubFun
                0x0000000020002205        0x1 ./Src/main.o
                0x0000000020002205                G_UDS_SubFun
 .bss.G_UDS_DID
                0x0000000020002206        0x1 ./Src/main.o
                0x0000000020002206                G_UDS_DID
 *fill*         0x0000000020002207        0x1 
 .bss.G_UDS_DATA
                0x0000000020002208        0x4 ./Src/main.o
                0x0000000020002208                G_UDS_DATA
 .bss.Uart_Flag
                0x000000002000220c        0x1 ./Src/main.o
                0x000000002000220c                Uart_Flag
 .bss.Uart_Value
                0x000000002000220d        0x1 ./Src/main.o
                0x000000002000220d                Uart_Value
 .bss.G_Copy_uint8FilterIndex
                0x000000002000220e        0x1 ./Src/main.o
                0x000000002000220e                G_Copy_uint8FilterIndex
 *fill*         0x000000002000220f        0x1 
 .bss.Tool_TFT_Handle
                0x0000000020002210        0x4 ./Src/main.o
                0x0000000020002210                Tool_TFT_Handle
 .bss.Tool_Current_State
                0x0000000020002214        0x1 ./Src/main.o
                0x0000000020002214                Tool_Current_State
 .bss.Frame_Type
                0x0000000020002215        0x1 ./Src/main.o
                0x0000000020002215                Frame_Type
 *(COMMON)
                0x0000000020002218                . = ALIGN (0x4)
 *fill*         0x0000000020002216        0x2 
                0x0000000020002218                _ebss = .
                0x0000000020002218                __bss_end__ = _ebss

._user_heap_stack
                0x0000000020002218      0x600 load address 0x000000000800829c
                0x0000000020002218                . = ALIGN (0x8)
                [!provide]                        PROVIDE (end = .)
                0x0000000020002218                PROVIDE (_end = .)
                0x0000000020002418                . = (. + _Min_Heap_Size)
 *fill*         0x0000000020002218      0x200 
                0x0000000020002818                . = (. + _Min_Stack_Size)
 *fill*         0x0000000020002418      0x400 
                0x0000000020002818                . = ALIGN (0x8)

/DISCARD/
 libc.a(*)
 libm.a(*)
 libgcc.a(*)

.ARM.attributes
                0x0000000000000000       0x29
 *(.ARM.attributes)
 .ARM.attributes
                0x0000000000000000       0x1d C:/ST/STM32CubeIDE_1.13.2/STM32CubeIDE/plugins/com.st.stm32cube.ide.mcu.externaltools.gnu-tools-for-stm32.11.3.rel1.win32_1.1.1.202309131626/tools/bin/../lib/gcc/arm-none-eabi/11.3.1/thumb/v7-m/nofp/crti.o
 .ARM.attributes
                0x000000000000001d       0x2d C:/ST/STM32CubeIDE_1.13.2/STM32CubeIDE/plugins/com.st.stm32cube.ide.mcu.externaltools.gnu-tools-for-stm32.11.3.rel1.win32_1.1.1.202309131626/tools/bin/../lib/gcc/arm-none-eabi/11.3.1/thumb/v7-m/nofp/crtbegin.o
 .ARM.attributes
                0x000000000000004a       0x2d ./Src/HAL/KEYPAD/KEYPAD.o
 .ARM.attributes
                0x0000000000000077       0x2d ./Src/HAL/TFT/TFT_program.o
 .ARM.attributes
                0x00000000000000a4       0x2d ./Src/HAL/TFT/fonts.o
 .ARM.attributes
                0x00000000000000d1       0x2d ./Src/HAL/UDS/UDS.o
 .ARM.attributes
                0x00000000000000fe       0x2d ./Src/HAL/UDS/UDS_SECURITY_SERVICE.o
 .ARM.attributes
                0x000000000000012b       0x2d ./Src/MCAL/CAN/CAN.o
 .ARM.attributes
                0x0000000000000158       0x2d ./Src/MCAL/GPIO/GPIO.o
 .ARM.attributes
                0x0000000000000185       0x2d ./Src/MCAL/NVIC/NVIC.o
 .ARM.attributes
                0x00000000000001b2       0x2d ./Src/MCAL/RCC/RCC.o
 .ARM.attributes
                0x00000000000001df       0x2d ./Src/MCAL/SPI/SPI_program.o
 .ARM.attributes
                0x000000000000020c       0x2d ./Src/MCAL/UART/USART.o
 .ARM.attributes
                0x0000000000000239       0x2d ./Src/MCAL/UART/USART_config.o
 .ARM.attributes
                0x0000000000000266       0x2d ./Src/OS/heap_4.o
 .ARM.attributes
                0x0000000000000293       0x2d ./Src/OS/list.o
 .ARM.attributes
                0x00000000000002c0       0x2d ./Src/OS/port.o
 .ARM.attributes
                0x00000000000002ed       0x2d ./Src/OS/tasks.o
 .ARM.attributes
                0x000000000000031a       0x2d ./Src/main.o
 .ARM.attributes
                0x0000000000000347       0x2d ./Src/screens.o
 .ARM.attributes
                0x0000000000000374       0x21 ./Startup/startup_stm32f103c8tx.o
 .ARM.attributes
                0x0000000000000395       0x2d C:/ST/STM32CubeIDE_1.13.2/STM32CubeIDE/plugins/com.st.stm32cube.ide.mcu.externaltools.gnu-tools-for-stm32.11.3.rel1.win32_1.1.1.202309131626/tools/bin/../lib/gcc/arm-none-eabi/11.3.1/../../../../arm-none-eabi/lib/thumb/v7-m/nofp\libc_nano.a(libc_a-memset.o)
 .ARM.attributes
                0x00000000000003c2       0x2d C:/ST/STM32CubeIDE_1.13.2/STM32CubeIDE/plugins/com.st.stm32cube.ide.mcu.externaltools.gnu-tools-for-stm32.11.3.rel1.win32_1.1.1.202309131626/tools/bin/../lib/gcc/arm-none-eabi/11.3.1/../../../../arm-none-eabi/lib/thumb/v7-m/nofp\libc_nano.a(libc_a-init.o)
 .ARM.attributes
                0x00000000000003ef       0x1d C:/ST/STM32CubeIDE_1.13.2/STM32CubeIDE/plugins/com.st.stm32cube.ide.mcu.externaltools.gnu-tools-for-stm32.11.3.rel1.win32_1.1.1.202309131626/tools/bin/../lib/gcc/arm-none-eabi/11.3.1/thumb/v7-m/nofp\libgcc.a(_arm_addsubdf3.o)
 .ARM.attributes
                0x000000000000040c       0x1d C:/ST/STM32CubeIDE_1.13.2/STM32CubeIDE/plugins/com.st.stm32cube.ide.mcu.externaltools.gnu-tools-for-stm32.11.3.rel1.win32_1.1.1.202309131626/tools/bin/../lib/gcc/arm-none-eabi/11.3.1/thumb/v7-m/nofp\libgcc.a(_arm_muldivdf3.o)
 .ARM.attributes
                0x0000000000000429       0x1d C:/ST/STM32CubeIDE_1.13.2/STM32CubeIDE/plugins/com.st.stm32cube.ide.mcu.externaltools.gnu-tools-for-stm32.11.3.rel1.win32_1.1.1.202309131626/tools/bin/../lib/gcc/arm-none-eabi/11.3.1/thumb/v7-m/nofp\libgcc.a(_arm_addsubsf3.o)
 .ARM.attributes
                0x0000000000000446       0x1d C:/ST/STM32CubeIDE_1.13.2/STM32CubeIDE/plugins/com.st.stm32cube.ide.mcu.externaltools.gnu-tools-for-stm32.11.3.rel1.win32_1.1.1.202309131626/tools/bin/../lib/gcc/arm-none-eabi/11.3.1/thumb/v7-m/nofp\libgcc.a(_arm_muldivsf3.o)
 .ARM.attributes
                0x0000000000000463       0x2d C:/ST/STM32CubeIDE_1.13.2/STM32CubeIDE/plugins/com.st.stm32cube.ide.mcu.externaltools.gnu-tools-for-stm32.11.3.rel1.win32_1.1.1.202309131626/tools/bin/../lib/gcc/arm-none-eabi/11.3.1/thumb/v7-m/nofp\libgcc.a(_fixunsdfdi.o)
 .ARM.attributes
                0x0000000000000490       0x1d C:/ST/STM32CubeIDE_1.13.2/STM32CubeIDE/plugins/com.st.stm32cube.ide.mcu.externaltools.gnu-tools-for-stm32.11.3.rel1.win32_1.1.1.202309131626/tools/bin/../lib/gcc/arm-none-eabi/11.3.1/thumb/v7-m/nofp\libgcc.a(_arm_fixunsdfsi.o)
 .ARM.attributes
                0x00000000000004ad       0x1d C:/ST/STM32CubeIDE_1.13.2/STM32CubeIDE/plugins/com.st.stm32cube.ide.mcu.externaltools.gnu-tools-for-stm32.11.3.rel1.win32_1.1.1.202309131626/tools/bin/../lib/gcc/arm-none-eabi/11.3.1/thumb/v7-m/nofp/crtn.o
OUTPUT(DIAGNOSTIC_TOOL_FINAL.elf elf32-littlearm)
LOAD linker stubs
LOAD C:/ST/STM32CubeIDE_1.13.2/STM32CubeIDE/plugins/com.st.stm32cube.ide.mcu.externaltools.gnu-tools-for-stm32.11.3.rel1.win32_1.1.1.202309131626/tools/bin/../lib/gcc/arm-none-eabi/11.3.1/../../../../arm-none-eabi/lib/thumb/v7-m/nofp\libc.a
LOAD C:/ST/STM32CubeIDE_1.13.2/STM32CubeIDE/plugins/com.st.stm32cube.ide.mcu.externaltools.gnu-tools-for-stm32.11.3.rel1.win32_1.1.1.202309131626/tools/bin/../lib/gcc/arm-none-eabi/11.3.1/../../../../arm-none-eabi/lib/thumb/v7-m/nofp\libm.a
LOAD C:/ST/STM32CubeIDE_1.13.2/STM32CubeIDE/plugins/com.st.stm32cube.ide.mcu.externaltools.gnu-tools-for-stm32.11.3.rel1.win32_1.1.1.202309131626/tools/bin/../lib/gcc/arm-none-eabi/11.3.1/thumb/v7-m/nofp\libgcc.a

.comment        0x0000000000000000       0x43
 .comment       0x0000000000000000       0x43 C:/ST/STM32CubeIDE_1.13.2/STM32CubeIDE/plugins/com.st.stm32cube.ide.mcu.externaltools.gnu-tools-for-stm32.11.3.rel1.win32_1.1.1.202309131626/tools/bin/../lib/gcc/arm-none-eabi/11.3.1/thumb/v7-m/nofp/crtbegin.o
                                         0x44 (size before relaxing)
 .comment       0x0000000000000043       0x44 ./Src/HAL/KEYPAD/KEYPAD.o
 .comment       0x0000000000000043       0x44 ./Src/HAL/TFT/TFT_program.o
 .comment       0x0000000000000043       0x44 ./Src/HAL/TFT/fonts.o
 .comment       0x0000000000000043       0x44 ./Src/HAL/UDS/UDS.o
 .comment       0x0000000000000043       0x44 ./Src/HAL/UDS/UDS_SECURITY_SERVICE.o
 .comment       0x0000000000000043       0x44 ./Src/MCAL/CAN/CAN.o
 .comment       0x0000000000000043       0x44 ./Src/MCAL/GPIO/GPIO.o
 .comment       0x0000000000000043       0x44 ./Src/MCAL/NVIC/NVIC.o
 .comment       0x0000000000000043       0x44 ./Src/MCAL/RCC/RCC.o
 .comment       0x0000000000000043       0x44 ./Src/MCAL/SPI/SPI_program.o
 .comment       0x0000000000000043       0x44 ./Src/MCAL/UART/USART.o
 .comment       0x0000000000000043       0x44 ./Src/MCAL/UART/USART_config.o
 .comment       0x0000000000000043       0x44 ./Src/OS/heap_4.o
 .comment       0x0000000000000043       0x44 ./Src/OS/list.o
 .comment       0x0000000000000043       0x44 ./Src/OS/port.o
 .comment       0x0000000000000043       0x44 ./Src/OS/tasks.o
 .comment       0x0000000000000043       0x44 ./Src/main.o
 .comment       0x0000000000000043       0x44 ./Src/screens.o

.debug_info     0x0000000000000000     0x8ce5
 .debug_info    0x0000000000000000      0x39c ./Src/HAL/KEYPAD/KEYPAD.o
 .debug_info    0x000000000000039c      0xbac ./Src/HAL/TFT/TFT_program.o
 .debug_info    0x0000000000000f48      0x19e ./Src/HAL/TFT/fonts.o
 .debug_info    0x00000000000010e6      0x7bc ./Src/HAL/UDS/UDS.o
 .debug_info    0x00000000000018a2      0x262 ./Src/HAL/UDS/UDS_SECURITY_SERVICE.o
 .debug_info    0x0000000000001b04     0x121f ./Src/MCAL/CAN/CAN.o
 .debug_info    0x0000000000002d23      0x653 ./Src/MCAL/GPIO/GPIO.o
 .debug_info    0x0000000000003376      0x621 ./Src/MCAL/NVIC/NVIC.o
 .debug_info    0x0000000000003997      0x85e ./Src/MCAL/RCC/RCC.o
 .debug_info    0x00000000000041f5      0x2b0 ./Src/MCAL/SPI/SPI_program.o
 .debug_info    0x00000000000044a5      0xad0 ./Src/MCAL/UART/USART.o
 .debug_info    0x0000000000004f75      0x67c ./Src/MCAL/UART/USART_config.o
 .debug_info    0x00000000000055f1      0x433 ./Src/OS/heap_4.o
 .debug_info    0x0000000000005a24      0x2af ./Src/OS/list.o
 .debug_info    0x0000000000005cd3      0x2e7 ./Src/OS/port.o
 .debug_info    0x0000000000005fba     0x18d6 ./Src/OS/tasks.o
 .debug_info    0x0000000000007890      0xead ./Src/main.o
 .debug_info    0x000000000000873d      0x585 ./Src/screens.o
 .debug_info    0x0000000000008cc2       0x23 ./Startup/startup_stm32f103c8tx.o

.debug_abbrev   0x0000000000000000     0x1c3b
 .debug_abbrev  0x0000000000000000      0x11a ./Src/HAL/KEYPAD/KEYPAD.o
 .debug_abbrev  0x000000000000011a      0x277 ./Src/HAL/TFT/TFT_program.o
 .debug_abbrev  0x0000000000000391       0xb3 ./Src/HAL/TFT/fonts.o
 .debug_abbrev  0x0000000000000444      0x182 ./Src/HAL/UDS/UDS.o
 .debug_abbrev  0x00000000000005c6      0x15b ./Src/HAL/UDS/UDS_SECURITY_SERVICE.o
 .debug_abbrev  0x0000000000000721      0x1ee ./Src/MCAL/CAN/CAN.o
 .debug_abbrev  0x000000000000090f      0x154 ./Src/MCAL/GPIO/GPIO.o
 .debug_abbrev  0x0000000000000a63       0xe1 ./Src/MCAL/NVIC/NVIC.o
 .debug_abbrev  0x0000000000000b44      0x153 ./Src/MCAL/RCC/RCC.o
 .debug_abbrev  0x0000000000000c97      0x116 ./Src/MCAL/SPI/SPI_program.o
 .debug_abbrev  0x0000000000000dad      0x1bb ./Src/MCAL/UART/USART.o
 .debug_abbrev  0x0000000000000f68      0x123 ./Src/MCAL/UART/USART_config.o
 .debug_abbrev  0x000000000000108b      0x1b9 ./Src/OS/heap_4.o
 .debug_abbrev  0x0000000000001244       0xf5 ./Src/OS/list.o
 .debug_abbrev  0x0000000000001339      0x20c ./Src/OS/port.o
 .debug_abbrev  0x0000000000001545      0x348 ./Src/OS/tasks.o
 .debug_abbrev  0x000000000000188d      0x25b ./Src/main.o
 .debug_abbrev  0x0000000000001ae8      0x141 ./Src/screens.o
 .debug_abbrev  0x0000000000001c29       0x12 ./Startup/startup_stm32f103c8tx.o

.debug_aranges  0x0000000000000000      0x7f8
 .debug_aranges
                0x0000000000000000       0x38 ./Src/HAL/KEYPAD/KEYPAD.o
 .debug_aranges
                0x0000000000000038       0xa8 ./Src/HAL/TFT/TFT_program.o
 .debug_aranges
                0x00000000000000e0       0x18 ./Src/HAL/TFT/fonts.o
 .debug_aranges
                0x00000000000000f8       0x48 ./Src/HAL/UDS/UDS.o
 .debug_aranges
                0x0000000000000140       0x30 ./Src/HAL/UDS/UDS_SECURITY_SERVICE.o
 .debug_aranges
                0x0000000000000170       0xe8 ./Src/MCAL/CAN/CAN.o
 .debug_aranges
                0x0000000000000258       0x60 ./Src/MCAL/GPIO/GPIO.o
 .debug_aranges
                0x00000000000002b8       0x48 ./Src/MCAL/NVIC/NVIC.o
 .debug_aranges
                0x0000000000000300       0x98 ./Src/MCAL/RCC/RCC.o
 .debug_aranges
                0x0000000000000398       0x28 ./Src/MCAL/SPI/SPI_program.o
 .debug_aranges
                0x00000000000003c0       0xa0 ./Src/MCAL/UART/USART.o
 .debug_aranges
                0x0000000000000460       0x28 ./Src/MCAL/UART/USART_config.o
 .debug_aranges
                0x0000000000000488       0x58 ./Src/OS/heap_4.o
 .debug_aranges
                0x00000000000004e0       0x40 ./Src/OS/list.o
 .debug_aranges
                0x0000000000000520       0x70 ./Src/OS/port.o
 .debug_aranges
                0x0000000000000590      0x188 ./Src/OS/tasks.o
 .debug_aranges
                0x0000000000000718       0x80 ./Src/main.o
 .debug_aranges
                0x0000000000000798       0x38 ./Src/screens.o
 .debug_aranges
                0x00000000000007d0       0x28 ./Startup/startup_stm32f103c8tx.o

.debug_rnglists
                0x0000000000000000      0x5eb
 .debug_rnglists
                0x0000000000000000       0x28 ./Src/HAL/KEYPAD/KEYPAD.o
 .debug_rnglists
                0x0000000000000028       0x81 ./Src/HAL/TFT/TFT_program.o
 .debug_rnglists
                0x00000000000000a9       0x31 ./Src/HAL/UDS/UDS.o
 .debug_rnglists
                0x00000000000000da       0x2c ./Src/HAL/UDS/UDS_SECURITY_SERVICE.o
 .debug_rnglists
                0x0000000000000106       0xb3 ./Src/MCAL/CAN/CAN.o
 .debug_rnglists
                0x00000000000001b9       0x44 ./Src/MCAL/GPIO/GPIO.o
 .debug_rnglists
                0x00000000000001fd       0x32 ./Src/MCAL/NVIC/NVIC.o
 .debug_rnglists
                0x000000000000022f       0x78 ./Src/MCAL/RCC/RCC.o
 .debug_rnglists
                0x00000000000002a7       0x19 ./Src/MCAL/SPI/SPI_program.o
 .debug_rnglists
                0x00000000000002c0       0x78 ./Src/MCAL/UART/USART.o
 .debug_rnglists
                0x0000000000000338       0x1a ./Src/MCAL/UART/USART_config.o
 .debug_rnglists
                0x0000000000000352       0x42 ./Src/OS/heap_4.o
 .debug_rnglists
                0x0000000000000394       0x2b ./Src/OS/list.o
 .debug_rnglists
                0x00000000000003bf       0x4f ./Src/OS/port.o
 .debug_rnglists
                0x000000000000040e      0x137 ./Src/OS/tasks.o
 .debug_rnglists
                0x0000000000000545       0x64 ./Src/main.o
 .debug_rnglists
                0x00000000000005a9       0x29 ./Src/screens.o
 .debug_rnglists
                0x00000000000005d2       0x19 ./Startup/startup_stm32f103c8tx.o

.debug_macro    0x0000000000000000     0x385c
 .debug_macro   0x0000000000000000       0x97 ./Src/HAL/KEYPAD/KEYPAD.o
 .debug_macro   0x0000000000000097      0xaa2 ./Src/HAL/KEYPAD/KEYPAD.o
 .debug_macro   0x0000000000000b39       0x10 ./Src/HAL/KEYPAD/KEYPAD.o
 .debug_macro   0x0000000000000b49       0xbe ./Src/HAL/KEYPAD/KEYPAD.o
 .debug_macro   0x0000000000000c07       0xee ./Src/HAL/KEYPAD/KEYPAD.o
 .debug_macro   0x0000000000000cf5       0x10 ./Src/HAL/KEYPAD/KEYPAD.o
 .debug_macro   0x0000000000000d05       0x10 ./Src/HAL/KEYPAD/KEYPAD.o
 .debug_macro   0x0000000000000d15      0x184 ./Src/HAL/KEYPAD/KEYPAD.o
 .debug_macro   0x0000000000000e99       0x34 ./Src/HAL/KEYPAD/KEYPAD.o
 .debug_macro   0x0000000000000ecd       0x2e ./Src/HAL/KEYPAD/KEYPAD.o
 .debug_macro   0x0000000000000efb       0x70 ./Src/HAL/KEYPAD/KEYPAD.o
 .debug_macro   0x0000000000000f6b       0x10 ./Src/HAL/KEYPAD/KEYPAD.o
 .debug_macro   0x0000000000000f7b      0x186 ./Src/HAL/TFT/TFT_program.o
 .debug_macro   0x0000000000001101       0x16 ./Src/HAL/TFT/TFT_program.o
 .debug_macro   0x0000000000001117       0x22 ./Src/HAL/TFT/TFT_program.o
 .debug_macro   0x0000000000001139       0x8e ./Src/HAL/TFT/TFT_program.o
 .debug_macro   0x00000000000011c7       0x51 ./Src/HAL/TFT/TFT_program.o
 .debug_macro   0x0000000000001218      0x103 ./Src/HAL/TFT/TFT_program.o
 .debug_macro   0x000000000000131b       0x6a ./Src/HAL/TFT/TFT_program.o
 .debug_macro   0x0000000000001385      0x1df ./Src/HAL/TFT/TFT_program.o
 .debug_macro   0x0000000000001564       0xa6 ./Src/HAL/TFT/TFT_program.o
 .debug_macro   0x000000000000160a      0x174 ./Src/HAL/TFT/TFT_program.o
 .debug_macro   0x000000000000177e       0xb2 ./Src/HAL/TFT/TFT_program.o
 .debug_macro   0x0000000000001830      0x15a ./Src/HAL/TFT/TFT_program.o
 .debug_macro   0x000000000000198a       0xe3 ./Src/HAL/TFT/TFT_program.o
 .debug_macro   0x0000000000001a6d       0x28 ./Src/HAL/TFT/TFT_program.o
 .debug_macro   0x0000000000001a95       0x1f ./Src/HAL/TFT/TFT_program.o
 .debug_macro   0x0000000000001ab4       0x12 ./Src/HAL/TFT/TFT_program.o
 .debug_macro   0x0000000000001ac6      0x566 ./Src/HAL/TFT/TFT_program.o
 .debug_macro   0x000000000000202c       0xc3 ./Src/HAL/TFT/TFT_program.o
 .debug_macro   0x00000000000020ef      0x120 ./Src/HAL/TFT/TFT_program.o
 .debug_macro   0x000000000000220f       0x22 ./Src/HAL/TFT/TFT_program.o
 .debug_macro   0x0000000000002231       0x76 ./Src/HAL/TFT/fonts.o
 .debug_macro   0x00000000000022a7       0x60 ./Src/HAL/UDS/UDS.o
 .debug_macro   0x0000000000002307       0x10 ./Src/HAL/UDS/UDS.o
 .debug_macro   0x0000000000002317       0xe2 ./Src/HAL/UDS/UDS.o
 .debug_macro   0x00000000000023f9      0x136 ./Src/HAL/UDS/UDS_SECURITY_SERVICE.o
 .debug_macro   0x000000000000252f       0x76 ./Src/HAL/UDS/UDS_SECURITY_SERVICE.o
 .debug_macro   0x00000000000025a5       0x95 ./Src/MCAL/CAN/CAN.o
 .debug_macro   0x000000000000263a       0x64 ./Src/MCAL/CAN/CAN.o
 .debug_macro   0x000000000000269e      0x223 ./Src/MCAL/CAN/CAN.o
 .debug_macro   0x00000000000028c1       0xa0 ./Src/MCAL/GPIO/GPIO.o
 .debug_macro   0x0000000000002961       0x49 ./Src/MCAL/NVIC/NVIC.o
 .debug_macro   0x00000000000029aa      0x100 ./Src/MCAL/NVIC/NVIC.o
 .debug_macro   0x0000000000002aaa      0x12e ./Src/MCAL/RCC/RCC.o
 .debug_macro   0x0000000000002bd8       0x91 ./Src/MCAL/SPI/SPI_program.o
 .debug_macro   0x0000000000002c69       0x10 ./Src/MCAL/SPI/SPI_program.o
 .debug_macro   0x0000000000002c79       0x10 ./Src/MCAL/SPI/SPI_program.o
 .debug_macro   0x0000000000002c89       0x72 ./Src/MCAL/UART/USART.o
 .debug_macro   0x0000000000002cfb       0xe2 ./Src/MCAL/UART/USART.o
 .debug_macro   0x0000000000002ddd       0x72 ./Src/MCAL/UART/USART_config.o
 .debug_macro   0x0000000000002e4f      0x1b3 ./Src/OS/heap_4.o
 .debug_macro   0x0000000000003002      0x198 ./Src/OS/list.o
 .debug_macro   0x000000000000319a      0x177 ./Src/OS/port.o
 .debug_macro   0x0000000000003311      0x27e ./Src/OS/tasks.o
 .debug_macro   0x000000000000358f       0x10 ./Src/OS/tasks.o
 .debug_macro   0x000000000000359f      0x1df ./Src/main.o
 .debug_macro   0x000000000000377e       0x34 ./Src/main.o
 .debug_macro   0x00000000000037b2       0xaa ./Src/screens.o

.debug_line     0x0000000000000000     0x7d5c
 .debug_line    0x0000000000000000      0x34e ./Src/HAL/KEYPAD/KEYPAD.o
 .debug_line    0x000000000000034e      0xbcf ./Src/HAL/TFT/TFT_program.o
 .debug_line    0x0000000000000f1d      0x451 ./Src/HAL/TFT/fonts.o
 .debug_line    0x000000000000136e      0x305 ./Src/HAL/UDS/UDS.o
 .debug_line    0x0000000000001673      0x7c6 ./Src/HAL/UDS/UDS_SECURITY_SERVICE.o
 .debug_line    0x0000000000001e39      0x887 ./Src/MCAL/CAN/CAN.o
 .debug_line    0x00000000000026c0      0x380 ./Src/MCAL/GPIO/GPIO.o
 .debug_line    0x0000000000002a40      0x227 ./Src/MCAL/NVIC/NVIC.o
 .debug_line    0x0000000000002c67      0x651 ./Src/MCAL/RCC/RCC.o
 .debug_line    0x00000000000032b8      0x265 ./Src/MCAL/SPI/SPI_program.o
 .debug_line    0x000000000000351d      0x5a7 ./Src/MCAL/UART/USART.o
 .debug_line    0x0000000000003ac4      0x274 ./Src/MCAL/UART/USART_config.o
 .debug_line    0x0000000000003d38      0x930 ./Src/OS/heap_4.o
 .debug_line    0x0000000000004668      0x76c ./Src/OS/list.o
 .debug_line    0x0000000000004dd4      0x6cb ./Src/OS/port.o
 .debug_line    0x000000000000549f     0x1516 ./Src/OS/tasks.o
 .debug_line    0x00000000000069b5      0xd27 ./Src/main.o
 .debug_line    0x00000000000076dc      0x605 ./Src/screens.o
 .debug_line    0x0000000000007ce1       0x7b ./Startup/startup_stm32f103c8tx.o

.debug_str      0x0000000000000000    0x18ae8
 .debug_str     0x0000000000000000     0x4368 ./Src/HAL/KEYPAD/KEYPAD.o
                                       0x44a1 (size before relaxing)
 .debug_str     0x0000000000004368     0x6747 ./Src/HAL/TFT/TFT_program.o
                                       0xaaeb (size before relaxing)
 .debug_str     0x000000000000aaaf       0x54 ./Src/HAL/TFT/fonts.o
                                       0x3d39 (size before relaxing)
 .debug_str     0x000000000000ab03     0x1272 ./Src/HAL/UDS/UDS.o
                                       0x48ca (size before relaxing)
 .debug_str     0x000000000000bd75      0x2e9 ./Src/HAL/UDS/UDS_SECURITY_SERVICE.o
                                       0x9e19 (size before relaxing)
 .debug_str     0x000000000000c05e     0x3f4a ./Src/MCAL/CAN/CAN.o
                                       0x8d54 (size before relaxing)
 .debug_str     0x000000000000ffa8      0x28d ./Src/MCAL/GPIO/GPIO.o
                                       0x4591 (size before relaxing)
 .debug_str     0x0000000000010235      0xd1d ./Src/MCAL/NVIC/NVIC.o
                                       0x473f (size before relaxing)
 .debug_str     0x0000000000010f52      0x791 ./Src/MCAL/RCC/RCC.o
                                       0x4885 (size before relaxing)
 .debug_str     0x00000000000116e3       0xd6 ./Src/MCAL/SPI/SPI_program.o
                                       0x425e (size before relaxing)
 .debug_str     0x00000000000117b9     0x18ea ./Src/MCAL/UART/USART.o
                                       0x5c7b (size before relaxing)
 .debug_str     0x00000000000130a3       0x27 ./Src/MCAL/UART/USART_config.o
                                       0x5a1e (size before relaxing)
 .debug_str     0x00000000000130ca     0x3550 ./Src/OS/heap_4.o
                                       0xc33c (size before relaxing)
 .debug_str     0x000000000001661a      0x11c ./Src/OS/list.o
                                       0xaea3 (size before relaxing)
 .debug_str     0x0000000000016736      0x64a ./Src/OS/port.o
                                       0x9465 (size before relaxing)
 .debug_str     0x0000000000016d80     0x1930 ./Src/OS/tasks.o
                                       0xdbd2 (size before relaxing)
 .debug_str     0x00000000000186b0      0x39a ./Src/main.o
                                       0xbd34 (size before relaxing)
 .debug_str     0x0000000000018a4a       0x3f ./Src/screens.o
                                       0x49c9 (size before relaxing)
 .debug_str     0x0000000000018a89       0x5f ./Startup/startup_stm32f103c8tx.o

.debug_frame    0x0000000000000000     0x1fd8
 .debug_frame   0x0000000000000000       0xa0 ./Src/HAL/KEYPAD/KEYPAD.o
 .debug_frame   0x00000000000000a0      0x2bc ./Src/HAL/TFT/TFT_program.o
 .debug_frame   0x000000000000035c       0xe0 ./Src/HAL/UDS/UDS.o
 .debug_frame   0x000000000000043c       0x80 ./Src/HAL/UDS/UDS_SECURITY_SERVICE.o
 .debug_frame   0x00000000000004bc      0x418 ./Src/MCAL/CAN/CAN.o
 .debug_frame   0x00000000000008d4      0x170 ./Src/MCAL/GPIO/GPIO.o
 .debug_frame   0x0000000000000a44      0x100 ./Src/MCAL/NVIC/NVIC.o
 .debug_frame   0x0000000000000b44      0x288 ./Src/MCAL/RCC/RCC.o
 .debug_frame   0x0000000000000dcc       0x54 ./Src/MCAL/SPI/SPI_program.o
 .debug_frame   0x0000000000000e20      0x2b0 ./Src/MCAL/UART/USART.o
 .debug_frame   0x00000000000010d0       0x64 ./Src/MCAL/UART/USART_config.o
 .debug_frame   0x0000000000001134      0x12c ./Src/OS/heap_4.o
 .debug_frame   0x0000000000001260       0xd8 ./Src/OS/list.o
 .debug_frame   0x0000000000001338      0x160 ./Src/OS/port.o
 .debug_frame   0x0000000000001498      0x6a4 ./Src/OS/tasks.o
 .debug_frame   0x0000000000001b3c      0x1d0 ./Src/main.o
 .debug_frame   0x0000000000001d0c       0xb0 ./Src/screens.o
 .debug_frame   0x0000000000001dbc       0x20 C:/ST/STM32CubeIDE_1.13.2/STM32CubeIDE/plugins/com.st.stm32cube.ide.mcu.externaltools.gnu-tools-for-stm32.11.3.rel1.win32_1.1.1.202309131626/tools/bin/../lib/gcc/arm-none-eabi/11.3.1/../../../../arm-none-eabi/lib/thumb/v7-m/nofp\libc_nano.a(libc_a-memset.o)
 .debug_frame   0x0000000000001ddc       0x2c C:/ST/STM32CubeIDE_1.13.2/STM32CubeIDE/plugins/com.st.stm32cube.ide.mcu.externaltools.gnu-tools-for-stm32.11.3.rel1.win32_1.1.1.202309131626/tools/bin/../lib/gcc/arm-none-eabi/11.3.1/../../../../arm-none-eabi/lib/thumb/v7-m/nofp\libc_nano.a(libc_a-init.o)
 .debug_frame   0x0000000000001e08       0xac C:/ST/STM32CubeIDE_1.13.2/STM32CubeIDE/plugins/com.st.stm32cube.ide.mcu.externaltools.gnu-tools-for-stm32.11.3.rel1.win32_1.1.1.202309131626/tools/bin/../lib/gcc/arm-none-eabi/11.3.1/thumb/v7-m/nofp\libgcc.a(_arm_addsubdf3.o)
 .debug_frame   0x0000000000001eb4       0x50 C:/ST/STM32CubeIDE_1.13.2/STM32CubeIDE/plugins/com.st.stm32cube.ide.mcu.externaltools.gnu-tools-for-stm32.11.3.rel1.win32_1.1.1.202309131626/tools/bin/../lib/gcc/arm-none-eabi/11.3.1/thumb/v7-m/nofp\libgcc.a(_arm_muldivdf3.o)
 .debug_frame   0x0000000000001f04       0x4c C:/ST/STM32CubeIDE_1.13.2/STM32CubeIDE/plugins/com.st.stm32cube.ide.mcu.externaltools.gnu-tools-for-stm32.11.3.rel1.win32_1.1.1.202309131626/tools/bin/../lib/gcc/arm-none-eabi/11.3.1/thumb/v7-m/nofp\libgcc.a(_arm_addsubsf3.o)
 .debug_frame   0x0000000000001f50       0x38 C:/ST/STM32CubeIDE_1.13.2/STM32CubeIDE/plugins/com.st.stm32cube.ide.mcu.externaltools.gnu-tools-for-stm32.11.3.rel1.win32_1.1.1.202309131626/tools/bin/../lib/gcc/arm-none-eabi/11.3.1/thumb/v7-m/nofp\libgcc.a(_arm_muldivsf3.o)
 .debug_frame   0x0000000000001f88       0x2c C:/ST/STM32CubeIDE_1.13.2/STM32CubeIDE/plugins/com.st.stm32cube.ide.mcu.externaltools.gnu-tools-for-stm32.11.3.rel1.win32_1.1.1.202309131626/tools/bin/../lib/gcc/arm-none-eabi/11.3.1/thumb/v7-m/nofp\libgcc.a(_fixunsdfdi.o)
 .debug_frame   0x0000000000001fb4       0x24 C:/ST/STM32CubeIDE_1.13.2/STM32CubeIDE/plugins/com.st.stm32cube.ide.mcu.externaltools.gnu-tools-for-stm32.11.3.rel1.win32_1.1.1.202309131626/tools/bin/../lib/gcc/arm-none-eabi/11.3.1/thumb/v7-m/nofp\libgcc.a(_arm_fixunsdfsi.o)

.debug_line_str
                0x0000000000000000       0x53
 .debug_line_str
                0x0000000000000000       0x53 ./Startup/startup_stm32f103c8tx.o
                                         0x6b (size before relaxing)
