../Src/MCAL/CAN/CAN.c:47:21:Can_enuInit	32	static
../Src/MCAL/CAN/CAN.c:114:21:Can_enuResetMasterSW	16	static
../Src/MCAL/CAN/CAN.c:126:21:Can_enuIsNodeCurrentlyTransmitter	24	static
../Src/MCAL/CAN/CAN.c:137:21:Can_enuIsNodeCurrentlyReceiver	24	static
../Src/MCAL/CAN/CAN.c:150:21:Can_enuGetActualValueOfCanRxPin	24	static
../Src/MCAL/CAN/CAN.c:163:21:Can_enuGetCurrentReceivedBitValue	24	static
../Src/MCAL/CAN/CAN.c:177:21:Can_enuIsTxMailBoxLowestPriority	24	static
../Src/MCAL/CAN/CAN.c:194:21:Can_enuAbortTransmitInMailBox_x	24	static
../Src/MCAL/CAN/CAN.c:203:21:Can_enuTransmitMessage_CheckOneTime	24	static
../Src/MCAL/CAN/CAN.c:255:21:Can_enuTransmitMessage_MustSend	24	static
../Src/MCAL/CAN/CAN.c:316:21:Can_enuTransmitMessage_MustSendWithTimeOut	24	static
../Src/MCAL/CAN/CAN.c:410:21:Can_enuGetTEC_TransimissionErrorCounter	24	static
../Src/MCAL/CAN/CAN.c:422:21:Can_enuGetREC_ReceiveErrorCounter	24	static
../Src/MCAL/CAN/CAN.c:434:21:Can_enuGetErrorWarningFlag_TEC_OR_REC_GREATER_THAN_95	24	static
../Src/MCAL/CAN/CAN.c:445:21:Can_enuGetErrorPassiveFlag_TEC_OR_REC_GREATER_THAN_127	24	static
../Src/MCAL/CAN/CAN.c:457:21:Can_enuIsNodeInBusOffMode	24	static
../Src/MCAL/CAN/CAN.c:469:21:Can_enuConfigFilterx	24	static
../Src/MCAL/CAN/CAN.c:517:21:Can_enuReceiveMessageBothFifo_CheckOneTime	32	static
../Src/MCAL/CAN/CAN.c:533:21:Can_enuReceiveMessageFifox_CheckOneTime	32	static
../Src/MCAL/CAN/CAN.c:586:21:Can_enuReceiveMessageFifox_MustReceive	32	static,ignoring_inline_asm
../Src/MCAL/CAN/CAN.c:636:21:Can_enuReceiveMessageFifox_MustReceiveWithTimeOut	32	static
../Src/MCAL/CAN/CAN.c:690:21:Can_enuEnableRxInterruptFifox	24	static
../Src/MCAL/CAN/CAN.c:700:21:Can_enuDisableRxInterruptFifox	24	static
../Src/MCAL/CAN/CAN.c:709:21:Can_enuSetCallbackRxFunctionFifox	24	static
../Src/MCAL/CAN/CAN.c:727:28:enuFiltersInit	16	static
../Src/MCAL/CAN/CAN.c:760:6:USB_LP_CAN_RX0_IRQHandler	32	static
