../Src/HAL/TFT/TFT_program.c:28:6:HTFT_voidInitialize	8	static
../Src/HAL/TFT/TFT_program.c:57:1:TFT_SPI_CONFIG	16	static
../Src/HAL/TFT/TFT_program.c:70:6:HTFT_voidDisplayImage	24	static
../Src/HAL/TFT/TFT_program.c:106:6:HTFT_voidFillColor	24	static
../Src/HAL/TFT/TFT_program.c:140:6:HTFT_voidDrawRect	32	static
../Src/HAL/TFT/TFT_program.c:175:6:voidWriteCommand	24	static
../Src/HAL/TFT/TFT_program.c:187:6:voidWriteData	24	static
../Src/HAL/TFT/TFT_program.c:197:6:ST7735_Reset	8	static
../Src/HAL/TFT/TFT_program.c:205:6:ST7735_SetAddressWindow	24	static
../Src/HAL/TFT/TFT_program.c:224:6:ST7735_WriteChar	48	static
../Src/HAL/TFT/TFT_program.c:251:6:ST7735_WriteString	32	static
../Src/HAL/TFT/TFT_program.c:274:6:drawPixel	24	static
../Src/HAL/TFT/TFT_program.c:285:6:writePixel	16	static
../Src/HAL/TFT/TFT_program.c:290:6:writeLine	48	static
../Src/HAL/TFT/TFT_program.c:330:7:drawFastVLine	32	static
../Src/HAL/TFT/TFT_program.c:334:7:drawFastHLine	32	static
../Src/HAL/TFT/TFT_program.c:338:6:drawRect	24	static
../Src/HAL/TFT/TFT_program.c:346:6:ST7735_SetRotation	24	static
