Archive member included to satisfy reference by file (symbol)

c:/program files (x86)/atmel/studio/7.0/toolchain/avr8/avr8-gnu-toolchain/bin/../lib/gcc/avr/5.4.0/avr5\libgcc.a(_udivmodsi4.o)
                              HAL_Drivers/HAL_Src/LCD.o (__udivmodsi4)
c:/program files (x86)/atmel/studio/7.0/toolchain/avr8/avr8-gnu-toolchain/bin/../lib/gcc/avr/5.4.0/avr5\libgcc.a(_exit.o)
                              C:/Program Files (x86)/Atmel/Studio/7.0/Packs/atmel/ATmega_DFP/1.7.374/gcc/dev/atmega32/avr5/crtatmega32.o (exit)
c:/program files (x86)/atmel/studio/7.0/toolchain/avr8/avr8-gnu-toolchain/bin/../lib/gcc/avr/5.4.0/avr5\libgcc.a(_copy_data.o)
                              HAL_Drivers/HAL_Src/Keypad.o (__do_copy_data)
c:/program files (x86)/atmel/studio/7.0/toolchain/avr8/avr8-gnu-toolchain/bin/../lib/gcc/avr/5.4.0/avr5\libgcc.a(_clear_bss.o)
                              main.o (__do_clear_bss)
c:/program files (x86)/atmel/studio/7.0/toolchain/avr8/avr8-gnu-toolchain/bin/../lib/gcc/avr/5.4.0/avr5\libgcc.a(_muluhisi3.o)
                              main.o (__muluhisi3)
c:/program files (x86)/atmel/studio/7.0/toolchain/avr8/avr8-gnu-toolchain/bin/../lib/gcc/avr/5.4.0/avr5\libgcc.a(_umulhisi3.o)
                              c:/program files (x86)/atmel/studio/7.0/toolchain/avr8/avr8-gnu-toolchain/bin/../lib/gcc/avr/5.4.0/avr5\libgcc.a(_muluhisi3.o) (__umulhisi3)

Allocating common symbols
Common symbol       size              file

G_PWM0_Config       0x7               MCAL_Drivers/MCAL_Src/PWM0.o
P_UART_RX_ISR_CallBack
                    0x2               main.o
G_Timer0_Config     0x9               MCAL_Drivers/MCAL_Src/Timer0.o
P_UART_UDRE_ISR_CallBack
                    0x2               main.o

Discarded input sections

 .data          0x00000000        0x0 C:/Program Files (x86)/Atmel/Studio/7.0/Packs/atmel/ATmega_DFP/1.7.374/gcc/dev/atmega32/avr5/crtatmega32.o
 .bss           0x00000000        0x0 C:/Program Files (x86)/Atmel/Studio/7.0/Packs/atmel/ATmega_DFP/1.7.374/gcc/dev/atmega32/avr5/crtatmega32.o
 .text          0x00000000        0x0 HAL_Drivers/HAL_Src/Keypad.o
 .data          0x00000000        0x0 HAL_Drivers/HAL_Src/Keypad.o
 .bss           0x00000000        0x0 HAL_Drivers/HAL_Src/Keypad.o
 .text.Keypad_Get_Value
                0x00000000       0x92 HAL_Drivers/HAL_Src/Keypad.o
 .text.Keypad_Init
                0x00000000       0x1a HAL_Drivers/HAL_Src/Keypad.o
 .text.Keypad_Get_Button
                0x00000000       0xac HAL_Drivers/HAL_Src/Keypad.o
 .rodata.Keypad_Col_Pin
                0x00000000        0x4 HAL_Drivers/HAL_Src/Keypad.o
 .rodata.Keypad_Row_Pin
                0x00000000        0x4 HAL_Drivers/HAL_Src/Keypad.o
 .debug_info    0x00000000      0x142 HAL_Drivers/HAL_Src/Keypad.o
 .debug_abbrev  0x00000000       0xe7 HAL_Drivers/HAL_Src/Keypad.o
 .debug_loc     0x00000000      0x21b HAL_Drivers/HAL_Src/Keypad.o
 .debug_aranges
                0x00000000       0x30 HAL_Drivers/HAL_Src/Keypad.o
 .debug_ranges  0x00000000       0x20 HAL_Drivers/HAL_Src/Keypad.o
 .debug_line    0x00000000      0x1f4 HAL_Drivers/HAL_Src/Keypad.o
 .debug_str     0x00000000      0x1fa HAL_Drivers/HAL_Src/Keypad.o
 .comment       0x00000000       0x31 HAL_Drivers/HAL_Src/Keypad.o
 .debug_frame   0x00000000       0x44 HAL_Drivers/HAL_Src/Keypad.o
 .text          0x00000000        0x0 HAL_Drivers/HAL_Src/LCD.o
 .data          0x00000000        0x0 HAL_Drivers/HAL_Src/LCD.o
 .bss           0x00000000        0x0 HAL_Drivers/HAL_Src/LCD.o
 .text          0x00000000        0x0 main.o
 .data          0x00000000        0x0 main.o
 .bss           0x00000000        0x0 main.o
 .text          0x00000000        0x0 MCAL_Drivers/MCAL_Src/ADC.o
 .data          0x00000000        0x0 MCAL_Drivers/MCAL_Src/ADC.o
 .bss           0x00000000        0x0 MCAL_Drivers/MCAL_Src/ADC.o
 .text          0x00000000        0x0 MCAL_Drivers/MCAL_Src/I2C.o
 .data          0x00000000        0x0 MCAL_Drivers/MCAL_Src/I2C.o
 .bss           0x00000000        0x0 MCAL_Drivers/MCAL_Src/I2C.o
 .text.I2C_Init
                0x00000000       0x28 MCAL_Drivers/MCAL_Src/I2C.o
 .text.I2C_Start
                0x00000000       0x1e MCAL_Drivers/MCAL_Src/I2C.o
 .text.I2C_Master_TX
                0x00000000        0xe MCAL_Drivers/MCAL_Src/I2C.o
 .text.I2C_Stop
                0x00000000        0x6 MCAL_Drivers/MCAL_Src/I2C.o
 .text.I2C_Master_RX
                0x00000000        0xe MCAL_Drivers/MCAL_Src/I2C.o
 .text.I2C_Set_Address
                0x00000000        0x4 MCAL_Drivers/MCAL_Src/I2C.o
 .text.I2C_Slave_RX
                0x00000000       0x2c MCAL_Drivers/MCAL_Src/I2C.o
 .text.I2C_Slave_TX
                0x00000000        0xe MCAL_Drivers/MCAL_Src/I2C.o
 .debug_info    0x00000000      0x1af MCAL_Drivers/MCAL_Src/I2C.o
 .debug_abbrev  0x00000000       0xdb MCAL_Drivers/MCAL_Src/I2C.o
 .debug_loc     0x00000000       0xf2 MCAL_Drivers/MCAL_Src/I2C.o
 .debug_aranges
                0x00000000       0x58 MCAL_Drivers/MCAL_Src/I2C.o
 .debug_ranges  0x00000000       0x48 MCAL_Drivers/MCAL_Src/I2C.o
 .debug_line    0x00000000      0x1e3 MCAL_Drivers/MCAL_Src/I2C.o
 .debug_str     0x00000000      0x215 MCAL_Drivers/MCAL_Src/I2C.o
 .comment       0x00000000       0x31 MCAL_Drivers/MCAL_Src/I2C.o
 .debug_frame   0x00000000       0x94 MCAL_Drivers/MCAL_Src/I2C.o
 .text          0x00000000        0x0 MCAL_Drivers/MCAL_Src/PWM0.o
 .data          0x00000000        0x0 MCAL_Drivers/MCAL_Src/PWM0.o
 .bss           0x00000000        0x0 MCAL_Drivers/MCAL_Src/PWM0.o
 .text.PWM0_Init
                0x00000000       0x38 MCAL_Drivers/MCAL_Src/PWM0.o
 .text.PWM0_Start
                0x00000000       0x76 MCAL_Drivers/MCAL_Src/PWM0.o
 .text.PWM0_Reset
                0x00000000        0x8 MCAL_Drivers/MCAL_Src/PWM0.o
 .text          0x00000000        0x0 MCAL_Drivers/MCAL_Src/SPI.o
 .data          0x00000000        0x0 MCAL_Drivers/MCAL_Src/SPI.o
 .bss           0x00000000        0x0 MCAL_Drivers/MCAL_Src/SPI.o
 .text.SPI_Master_Init
                0x00000000       0x3e MCAL_Drivers/MCAL_Src/SPI.o
 .text.SPI_Slave_Init
                0x00000000       0x26 MCAL_Drivers/MCAL_Src/SPI.o
 .text.SPI_Send_Receive
                0x00000000       0x32 MCAL_Drivers/MCAL_Src/SPI.o
 .debug_info    0x00000000      0x143 MCAL_Drivers/MCAL_Src/SPI.o
 .debug_abbrev  0x00000000       0xe0 MCAL_Drivers/MCAL_Src/SPI.o
 .debug_loc     0x00000000       0x75 MCAL_Drivers/MCAL_Src/SPI.o
 .debug_aranges
                0x00000000       0x30 MCAL_Drivers/MCAL_Src/SPI.o
 .debug_ranges  0x00000000       0x20 MCAL_Drivers/MCAL_Src/SPI.o
 .debug_line    0x00000000      0x1d7 MCAL_Drivers/MCAL_Src/SPI.o
 .debug_str     0x00000000      0x20f MCAL_Drivers/MCAL_Src/SPI.o
 .comment       0x00000000       0x31 MCAL_Drivers/MCAL_Src/SPI.o
 .debug_frame   0x00000000       0x44 MCAL_Drivers/MCAL_Src/SPI.o
 .text          0x00000000        0x0 MCAL_Drivers/MCAL_Src/Timer0.o
 .data          0x00000000        0x0 MCAL_Drivers/MCAL_Src/Timer0.o
 .bss           0x00000000        0x0 MCAL_Drivers/MCAL_Src/Timer0.o
 .text.Timer0_Init
                0x00000000       0x30 MCAL_Drivers/MCAL_Src/Timer0.o
 .text.Timer0_Set_Timer_Reg
                0x00000000        0x4 MCAL_Drivers/MCAL_Src/Timer0.o
 .text.Timer0_Set_Output_Compare_Reg
                0x00000000        0x4 MCAL_Drivers/MCAL_Src/Timer0.o
 .text.Timer0_Start
                0x00000000        0xc MCAL_Drivers/MCAL_Src/Timer0.o
 .text.Timer0_Stop
                0x00000000        0xa MCAL_Drivers/MCAL_Src/Timer0.o
 .text.Timer0_Pause
                0x00000000        0x8 MCAL_Drivers/MCAL_Src/Timer0.o
 .text.Timer0_Get_Ticks
                0x00000000        0x4 MCAL_Drivers/MCAL_Src/Timer0.o
 .debug_info    0x00000000      0x1d9 MCAL_Drivers/MCAL_Src/Timer0.o
 .debug_abbrev  0x00000000       0xfa MCAL_Drivers/MCAL_Src/Timer0.o
 .debug_loc     0x00000000       0x65 MCAL_Drivers/MCAL_Src/Timer0.o
 .debug_aranges
                0x00000000       0x50 MCAL_Drivers/MCAL_Src/Timer0.o
 .debug_ranges  0x00000000       0x40 MCAL_Drivers/MCAL_Src/Timer0.o
 .debug_line    0x00000000      0x18a MCAL_Drivers/MCAL_Src/Timer0.o
 .debug_str     0x00000000      0x2c1 MCAL_Drivers/MCAL_Src/Timer0.o
 .comment       0x00000000       0x31 MCAL_Drivers/MCAL_Src/Timer0.o
 .debug_frame   0x00000000       0x90 MCAL_Drivers/MCAL_Src/Timer0.o
 COMMON         0x00000000        0x9 MCAL_Drivers/MCAL_Src/Timer0.o
 .text          0x00000000        0x0 MCAL_Drivers/MCAL_Src/UART.o
 .data          0x00000000        0x0 MCAL_Drivers/MCAL_Src/UART.o
 .bss           0x00000000        0x0 MCAL_Drivers/MCAL_Src/UART.o
 .text.UART_Init
                0x00000000       0x48 MCAL_Drivers/MCAL_Src/UART.o
 .text.UART_Send_Polling
                0x00000000        0x8 MCAL_Drivers/MCAL_Src/UART.o
 .text.UART_Receive_Polling
                0x00000000        0x8 MCAL_Drivers/MCAL_Src/UART.o
 .text.UART_Send_Periodic
                0x00000000        0x6 MCAL_Drivers/MCAL_Src/UART.o
 .text.UART_Receive_Periodic
                0x00000000        0xc MCAL_Drivers/MCAL_Src/UART.o
 .text.UART_Send_With_Interrupt
                0x00000000        0x4 MCAL_Drivers/MCAL_Src/UART.o
 .text.UART_Receive_With_Interrupt
                0x00000000        0x4 MCAL_Drivers/MCAL_Src/UART.o
 .text.UART_Send_uint32
                0x00000000       0x42 MCAL_Drivers/MCAL_Src/UART.o
 .text.UART_Receive_uint32
                0x00000000       0x56 MCAL_Drivers/MCAL_Src/UART.o
 .text.UART_Send_string
                0x00000000       0x26 MCAL_Drivers/MCAL_Src/UART.o
 .text.UART_Receive_string
                0x00000000       0x46 MCAL_Drivers/MCAL_Src/UART.o
 .text          0x00000000        0x0 c:/program files (x86)/atmel/studio/7.0/toolchain/avr8/avr8-gnu-toolchain/bin/../lib/gcc/avr/5.4.0/avr5\libgcc.a(_udivmodsi4.o)
 .data          0x00000000        0x0 c:/program files (x86)/atmel/studio/7.0/toolchain/avr8/avr8-gnu-toolchain/bin/../lib/gcc/avr/5.4.0/avr5\libgcc.a(_udivmodsi4.o)
 .bss           0x00000000        0x0 c:/program files (x86)/atmel/studio/7.0/toolchain/avr8/avr8-gnu-toolchain/bin/../lib/gcc/avr/5.4.0/avr5\libgcc.a(_udivmodsi4.o)
 .text.libgcc.mul
                0x00000000        0x0 c:/program files (x86)/atmel/studio/7.0/toolchain/avr8/avr8-gnu-toolchain/bin/../lib/gcc/avr/5.4.0/avr5\libgcc.a(_udivmodsi4.o)
 .text.libgcc   0x00000000        0x0 c:/program files (x86)/atmel/studio/7.0/toolchain/avr8/avr8-gnu-toolchain/bin/../lib/gcc/avr/5.4.0/avr5\libgcc.a(_udivmodsi4.o)
 .text.libgcc.prologue
                0x00000000        0x0 c:/program files (x86)/atmel/studio/7.0/toolchain/avr8/avr8-gnu-toolchain/bin/../lib/gcc/avr/5.4.0/avr5\libgcc.a(_udivmodsi4.o)
 .text.libgcc.builtins
                0x00000000        0x0 c:/program files (x86)/atmel/studio/7.0/toolchain/avr8/avr8-gnu-toolchain/bin/../lib/gcc/avr/5.4.0/avr5\libgcc.a(_udivmodsi4.o)
 .text.libgcc.fmul
                0x00000000        0x0 c:/program files (x86)/atmel/studio/7.0/toolchain/avr8/avr8-gnu-toolchain/bin/../lib/gcc/avr/5.4.0/avr5\libgcc.a(_udivmodsi4.o)
 .text.libgcc.fixed
                0x00000000        0x0 c:/program files (x86)/atmel/studio/7.0/toolchain/avr8/avr8-gnu-toolchain/bin/../lib/gcc/avr/5.4.0/avr5\libgcc.a(_udivmodsi4.o)
 .text          0x00000000        0x0 c:/program files (x86)/atmel/studio/7.0/toolchain/avr8/avr8-gnu-toolchain/bin/../lib/gcc/avr/5.4.0/avr5\libgcc.a(_exit.o)
 .data          0x00000000        0x0 c:/program files (x86)/atmel/studio/7.0/toolchain/avr8/avr8-gnu-toolchain/bin/../lib/gcc/avr/5.4.0/avr5\libgcc.a(_exit.o)
 .bss           0x00000000        0x0 c:/program files (x86)/atmel/studio/7.0/toolchain/avr8/avr8-gnu-toolchain/bin/../lib/gcc/avr/5.4.0/avr5\libgcc.a(_exit.o)
 .text.libgcc.mul
                0x00000000        0x0 c:/program files (x86)/atmel/studio/7.0/toolchain/avr8/avr8-gnu-toolchain/bin/../lib/gcc/avr/5.4.0/avr5\libgcc.a(_exit.o)
 .text.libgcc.div
                0x00000000        0x0 c:/program files (x86)/atmel/studio/7.0/toolchain/avr8/avr8-gnu-toolchain/bin/../lib/gcc/avr/5.4.0/avr5\libgcc.a(_exit.o)
 .text.libgcc   0x00000000        0x0 c:/program files (x86)/atmel/studio/7.0/toolchain/avr8/avr8-gnu-toolchain/bin/../lib/gcc/avr/5.4.0/avr5\libgcc.a(_exit.o)
 .text.libgcc.prologue
                0x00000000        0x0 c:/program files (x86)/atmel/studio/7.0/toolchain/avr8/avr8-gnu-toolchain/bin/../lib/gcc/avr/5.4.0/avr5\libgcc.a(_exit.o)
 .text.libgcc.builtins
                0x00000000        0x0 c:/program files (x86)/atmel/studio/7.0/toolchain/avr8/avr8-gnu-toolchain/bin/../lib/gcc/avr/5.4.0/avr5\libgcc.a(_exit.o)
 .text.libgcc.fmul
                0x00000000        0x0 c:/program files (x86)/atmel/studio/7.0/toolchain/avr8/avr8-gnu-toolchain/bin/../lib/gcc/avr/5.4.0/avr5\libgcc.a(_exit.o)
 .text.libgcc.fixed
                0x00000000        0x0 c:/program files (x86)/atmel/studio/7.0/toolchain/avr8/avr8-gnu-toolchain/bin/../lib/gcc/avr/5.4.0/avr5\libgcc.a(_exit.o)
 .text          0x00000000        0x0 c:/program files (x86)/atmel/studio/7.0/toolchain/avr8/avr8-gnu-toolchain/bin/../lib/gcc/avr/5.4.0/avr5\libgcc.a(_copy_data.o)
 .data          0x00000000        0x0 c:/program files (x86)/atmel/studio/7.0/toolchain/avr8/avr8-gnu-toolchain/bin/../lib/gcc/avr/5.4.0/avr5\libgcc.a(_copy_data.o)
 .bss           0x00000000        0x0 c:/program files (x86)/atmel/studio/7.0/toolchain/avr8/avr8-gnu-toolchain/bin/../lib/gcc/avr/5.4.0/avr5\libgcc.a(_copy_data.o)
 .text.libgcc.mul
                0x00000000        0x0 c:/program files (x86)/atmel/studio/7.0/toolchain/avr8/avr8-gnu-toolchain/bin/../lib/gcc/avr/5.4.0/avr5\libgcc.a(_copy_data.o)
 .text.libgcc.div
                0x00000000        0x0 c:/program files (x86)/atmel/studio/7.0/toolchain/avr8/avr8-gnu-toolchain/bin/../lib/gcc/avr/5.4.0/avr5\libgcc.a(_copy_data.o)
 .text.libgcc   0x00000000        0x0 c:/program files (x86)/atmel/studio/7.0/toolchain/avr8/avr8-gnu-toolchain/bin/../lib/gcc/avr/5.4.0/avr5\libgcc.a(_copy_data.o)
 .text.libgcc.prologue
                0x00000000        0x0 c:/program files (x86)/atmel/studio/7.0/toolchain/avr8/avr8-gnu-toolchain/bin/../lib/gcc/avr/5.4.0/avr5\libgcc.a(_copy_data.o)
 .text.libgcc.builtins
                0x00000000        0x0 c:/program files (x86)/atmel/studio/7.0/toolchain/avr8/avr8-gnu-toolchain/bin/../lib/gcc/avr/5.4.0/avr5\libgcc.a(_copy_data.o)
 .text.libgcc.fmul
                0x00000000        0x0 c:/program files (x86)/atmel/studio/7.0/toolchain/avr8/avr8-gnu-toolchain/bin/../lib/gcc/avr/5.4.0/avr5\libgcc.a(_copy_data.o)
 .text.libgcc.fixed
                0x00000000        0x0 c:/program files (x86)/atmel/studio/7.0/toolchain/avr8/avr8-gnu-toolchain/bin/../lib/gcc/avr/5.4.0/avr5\libgcc.a(_copy_data.o)
 .text          0x00000000        0x0 c:/program files (x86)/atmel/studio/7.0/toolchain/avr8/avr8-gnu-toolchain/bin/../lib/gcc/avr/5.4.0/avr5\libgcc.a(_clear_bss.o)
 .data          0x00000000        0x0 c:/program files (x86)/atmel/studio/7.0/toolchain/avr8/avr8-gnu-toolchain/bin/../lib/gcc/avr/5.4.0/avr5\libgcc.a(_clear_bss.o)
 .bss           0x00000000        0x0 c:/program files (x86)/atmel/studio/7.0/toolchain/avr8/avr8-gnu-toolchain/bin/../lib/gcc/avr/5.4.0/avr5\libgcc.a(_clear_bss.o)
 .text.libgcc.mul
                0x00000000        0x0 c:/program files (x86)/atmel/studio/7.0/toolchain/avr8/avr8-gnu-toolchain/bin/../lib/gcc/avr/5.4.0/avr5\libgcc.a(_clear_bss.o)
 .text.libgcc.div
                0x00000000        0x0 c:/program files (x86)/atmel/studio/7.0/toolchain/avr8/avr8-gnu-toolchain/bin/../lib/gcc/avr/5.4.0/avr5\libgcc.a(_clear_bss.o)
 .text.libgcc   0x00000000        0x0 c:/program files (x86)/atmel/studio/7.0/toolchain/avr8/avr8-gnu-toolchain/bin/../lib/gcc/avr/5.4.0/avr5\libgcc.a(_clear_bss.o)
 .text.libgcc.prologue
                0x00000000        0x0 c:/program files (x86)/atmel/studio/7.0/toolchain/avr8/avr8-gnu-toolchain/bin/../lib/gcc/avr/5.4.0/avr5\libgcc.a(_clear_bss.o)
 .text.libgcc.builtins
                0x00000000        0x0 c:/program files (x86)/atmel/studio/7.0/toolchain/avr8/avr8-gnu-toolchain/bin/../lib/gcc/avr/5.4.0/avr5\libgcc.a(_clear_bss.o)
 .text.libgcc.fmul
                0x00000000        0x0 c:/program files (x86)/atmel/studio/7.0/toolchain/avr8/avr8-gnu-toolchain/bin/../lib/gcc/avr/5.4.0/avr5\libgcc.a(_clear_bss.o)
 .text.libgcc.fixed
                0x00000000        0x0 c:/program files (x86)/atmel/studio/7.0/toolchain/avr8/avr8-gnu-toolchain/bin/../lib/gcc/avr/5.4.0/avr5\libgcc.a(_clear_bss.o)
 .text          0x00000000        0x0 c:/program files (x86)/atmel/studio/7.0/toolchain/avr8/avr8-gnu-toolchain/bin/../lib/gcc/avr/5.4.0/avr5\libgcc.a(_muluhisi3.o)
 .data          0x00000000        0x0 c:/program files (x86)/atmel/studio/7.0/toolchain/avr8/avr8-gnu-toolchain/bin/../lib/gcc/avr/5.4.0/avr5\libgcc.a(_muluhisi3.o)
 .bss           0x00000000        0x0 c:/program files (x86)/atmel/studio/7.0/toolchain/avr8/avr8-gnu-toolchain/bin/../lib/gcc/avr/5.4.0/avr5\libgcc.a(_muluhisi3.o)
 .text.libgcc.div
                0x00000000        0x0 c:/program files (x86)/atmel/studio/7.0/toolchain/avr8/avr8-gnu-toolchain/bin/../lib/gcc/avr/5.4.0/avr5\libgcc.a(_muluhisi3.o)
 .text.libgcc   0x00000000        0x0 c:/program files (x86)/atmel/studio/7.0/toolchain/avr8/avr8-gnu-toolchain/bin/../lib/gcc/avr/5.4.0/avr5\libgcc.a(_muluhisi3.o)
 .text.libgcc.prologue
                0x00000000        0x0 c:/program files (x86)/atmel/studio/7.0/toolchain/avr8/avr8-gnu-toolchain/bin/../lib/gcc/avr/5.4.0/avr5\libgcc.a(_muluhisi3.o)
 .text.libgcc.builtins
                0x00000000        0x0 c:/program files (x86)/atmel/studio/7.0/toolchain/avr8/avr8-gnu-toolchain/bin/../lib/gcc/avr/5.4.0/avr5\libgcc.a(_muluhisi3.o)
 .text.libgcc.fmul
                0x00000000        0x0 c:/program files (x86)/atmel/studio/7.0/toolchain/avr8/avr8-gnu-toolchain/bin/../lib/gcc/avr/5.4.0/avr5\libgcc.a(_muluhisi3.o)
 .text.libgcc.fixed
                0x00000000        0x0 c:/program files (x86)/atmel/studio/7.0/toolchain/avr8/avr8-gnu-toolchain/bin/../lib/gcc/avr/5.4.0/avr5\libgcc.a(_muluhisi3.o)
 .text          0x00000000        0x0 c:/program files (x86)/atmel/studio/7.0/toolchain/avr8/avr8-gnu-toolchain/bin/../lib/gcc/avr/5.4.0/avr5\libgcc.a(_umulhisi3.o)
 .data          0x00000000        0x0 c:/program files (x86)/atmel/studio/7.0/toolchain/avr8/avr8-gnu-toolchain/bin/../lib/gcc/avr/5.4.0/avr5\libgcc.a(_umulhisi3.o)
 .bss           0x00000000        0x0 c:/program files (x86)/atmel/studio/7.0/toolchain/avr8/avr8-gnu-toolchain/bin/../lib/gcc/avr/5.4.0/avr5\libgcc.a(_umulhisi3.o)
 .text.libgcc.div
                0x00000000        0x0 c:/program files (x86)/atmel/studio/7.0/toolchain/avr8/avr8-gnu-toolchain/bin/../lib/gcc/avr/5.4.0/avr5\libgcc.a(_umulhisi3.o)
 .text.libgcc   0x00000000        0x0 c:/program files (x86)/atmel/studio/7.0/toolchain/avr8/avr8-gnu-toolchain/bin/../lib/gcc/avr/5.4.0/avr5\libgcc.a(_umulhisi3.o)
 .text.libgcc.prologue
                0x00000000        0x0 c:/program files (x86)/atmel/studio/7.0/toolchain/avr8/avr8-gnu-toolchain/bin/../lib/gcc/avr/5.4.0/avr5\libgcc.a(_umulhisi3.o)
 .text.libgcc.builtins
                0x00000000        0x0 c:/program files (x86)/atmel/studio/7.0/toolchain/avr8/avr8-gnu-toolchain/bin/../lib/gcc/avr/5.4.0/avr5\libgcc.a(_umulhisi3.o)
 .text.libgcc.fmul
                0x00000000        0x0 c:/program files (x86)/atmel/studio/7.0/toolchain/avr8/avr8-gnu-toolchain/bin/../lib/gcc/avr/5.4.0/avr5\libgcc.a(_umulhisi3.o)
 .text.libgcc.fixed
                0x00000000        0x0 c:/program files (x86)/atmel/studio/7.0/toolchain/avr8/avr8-gnu-toolchain/bin/../lib/gcc/avr/5.4.0/avr5\libgcc.a(_umulhisi3.o)

Memory Configuration

Name             Origin             Length             Attributes
text             0x00000000         0x00008000         xr
data             0x00800060         0x00000800         rw !x
eeprom           0x00810000         0x00000400         rw !x
fuse             0x00820000         0x00000002         rw !x
lock             0x00830000         0x00000400         rw !x
signature        0x00840000         0x00000400         rw !x
user_signatures  0x00850000         0x00000400         rw !x
*default*        0x00000000         0xffffffff

Linker script and memory map

LOAD C:/Program Files (x86)/Atmel/Studio/7.0/Packs/atmel/ATmega_DFP/1.7.374/gcc/dev/atmega32/avr5/crtatmega32.o
LOAD HAL_Drivers/HAL_Src/Keypad.o
LOAD HAL_Drivers/HAL_Src/LCD.o
LOAD main.o
LOAD MCAL_Drivers/MCAL_Src/ADC.o
LOAD MCAL_Drivers/MCAL_Src/I2C.o
LOAD MCAL_Drivers/MCAL_Src/PWM0.o
LOAD MCAL_Drivers/MCAL_Src/SPI.o
LOAD MCAL_Drivers/MCAL_Src/Timer0.o
LOAD MCAL_Drivers/MCAL_Src/UART.o
START GROUP
LOAD c:/program files (x86)/atmel/studio/7.0/toolchain/avr8/avr8-gnu-toolchain/bin/../lib/gcc/avr/5.4.0/../../../../avr/lib/avr5\libm.a
END GROUP
START GROUP
LOAD c:/program files (x86)/atmel/studio/7.0/toolchain/avr8/avr8-gnu-toolchain/bin/../lib/gcc/avr/5.4.0/avr5\libgcc.a
LOAD c:/program files (x86)/atmel/studio/7.0/toolchain/avr8/avr8-gnu-toolchain/bin/../lib/gcc/avr/5.4.0/../../../../avr/lib/avr5\libm.a
LOAD c:/program files (x86)/atmel/studio/7.0/toolchain/avr8/avr8-gnu-toolchain/bin/../lib/gcc/avr/5.4.0/../../../../avr/lib/avr5\libc.a
LOAD C:/Program Files (x86)/Atmel/Studio/7.0/Packs/atmel/ATmega_DFP/1.7.374/gcc/dev/atmega32/avr5\libatmega32.a
END GROUP
                0x00000000                __TEXT_REGION_ORIGIN__ = DEFINED (__TEXT_REGION_ORIGIN__)?__TEXT_REGION_ORIGIN__:0x0
                [0x00800060]                __DATA_REGION_ORIGIN__ = DEFINED (__DATA_REGION_ORIGIN__)?__DATA_REGION_ORIGIN__:0x800060
                [0x00008000]                __TEXT_REGION_LENGTH__ = DEFINED (__TEXT_REGION_LENGTH__)?__TEXT_REGION_LENGTH__:0x20000
                [0x00000800]                __DATA_REGION_LENGTH__ = DEFINED (__DATA_REGION_LENGTH__)?__DATA_REGION_LENGTH__:0xffa0
                [0x00000400]                __EEPROM_REGION_LENGTH__ = DEFINED (__EEPROM_REGION_LENGTH__)?__EEPROM_REGION_LENGTH__:0x10000
                [0x00000002]                __FUSE_REGION_LENGTH__ = DEFINED (__FUSE_REGION_LENGTH__)?__FUSE_REGION_LENGTH__:0x400
                0x00000400                __LOCK_REGION_LENGTH__ = DEFINED (__LOCK_REGION_LENGTH__)?__LOCK_REGION_LENGTH__:0x400
                0x00000400                __SIGNATURE_REGION_LENGTH__ = DEFINED (__SIGNATURE_REGION_LENGTH__)?__SIGNATURE_REGION_LENGTH__:0x400
                0x00000400                __USER_SIGNATURE_REGION_LENGTH__ = DEFINED (__USER_SIGNATURE_REGION_LENGTH__)?__USER_SIGNATURE_REGION_LENGTH__:0x400

.hash
 *(.hash)

.dynsym
 *(.dynsym)

.dynstr
 *(.dynstr)

.gnu.version
 *(.gnu.version)

.gnu.version_d
 *(.gnu.version_d)

.gnu.version_r
 *(.gnu.version_r)

.rel.init
 *(.rel.init)

.rela.init
 *(.rela.init)

.rel.text
 *(.rel.text)
 *(.rel.text.*)
 *(.rel.gnu.linkonce.t*)

.rela.text
 *(.rela.text)
 *(.rela.text.*)
 *(.rela.gnu.linkonce.t*)

.rel.fini
 *(.rel.fini)

.rela.fini
 *(.rela.fini)

.rel.rodata
 *(.rel.rodata)
 *(.rel.rodata.*)
 *(.rel.gnu.linkonce.r*)

.rela.rodata
 *(.rela.rodata)
 *(.rela.rodata.*)
 *(.rela.gnu.linkonce.r*)

.rel.data
 *(.rel.data)
 *(.rel.data.*)
 *(.rel.gnu.linkonce.d*)

.rela.data
 *(.rela.data)
 *(.rela.data.*)
 *(.rela.gnu.linkonce.d*)

.rel.ctors
 *(.rel.ctors)

.rela.ctors
 *(.rela.ctors)

.rel.dtors
 *(.rel.dtors)

.rela.dtors
 *(.rela.dtors)

.rel.got
 *(.rel.got)

.rela.got
 *(.rela.got)

.rel.bss
 *(.rel.bss)

.rela.bss
 *(.rela.bss)

.rel.plt
 *(.rel.plt)

.rela.plt
 *(.rela.plt)

.text           0x00000000      0x64c
 *(.vectors)
 .vectors       0x00000000       0x54 C:/Program Files (x86)/Atmel/Studio/7.0/Packs/atmel/ATmega_DFP/1.7.374/gcc/dev/atmega32/avr5/crtatmega32.o
                0x00000000                __vector_default
                0x00000000                __vectors
 *(.vectors)
 *(.progmem.gcc*)
                0x00000054                . = ALIGN (0x2)
                0x00000054                __trampolines_start = .
 *(.trampolines)
 .trampolines   0x00000054        0x0 linker stubs
 *(.trampolines*)
                0x00000054                __trampolines_end = .
 *libprintf_flt.a:*(.progmem.data)
 *libc.a:*(.progmem.data)
 *(.progmem*)
                0x00000054                . = ALIGN (0x2)
 *(.jumptables)
 *(.jumptables*)
 *(.lowtext)
 *(.lowtext*)
                0x00000054                __ctors_start = .
 *(.ctors)
                0x00000054                __ctors_end = .
                0x00000054                __dtors_start = .
 *(.dtors)
                0x00000054                __dtors_end = .
 SORT(*)(.ctors)
 SORT(*)(.dtors)
 *(.init0)
 .init0         0x00000054        0x0 C:/Program Files (x86)/Atmel/Studio/7.0/Packs/atmel/ATmega_DFP/1.7.374/gcc/dev/atmega32/avr5/crtatmega32.o
                0x00000054                __init
 *(.init0)
 *(.init1)
 *(.init1)
 *(.init2)
 .init2         0x00000054        0xc C:/Program Files (x86)/Atmel/Studio/7.0/Packs/atmel/ATmega_DFP/1.7.374/gcc/dev/atmega32/avr5/crtatmega32.o
 *(.init2)
 *(.init3)
 *(.init3)
 *(.init4)
 .init4         0x00000060       0x16 c:/program files (x86)/atmel/studio/7.0/toolchain/avr8/avr8-gnu-toolchain/bin/../lib/gcc/avr/5.4.0/avr5\libgcc.a(_copy_data.o)
                0x00000060                __do_copy_data
 .init4         0x00000076       0x10 c:/program files (x86)/atmel/studio/7.0/toolchain/avr8/avr8-gnu-toolchain/bin/../lib/gcc/avr/5.4.0/avr5\libgcc.a(_clear_bss.o)
                0x00000076                __do_clear_bss
 *(.init4)
 *(.init5)
 *(.init5)
 *(.init6)
 *(.init6)
 *(.init7)
 *(.init7)
 *(.init8)
 *(.init8)
 *(.init9)
 .init9         0x00000086        0x8 C:/Program Files (x86)/Atmel/Studio/7.0/Packs/atmel/ATmega_DFP/1.7.374/gcc/dev/atmega32/avr5/crtatmega32.o
 *(.init9)
 *(.text)
 .text          0x0000008e        0x4 C:/Program Files (x86)/Atmel/Studio/7.0/Packs/atmel/ATmega_DFP/1.7.374/gcc/dev/atmega32/avr5/crtatmega32.o
                0x0000008e                __vector_1
                0x0000008e                __vector_12
                0x0000008e                __bad_interrupt
                0x0000008e                __vector_6
                0x0000008e                __vector_3
                0x0000008e                __vector_17
                0x0000008e                __vector_19
                0x0000008e                __vector_7
                0x0000008e                __vector_5
                0x0000008e                __vector_4
                0x0000008e                __vector_9
                0x0000008e                __vector_2
                0x0000008e                __vector_15
                0x0000008e                __vector_8
                0x0000008e                __vector_16
                0x0000008e                __vector_18
                0x0000008e                __vector_20
                0x00000092                . = ALIGN (0x2)
 *(.text.*)
 .text.LCD_kick
                0x00000092       0x26 HAL_Drivers/HAL_Src/LCD.o
 .text.LCD_WRITE_COMMAND
                0x000000b8       0x34 HAL_Drivers/HAL_Src/LCD.o
                0x000000b8                LCD_WRITE_COMMAND
 .text.LCD_WRITE_CHAR
                0x000000ec       0x46 HAL_Drivers/HAL_Src/LCD.o
                0x000000ec                LCD_WRITE_CHAR
 .text.LCD_Write_Number
                0x00000132       0xa2 HAL_Drivers/HAL_Src/LCD.o
                0x00000132                LCD_Write_Number
 .text.LCD_Clear_Screen
                0x000001d4        0x8 HAL_Drivers/HAL_Src/LCD.o
                0x000001d4                LCD_Clear_Screen
 .text.LCD_INIT
                0x000001dc       0x4e HAL_Drivers/HAL_Src/LCD.o
                0x000001dc                LCD_INIT
 .text.LCD_GOTO_XY
                0x0000022a       0x1e HAL_Drivers/HAL_Src/LCD.o
                0x0000022a                LCD_GOTO_XY
 .text.LCD_WRITE_STRING
                0x00000248       0x50 HAL_Drivers/HAL_Src/LCD.o
                0x00000248                LCD_WRITE_STRING
 .text.ADC_Test
                0x00000298       0xbe main.o
                0x00000298                ADC_Test
 .text.main     0x00000356       0x14 main.o
                0x00000356                main
 .text.ADC_Init
                0x0000036a       0x36 MCAL_Drivers/MCAL_Src/ADC.o
                0x0000036a                ADC_Init
 .text.ADC_Read_Single_Conversion
                0x000003a0       0x3e MCAL_Drivers/MCAL_Src/ADC.o
                0x000003a0                ADC_Read_Single_Conversion
 .text.__vector_11
                0x000003de      0x104 MCAL_Drivers/MCAL_Src/PWM0.o
                0x000003de                __vector_11
 .text.__vector_10
                0x000004e2       0x52 MCAL_Drivers/MCAL_Src/PWM0.o
                0x000004e2                __vector_10
 .text.__vector_14
                0x00000534       0x4e MCAL_Drivers/MCAL_Src/UART.o
                0x00000534                __vector_14
 .text.__vector_13
                0x00000582       0x4e MCAL_Drivers/MCAL_Src/UART.o
                0x00000582                __vector_13
 .text.libgcc.div
                0x000005d0       0x44 c:/program files (x86)/atmel/studio/7.0/toolchain/avr8/avr8-gnu-toolchain/bin/../lib/gcc/avr/5.4.0/avr5\libgcc.a(_udivmodsi4.o)
                0x000005d0                __udivmodsi4
 .text.libgcc.mul
                0x00000614       0x16 c:/program files (x86)/atmel/studio/7.0/toolchain/avr8/avr8-gnu-toolchain/bin/../lib/gcc/avr/5.4.0/avr5\libgcc.a(_muluhisi3.o)
                0x00000614                __muluhisi3
 .text.libgcc.mul
                0x0000062a       0x1e c:/program files (x86)/atmel/studio/7.0/toolchain/avr8/avr8-gnu-toolchain/bin/../lib/gcc/avr/5.4.0/avr5\libgcc.a(_umulhisi3.o)
                0x0000062a                __umulhisi3
                0x00000648                . = ALIGN (0x2)
 *(.fini9)
 .fini9         0x00000648        0x0 c:/program files (x86)/atmel/studio/7.0/toolchain/avr8/avr8-gnu-toolchain/bin/../lib/gcc/avr/5.4.0/avr5\libgcc.a(_exit.o)
                0x00000648                _exit
                0x00000648                exit
 *(.fini9)
 *(.fini8)
 *(.fini8)
 *(.fini7)
 *(.fini7)
 *(.fini6)
 *(.fini6)
 *(.fini5)
 *(.fini5)
 *(.fini4)
 *(.fini4)
 *(.fini3)
 *(.fini3)
 *(.fini2)
 *(.fini2)
 *(.fini1)
 *(.fini1)
 *(.fini0)
 .fini0         0x00000648        0x4 c:/program files (x86)/atmel/studio/7.0/toolchain/avr8/avr8-gnu-toolchain/bin/../lib/gcc/avr/5.4.0/avr5\libgcc.a(_exit.o)
 *(.fini0)
                0x0000064c                _etext = .

.data           0x00800060       0x1e load address 0x0000064c
                0x00800060                PROVIDE (__data_start, .)
 *(.data)
 *(.data*)
 .data.ADC_CFG  0x00800060        0x5 main.o
                0x00800060                ADC_CFG
 *(.gnu.linkonce.d*)
 *(.rodata)
 *(.rodata*)
 .rodata.str1.1
                0x00800065       0x19 main.o
 *(.gnu.linkonce.r*)
                0x0080007e                . = ALIGN (0x2)
                0x0080007e                _edata = .
                0x0080007e                PROVIDE (__data_end, .)

.bss            0x0080007e       0x13
                0x0080007e                PROVIDE (__bss_start, .)
 *(.bss)
 *(.bss*)
 .bss.Cnt_OVF.1764
                0x0080007e        0x4 MCAL_Drivers/MCAL_Src/PWM0.o
 .bss.G_N_Pulses
                0x00800082        0x4 MCAL_Drivers/MCAL_Src/PWM0.o
                0x00800082                G_N_Pulses
 *(COMMON)
 COMMON         0x00800086        0x4 main.o
                0x00800086                P_UART_RX_ISR_CallBack
                0x00800088                P_UART_UDRE_ISR_CallBack
 COMMON         0x0080008a        0x7 MCAL_Drivers/MCAL_Src/PWM0.o
                0x0080008a                G_PWM0_Config
                0x00800091                PROVIDE (__bss_end, .)
                0x0000064c                __data_load_start = LOADADDR (.data)
                0x0000066a                __data_load_end = (__data_load_start + SIZEOF (.data))

.noinit         0x00800091        0x0
                [!provide]                PROVIDE (__noinit_start, .)
 *(.noinit*)
                [!provide]                PROVIDE (__noinit_end, .)
                0x00800091                _end = .
                [!provide]                PROVIDE (__heap_start, .)

.eeprom         0x00810000        0x0
 *(.eeprom*)
                0x00810000                __eeprom_end = .

.fuse
 *(.fuse)
 *(.lfuse)
 *(.hfuse)
 *(.efuse)

.lock
 *(.lock*)

.signature
 *(.signature*)

.user_signatures
 *(.user_signatures*)

.stab
 *(.stab)

.stabstr
 *(.stabstr)

.stab.excl
 *(.stab.excl)

.stab.exclstr
 *(.stab.exclstr)

.stab.index
 *(.stab.index)

.stab.indexstr
 *(.stab.indexstr)

.comment        0x00000000       0x30
 *(.comment)
 .comment       0x00000000       0x30 HAL_Drivers/HAL_Src/LCD.o
                                 0x31 (size before relaxing)
 .comment       0x00000030       0x31 main.o
 .comment       0x00000030       0x31 MCAL_Drivers/MCAL_Src/ADC.o
 .comment       0x00000030       0x31 MCAL_Drivers/MCAL_Src/PWM0.o
 .comment       0x00000030       0x31 MCAL_Drivers/MCAL_Src/UART.o

.note.gnu.avr.deviceinfo
                0x00000000       0x3c
 .note.gnu.avr.deviceinfo
                0x00000000       0x3c C:/Program Files (x86)/Atmel/Studio/7.0/Packs/atmel/ATmega_DFP/1.7.374/gcc/dev/atmega32/avr5/crtatmega32.o

.note.gnu.build-id
 *(.note.gnu.build-id)

.debug
 *(.debug)

.line
 *(.line)

.debug_srcinfo
 *(.debug_srcinfo)

.debug_sfnames
 *(.debug_sfnames)

.debug_aranges  0x00000000      0x168
 *(.debug_aranges)
 .debug_aranges
                0x00000000       0x58 HAL_Drivers/HAL_Src/LCD.o
 .debug_aranges
                0x00000058       0x28 main.o
 .debug_aranges
                0x00000080       0x28 MCAL_Drivers/MCAL_Src/ADC.o
 .debug_aranges
                0x000000a8       0x40 MCAL_Drivers/MCAL_Src/PWM0.o
 .debug_aranges
                0x000000e8       0x80 MCAL_Drivers/MCAL_Src/UART.o

.debug_pubnames
 *(.debug_pubnames)

.debug_info     0x00000000     0x12da
 *(.debug_info .gnu.linkonce.wi.*)
 .debug_info    0x00000000      0x4e6 C:/Program Files (x86)/Atmel/Studio/7.0/Packs/atmel/ATmega_DFP/1.7.374/gcc/dev/atmega32/avr5/crtatmega32.o
 .debug_info    0x000004e6      0x486 HAL_Drivers/HAL_Src/LCD.o
 .debug_info    0x0000096c      0x345 main.o
 .debug_info    0x00000cb1      0x13b MCAL_Drivers/MCAL_Src/ADC.o
 .debug_info    0x00000dec      0x1de MCAL_Drivers/MCAL_Src/PWM0.o
 .debug_info    0x00000fca      0x310 MCAL_Drivers/MCAL_Src/UART.o

.debug_abbrev   0x00000000      0xb06
 *(.debug_abbrev)
 .debug_abbrev  0x00000000      0x4a3 C:/Program Files (x86)/Atmel/Studio/7.0/Packs/atmel/ATmega_DFP/1.7.374/gcc/dev/atmega32/avr5/crtatmega32.o
 .debug_abbrev  0x000004a3      0x19a HAL_Drivers/HAL_Src/LCD.o
 .debug_abbrev  0x0000063d      0x18e main.o
 .debug_abbrev  0x000007cb       0xb0 MCAL_Drivers/MCAL_Src/ADC.o
 .debug_abbrev  0x0000087b      0x126 MCAL_Drivers/MCAL_Src/PWM0.o
 .debug_abbrev  0x000009a1      0x165 MCAL_Drivers/MCAL_Src/UART.o

.debug_line     0x00000000      0xc30
 *(.debug_line .debug_line.* .debug_line_end)
 .debug_line    0x00000000      0x116 C:/Program Files (x86)/Atmel/Studio/7.0/Packs/atmel/ATmega_DFP/1.7.374/gcc/dev/atmega32/avr5/crtatmega32.o
 .debug_line    0x00000116      0x2fa HAL_Drivers/HAL_Src/LCD.o
 .debug_line    0x00000410      0x1d9 main.o
 .debug_line    0x000005e9      0x144 MCAL_Drivers/MCAL_Src/ADC.o
 .debug_line    0x0000072d      0x1eb MCAL_Drivers/MCAL_Src/PWM0.o
 .debug_line    0x00000918      0x318 MCAL_Drivers/MCAL_Src/UART.o

.debug_frame    0x00000000      0x44c
 *(.debug_frame)
 .debug_frame   0x00000000       0xd4 HAL_Drivers/HAL_Src/LCD.o
 .debug_frame   0x000000d4       0x50 main.o
 .debug_frame   0x00000124       0x34 MCAL_Drivers/MCAL_Src/ADC.o
 .debug_frame   0x00000158      0x11c MCAL_Drivers/MCAL_Src/PWM0.o
 .debug_frame   0x00000274      0x1d8 MCAL_Drivers/MCAL_Src/UART.o

.debug_str      0x00000000      0x797
 *(.debug_str)
 .debug_str     0x00000000      0x196 C:/Program Files (x86)/Atmel/Studio/7.0/Packs/atmel/ATmega_DFP/1.7.374/gcc/dev/atmega32/avr5/crtatmega32.o
 .debug_str     0x00000196      0x247 HAL_Drivers/HAL_Src/LCD.o
                                0x282 (size before relaxing)
 .debug_str     0x000003dd      0x133 main.o
                                0x33c (size before relaxing)
 .debug_str     0x00000510       0x3e MCAL_Drivers/MCAL_Src/ADC.o
                                0x247 (size before relaxing)
 .debug_str     0x0000054e      0x10f MCAL_Drivers/MCAL_Src/PWM0.o
                                0x291 (size before relaxing)
 .debug_str     0x0000065d      0x13a MCAL_Drivers/MCAL_Src/UART.o
                                0x2e8 (size before relaxing)

.debug_loc      0x00000000      0xe89
 *(.debug_loc)
 .debug_loc     0x00000000      0x469 HAL_Drivers/HAL_Src/LCD.o
 .debug_loc     0x00000469      0x1dc main.o
 .debug_loc     0x00000645       0x89 MCAL_Drivers/MCAL_Src/ADC.o
 .debug_loc     0x000006ce      0x2ef MCAL_Drivers/MCAL_Src/PWM0.o
 .debug_loc     0x000009bd      0x4cc MCAL_Drivers/MCAL_Src/UART.o

.debug_macinfo
 *(.debug_macinfo)

.debug_weaknames
 *(.debug_weaknames)

.debug_funcnames
 *(.debug_funcnames)

.debug_typenames
 *(.debug_typenames)

.debug_varnames
 *(.debug_varnames)

.debug_pubtypes
 *(.debug_pubtypes)

.debug_ranges   0x00000000      0x118
 *(.debug_ranges)
 .debug_ranges  0x00000000       0x48 HAL_Drivers/HAL_Src/LCD.o
 .debug_ranges  0x00000048       0x18 main.o
 .debug_ranges  0x00000060       0x18 MCAL_Drivers/MCAL_Src/ADC.o
 .debug_ranges  0x00000078       0x30 MCAL_Drivers/MCAL_Src/PWM0.o
 .debug_ranges  0x000000a8       0x70 MCAL_Drivers/MCAL_Src/UART.o

.debug_macro
 *(.debug_macro)
OUTPUT(AVR_Drivers.elf elf32-avr)
LOAD linker stubs
