../Src/MCAL/EXTI/EXTI.c:28:6:MEXTI_voidEnableEXTI	16	static
../Src/MCAL/EXTI/EXTI.c:37:6:MEXTI_voidDisableEXTI	16	static
../Src/MCAL/EXTI/EXTI.c:46:6:MEXTI_voidSwTrigger	16	static
../Src/MCAL/EXTI/EXTI.c:56:6:MEXTI_voidSetSignalLatch	16	static
../Src/MCAL/EXTI/EXTI.c:80:6:MEXTI_voidSetCallBack	16	static
../Src/MCAL/EXTI/EXTI.c:84:6:EXTI0_IRQHandler	8	static
../Src/MCAL/EXTI/EXTI.c:96:6:EXTI1_IRQHandler	8	static
../Src/MCAL/EXTI/EXTI.c:108:6:EXTI2_IRQHandler	8	static
../Src/MCAL/EXTI/EXTI.c:120:6:EXTI3_IRQHandler	8	static
../Src/MCAL/EXTI/EXTI.c:132:6:EXTI4_IRQHandler	8	static
../Src/MCAL/EXTI/EXTI.c:144:6:EXTI5_IRQHandler	8	static
../Src/MCAL/EXTI/EXTI.c:156:6:EXTI6_IRQHandler	8	static
../Src/MCAL/EXTI/EXTI.c:168:6:EXTI7_IRQHandler	8	static
../Src/MCAL/EXTI/EXTI.c:180:6:EXTI8_IRQHandler	8	static
../Src/MCAL/EXTI/EXTI.c:192:6:EXTI9_IRQHandler	8	static
../Src/MCAL/EXTI/EXTI.c:204:6:EXTI10_IRQHandler	8	static
../Src/MCAL/EXTI/EXTI.c:216:6:EXTI11_IRQHandler	8	static
../Src/MCAL/EXTI/EXTI.c:228:6:EXTI12_IRQHandler	8	static
../Src/MCAL/EXTI/EXTI.c:240:6:EXTI13_IRQHandler	8	static
../Src/MCAL/EXTI/EXTI.c:252:6:EXTI14_IRQHandler	8	static
../Src/MCAL/EXTI/EXTI.c:264:6:EXTI15_IRQHandler	8	static
