
Memory Configuration

Name             Origin             Length             Attributes
flash            0x00000000         0x20000000         xr
sram             0x20000000         0x20000000         xrw
*default*        0x00000000         0xffffffff

Linker script and memory map


.text           0x00000000      0x18c
 *(.vectors)
 .vectors       0x00000000       0x10 startup.o
                0x00000000                g_arr_p_2_f
 *(.text)
 .text          0x00000010       0xbc startup.o
                0x00000010                Reset_Handler
                0x000000c0                H_Fault_Handler
                0x000000c0                Default_Handler
                0x000000c0                NMI_Handler
 .text          0x000000cc       0xc0 main.o
                0x000000cc                main
 *(.rodata)
                0x0000018c                _E_text = .

.glue_7         0x0000018c        0x0
 .glue_7        0x00000000        0x0 linker stubs

.glue_7t        0x0000018c        0x0
 .glue_7t       0x00000000        0x0 linker stubs

.vfp11_veneer   0x0000018c        0x0
 .vfp11_veneer  0x00000000        0x0 linker stubs

.v4_bx          0x0000018c        0x0
 .v4_bx         0x00000000        0x0 linker stubs

.iplt           0x0000018c        0x0
 .iplt          0x00000000        0x0 startup.o

.rel.dyn        0x0000018c        0x0
 .rel.iplt      0x00000000        0x0 startup.o

.data           0x20000000        0x0 load address 0x0000018c
                0x20000000                _S_data = .
 *(.data)
 .data          0x20000000        0x0 startup.o
 .data          0x20000000        0x0 main.o
                0x20000000                _E_data = .

.igot.plt       0x20000000        0x0 load address 0x0000018c
 .igot.plt      0x00000000        0x0 startup.o

.bss            0x20000000      0x400 load address 0x0000018c
                0x20000000                _S_bss = .
 *(.bss*)
 .bss           0x20000000      0x400 startup.o
 .bss           0x20000400        0x0 main.o
                0x20000400                _E_bss = .
LOAD startup.o
LOAD main.o
OUTPUT(unit3_lab4_cortex_M4.elf elf32-littlearm)

.debug_info     0x00000000      0x1d1
 .debug_info    0x00000000      0x159 startup.o
 .debug_info    0x00000159       0x78 main.o

.debug_abbrev   0x00000000      0x13b
 .debug_abbrev  0x00000000       0xd2 startup.o
 .debug_abbrev  0x000000d2       0x69 main.o

.debug_loc      0x00000000       0x9c
 .debug_loc     0x00000000       0x64 startup.o
 .debug_loc     0x00000064       0x38 main.o

.debug_aranges  0x00000000       0x40
 .debug_aranges
                0x00000000       0x20 startup.o
 .debug_aranges
                0x00000020       0x20 main.o

.debug_line     0x00000000       0xce
 .debug_line    0x00000000       0x67 startup.o
 .debug_line    0x00000067       0x67 main.o

.debug_str      0x00000000      0x12c
 .debug_str     0x00000000      0x10a startup.o
                                0x113 (size before relaxing)
 .debug_str     0x0000010a       0x22 main.o
                                 0x9f (size before relaxing)

.comment        0x00000000       0x11
 .comment       0x00000000       0x11 startup.o
                                 0x12 (size before relaxing)
 .comment       0x00000000       0x12 main.o

.ARM.attributes
                0x00000000       0x33
 .ARM.attributes
                0x00000000       0x33 startup.o
 .ARM.attributes
                0x00000033       0x33 main.o

.debug_frame    0x00000000       0x78
 .debug_frame   0x00000000       0x4c startup.o
 .debug_frame   0x0000004c       0x2c main.o
