
Memory Configuration

Name             Origin             Length             Attributes
Flash            0x08000000         0x00020000         xr
SRAM             0x20000000         0x00005000         xrw
*default*        0x00000000         0xffffffff

Linker script and memory map


.text           0x08000000      0x2e0
 startup.o(.vectors)
 .vectors       0x08000000       0x10 startup.o
                0x08000000                Vector_table
 *(.text)
 .text          0x08000010       0xbc startup.o
                0x08000010                NMI_handler
                0x08000010                Hard_fault_handler
                0x08000010                Dafault_handler
                0x0800001c                reset
 .text          0x080000cc       0x54 pressure_detection.o
                0x080000cc                ST_PD_waiting
 .text          0x08000120       0x24 main.o
                0x08000120                main
 .text          0x08000144      0x10c driver.o
                0x08000144                Delay
                0x08000168                getPressureVal
                0x08000180                Set_Alarm_actuator
                0x080001d0                GPIO_INITIALIZATION
 .text          0x08000250       0x90 alarm_monitor.o
                0x08000250                AM_init
                0x08000278                High_pressure
                0x08000290                ST_AM_waiting
 *(.rodata)
                0x080002e0                _text_end = .

.glue_7         0x080002e0        0x0
 .glue_7        0x00000000        0x0 linker stubs

.glue_7t        0x080002e0        0x0
 .glue_7t       0x00000000        0x0 linker stubs

.vfp11_veneer   0x080002e0        0x0
 .vfp11_veneer  0x00000000        0x0 linker stubs

.v4_bx          0x080002e0        0x0
 .v4_bx         0x00000000        0x0 linker stubs

.iplt           0x080002e0        0x0
 .iplt          0x00000000        0x0 startup.o

.rel.dyn        0x080002e0        0x0
 .rel.iplt      0x00000000        0x0 startup.o

.data           0x20000000        0x8 load address 0x080002e0
                0x20000000                _data_start = .
 *(.data)
 .data          0x20000000        0x0 startup.o
 .data          0x20000000        0x4 pressure_detection.o
                0x20000000                PD_state
 .data          0x20000004        0x0 main.o
 .data          0x20000004        0x0 driver.o
 .data          0x20000004        0x4 alarm_monitor.o
                0x20000004                AM_state
                0x20000008                _data_end = .

.igot.plt       0x20000008        0x0 load address 0x080002e8
 .igot.plt      0x00000000        0x0 startup.o

.bss            0x20000008        0x5 load address 0x080002e8
                0x20000008                _bss_start = .
 *(.bss)
 .bss           0x20000008        0x0 startup.o
 .bss           0x20000008        0x4 pressure_detection.o
                0x20000008                PD_pressure
 .bss           0x2000000c        0x0 main.o
 .bss           0x2000000c        0x0 driver.o
 .bss           0x2000000c        0x1 alarm_monitor.o
                0x2000000d                _bss_end = .
                0x20000010                . = ALIGN (0x4)
                0x20001010                _stack_top = (. + 0x1000)
LOAD startup.o
LOAD pressure_detection.o
LOAD main.o
LOAD driver.o
LOAD alarm_monitor.o
OUTPUT(High_Pressure_Detection_System.elf elf32-littlearm)

.debug_info     0x00000000      0x4cb
 .debug_info    0x00000000      0x17e startup.o
 .debug_info    0x0000017e       0xbd pressure_detection.o
 .debug_info    0x0000023b       0xac main.o
 .debug_info    0x000002e7       0xf5 driver.o
 .debug_info    0x000003dc       0xef alarm_monitor.o

.debug_abbrev   0x00000000      0x2ef
 .debug_abbrev  0x00000000       0xd6 startup.o
 .debug_abbrev  0x000000d6       0x73 pressure_detection.o
 .debug_abbrev  0x00000149       0x68 main.o
 .debug_abbrev  0x000001b1       0x9d driver.o
 .debug_abbrev  0x0000024e       0xa1 alarm_monitor.o

.debug_loc      0x00000000      0x208
 .debug_loc     0x00000000       0x64 startup.o
 .debug_loc     0x00000064       0x2c pressure_detection.o
 .debug_loc     0x00000090       0x2c main.o
 .debug_loc     0x000000bc       0xc8 driver.o
 .debug_loc     0x00000184       0x84 alarm_monitor.o

.debug_aranges  0x00000000       0xa0
 .debug_aranges
                0x00000000       0x20 startup.o
 .debug_aranges
                0x00000020       0x20 pressure_detection.o
 .debug_aranges
                0x00000040       0x20 main.o
 .debug_aranges
                0x00000060       0x20 driver.o
 .debug_aranges
                0x00000080       0x20 alarm_monitor.o

.debug_line     0x00000000      0x291
 .debug_line    0x00000000       0xac startup.o
 .debug_line    0x000000ac       0x90 pressure_detection.o
 .debug_line    0x0000013c       0x6f main.o
 .debug_line    0x000001ab       0x99 driver.o
 .debug_line    0x00000244       0x4d alarm_monitor.o

.debug_str      0x00000000      0x22c
 .debug_str     0x00000000      0x15a startup.o
                                0x196 (size before relaxing)
 .debug_str     0x0000015a       0x38 pressure_detection.o
                                0x11b (size before relaxing)
 .debug_str     0x00000192       0x10 main.o
                                 0xf8 (size before relaxing)
 .debug_str     0x000001a2       0x4c driver.o
                                0x12f (size before relaxing)
 .debug_str     0x000001ee       0x3e alarm_monitor.o
                                0x121 (size before relaxing)

.comment        0x00000000       0x11
 .comment       0x00000000       0x11 startup.o
                                 0x12 (size before relaxing)
 .comment       0x00000000       0x12 pressure_detection.o
 .comment       0x00000000       0x12 main.o
 .comment       0x00000000       0x12 driver.o
 .comment       0x00000000       0x12 alarm_monitor.o

.ARM.attributes
                0x00000000       0x33
 .ARM.attributes
                0x00000000       0x33 startup.o
 .ARM.attributes
                0x00000033       0x33 pressure_detection.o
 .ARM.attributes
                0x00000066       0x33 main.o
 .ARM.attributes
                0x00000099       0x33 driver.o
 .ARM.attributes
                0x000000cc       0x33 alarm_monitor.o

.debug_frame    0x00000000      0x17c
 .debug_frame   0x00000000       0x4c startup.o
 .debug_frame   0x0000004c       0x2c pressure_detection.o
 .debug_frame   0x00000078       0x2c main.o
 .debug_frame   0x000000a4       0x78 driver.o
 .debug_frame   0x0000011c       0x60 alarm_monitor.o
