Archive member included to satisfy reference by file (symbol)

c:/program files (x86)/atmel/studio/7.0/toolchain/avr8/avr8-gnu-toolchain/bin/../lib/gcc/avr/5.4.0/../../../../avr/lib/avr5\libm.a(divsf3.o)
                              HAL/LM35_Sensor/LM_SRC/lm35_sensor.o (__divsf3)
c:/program files (x86)/atmel/studio/7.0/toolchain/avr8/avr8-gnu-toolchain/bin/../lib/gcc/avr/5.4.0/../../../../avr/lib/avr5\libm.a(divsf3x.o)
                              c:/program files (x86)/atmel/studio/7.0/toolchain/avr8/avr8-gnu-toolchain/bin/../lib/gcc/avr/5.4.0/../../../../avr/lib/avr5\libm.a(divsf3.o) (__divsf3x)
c:/program files (x86)/atmel/studio/7.0/toolchain/avr8/avr8-gnu-toolchain/bin/../lib/gcc/avr/5.4.0/../../../../avr/lib/avr5\libm.a(fixunssfsi.o)
                              HAL/LM35_Sensor/LM_SRC/lm35_sensor.o (__fixunssfsi)
c:/program files (x86)/atmel/studio/7.0/toolchain/avr8/avr8-gnu-toolchain/bin/../lib/gcc/avr/5.4.0/../../../../avr/lib/avr5\libm.a(floatundisf.o)
                              HAL/LM35_Sensor/LM_SRC/lm35_sensor.o (__floatundisf)
c:/program files (x86)/atmel/studio/7.0/toolchain/avr8/avr8-gnu-toolchain/bin/../lib/gcc/avr/5.4.0/../../../../avr/lib/avr5\libm.a(fp_inf.o)
                              c:/program files (x86)/atmel/studio/7.0/toolchain/avr8/avr8-gnu-toolchain/bin/../lib/gcc/avr/5.4.0/../../../../avr/lib/avr5\libm.a(divsf3x.o) (__fp_inf)
c:/program files (x86)/atmel/studio/7.0/toolchain/avr8/avr8-gnu-toolchain/bin/../lib/gcc/avr/5.4.0/../../../../avr/lib/avr5\libm.a(fp_nan.o)
                              c:/program files (x86)/atmel/studio/7.0/toolchain/avr8/avr8-gnu-toolchain/bin/../lib/gcc/avr/5.4.0/../../../../avr/lib/avr5\libm.a(divsf3x.o) (__fp_nan)
c:/program files (x86)/atmel/studio/7.0/toolchain/avr8/avr8-gnu-toolchain/bin/../lib/gcc/avr/5.4.0/../../../../avr/lib/avr5\libm.a(fp_pscA.o)
                              c:/program files (x86)/atmel/studio/7.0/toolchain/avr8/avr8-gnu-toolchain/bin/../lib/gcc/avr/5.4.0/../../../../avr/lib/avr5\libm.a(divsf3x.o) (__fp_pscA)
c:/program files (x86)/atmel/studio/7.0/toolchain/avr8/avr8-gnu-toolchain/bin/../lib/gcc/avr/5.4.0/../../../../avr/lib/avr5\libm.a(fp_pscB.o)
                              c:/program files (x86)/atmel/studio/7.0/toolchain/avr8/avr8-gnu-toolchain/bin/../lib/gcc/avr/5.4.0/../../../../avr/lib/avr5\libm.a(divsf3x.o) (__fp_pscB)
c:/program files (x86)/atmel/studio/7.0/toolchain/avr8/avr8-gnu-toolchain/bin/../lib/gcc/avr/5.4.0/../../../../avr/lib/avr5\libm.a(fp_round.o)
                              c:/program files (x86)/atmel/studio/7.0/toolchain/avr8/avr8-gnu-toolchain/bin/../lib/gcc/avr/5.4.0/../../../../avr/lib/avr5\libm.a(divsf3.o) (__fp_round)
c:/program files (x86)/atmel/studio/7.0/toolchain/avr8/avr8-gnu-toolchain/bin/../lib/gcc/avr/5.4.0/../../../../avr/lib/avr5\libm.a(fp_split3.o)
                              c:/program files (x86)/atmel/studio/7.0/toolchain/avr8/avr8-gnu-toolchain/bin/../lib/gcc/avr/5.4.0/../../../../avr/lib/avr5\libm.a(divsf3x.o) (__fp_split3)
c:/program files (x86)/atmel/studio/7.0/toolchain/avr8/avr8-gnu-toolchain/bin/../lib/gcc/avr/5.4.0/../../../../avr/lib/avr5\libm.a(fp_zero.o)
                              c:/program files (x86)/atmel/studio/7.0/toolchain/avr8/avr8-gnu-toolchain/bin/../lib/gcc/avr/5.4.0/../../../../avr/lib/avr5\libm.a(fixunssfsi.o) (__fp_zero)
c:/program files (x86)/atmel/studio/7.0/toolchain/avr8/avr8-gnu-toolchain/bin/../lib/gcc/avr/5.4.0/avr5\libgcc.a(_udivmodhi4.o)
                              FreeRTOS/Source/queue.o (__udivmodhi4)
c:/program files (x86)/atmel/studio/7.0/toolchain/avr8/avr8-gnu-toolchain/bin/../lib/gcc/avr/5.4.0/avr5\libgcc.a(_exit.o)
                              C:/Program Files (x86)/Atmel/Studio/7.0/Packs/atmel/ATmega_DFP/1.7.374/gcc/dev/atmega32/avr5/crtatmega32.o (exit)
c:/program files (x86)/atmel/studio/7.0/toolchain/avr8/avr8-gnu-toolchain/bin/../lib/gcc/avr/5.4.0/avr5\libgcc.a(_copy_data.o)
                              FreeRTOS/Source/tasks.o (__do_copy_data)
c:/program files (x86)/atmel/studio/7.0/toolchain/avr8/avr8-gnu-toolchain/bin/../lib/gcc/avr/5.4.0/avr5\libgcc.a(_clear_bss.o)
                              FreeRTOS/Source/Portable/MemMang/heap_1.o (__do_clear_bss)
c:/program files (x86)/atmel/studio/7.0/toolchain/avr8/avr8-gnu-toolchain/bin/../lib/gcc/avr/5.4.0/avr5\libgcc.a(_muldi3.o)
                              HAL/LM35_Sensor/LM_SRC/lm35_sensor.o (__muldi3)
c:/program files (x86)/atmel/studio/7.0/toolchain/avr8/avr8-gnu-toolchain/bin/../lib/gcc/avr/5.4.0/avr5\libgcc.a(_muldi3_6.o)
                              c:/program files (x86)/atmel/studio/7.0/toolchain/avr8/avr8-gnu-toolchain/bin/../lib/gcc/avr/5.4.0/avr5\libgcc.a(_muldi3.o) (__muldi3_6)
c:/program files (x86)/atmel/studio/7.0/toolchain/avr8/avr8-gnu-toolchain/bin/../lib/gcc/avr/5.4.0/avr5\libgcc.a(_umulhisi3.o)
                              c:/program files (x86)/atmel/studio/7.0/toolchain/avr8/avr8-gnu-toolchain/bin/../lib/gcc/avr/5.4.0/avr5\libgcc.a(_muldi3.o) (__umulhisi3)
c:/program files (x86)/atmel/studio/7.0/toolchain/avr8/avr8-gnu-toolchain/bin/../lib/gcc/avr/5.4.0/../../../../avr/lib/avr5\libc.a(memcpy.o)
                              FreeRTOS/Source/queue.o (memcpy)

Allocating common symbols
Common symbol       size              file

LCD_Queue1          0x2               main.o

Discarded input sections

 .data          0x00000000        0x0 C:/Program Files (x86)/Atmel/Studio/7.0/Packs/atmel/ATmega_DFP/1.7.374/gcc/dev/atmega32/avr5/crtatmega32.o
 .bss           0x00000000        0x0 C:/Program Files (x86)/Atmel/Studio/7.0/Packs/atmel/ATmega_DFP/1.7.374/gcc/dev/atmega32/avr5/crtatmega32.o
 .text          0x00000000        0x0 FreeRTOS/Source/croutine.o
 .data          0x00000000        0x0 FreeRTOS/Source/croutine.o
 .bss           0x00000000        0x0 FreeRTOS/Source/croutine.o
 .debug_info    0x00000000       0x64 FreeRTOS/Source/croutine.o
 .debug_abbrev  0x00000000       0x26 FreeRTOS/Source/croutine.o
 .debug_aranges
                0x00000000       0x18 FreeRTOS/Source/croutine.o
 .debug_line    0x00000000       0x1a FreeRTOS/Source/croutine.o
 .debug_str     0x00000000      0x185 FreeRTOS/Source/croutine.o
 .comment       0x00000000       0x31 FreeRTOS/Source/croutine.o
 .text          0x00000000        0x0 FreeRTOS/Source/event_groups.o
 .data          0x00000000        0x0 FreeRTOS/Source/event_groups.o
 .bss           0x00000000        0x0 FreeRTOS/Source/event_groups.o
 .text.prvTestWaitCondition
                0x00000000       0x26 FreeRTOS/Source/event_groups.o
 .text.xEventGroupCreate
                0x00000000       0x26 FreeRTOS/Source/event_groups.o
 .text.xEventGroupWaitBits
                0x00000000       0xe4 FreeRTOS/Source/event_groups.o
 .text.xEventGroupClearBits
                0x00000000       0x1e FreeRTOS/Source/event_groups.o
 .text.xEventGroupGetBitsFromISR
                0x00000000        0x8 FreeRTOS/Source/event_groups.o
 .text.xEventGroupSetBits
                0x00000000       0xc8 FreeRTOS/Source/event_groups.o
 .text.xEventGroupSync
                0x00000000       0xd6 FreeRTOS/Source/event_groups.o
 .text.vEventGroupDelete
                0x00000000       0x2e FreeRTOS/Source/event_groups.o
 .text.vEventGroupSetBitsCallback
                0x00000000        0x8 FreeRTOS/Source/event_groups.o
 .text.vEventGroupClearBitsCallback
                0x00000000        0x8 FreeRTOS/Source/event_groups.o
 .debug_info    0x00000000      0x8db FreeRTOS/Source/event_groups.o
 .debug_abbrev  0x00000000      0x1dc FreeRTOS/Source/event_groups.o
 .debug_loc     0x00000000      0xb41 FreeRTOS/Source/event_groups.o
 .debug_aranges
                0x00000000       0x68 FreeRTOS/Source/event_groups.o
 .debug_ranges  0x00000000       0x70 FreeRTOS/Source/event_groups.o
 .debug_line    0x00000000      0x44d FreeRTOS/Source/event_groups.o
 .debug_str     0x00000000      0x599 FreeRTOS/Source/event_groups.o
 .comment       0x00000000       0x31 FreeRTOS/Source/event_groups.o
 .debug_frame   0x00000000      0x15c FreeRTOS/Source/event_groups.o
 .text          0x00000000        0x0 FreeRTOS/Source/list.o
 .data          0x00000000        0x0 FreeRTOS/Source/list.o
 .bss           0x00000000        0x0 FreeRTOS/Source/list.o
 .text          0x00000000        0x0 FreeRTOS/Source/Portable/GCC/AVR323/port.o
 .data          0x00000000        0x0 FreeRTOS/Source/Portable/GCC/AVR323/port.o
 .bss           0x00000000        0x0 FreeRTOS/Source/Portable/GCC/AVR323/port.o
 .text.vPortEndScheduler
                0x00000000        0x2 FreeRTOS/Source/Portable/GCC/AVR323/port.o
 .text.vPortYieldFromTick
                0x00000000       0xb8 FreeRTOS/Source/Portable/GCC/AVR323/port.o
 .text          0x00000000        0x0 FreeRTOS/Source/Portable/MemMang/heap_1.o
 .data          0x00000000        0x0 FreeRTOS/Source/Portable/MemMang/heap_1.o
 .bss           0x00000000        0x0 FreeRTOS/Source/Portable/MemMang/heap_1.o
 .text.vPortInitialiseBlocks
                0x00000000        0xa FreeRTOS/Source/Portable/MemMang/heap_1.o
 .text.xPortGetFreeHeapSize
                0x00000000       0x12 FreeRTOS/Source/Portable/MemMang/heap_1.o
 .text          0x00000000        0x0 FreeRTOS/Source/queue.o
 .data          0x00000000        0x0 FreeRTOS/Source/queue.o
 .bss           0x00000000        0x0 FreeRTOS/Source/queue.o
 .text.xQueueGenericSendFromISR
                0x00000000       0x84 FreeRTOS/Source/queue.o
 .text.xQueueGiveFromISR
                0x00000000       0x70 FreeRTOS/Source/queue.o
 .text.xQueuePeek
                0x00000000      0x11c FreeRTOS/Source/queue.o
 .text.xQueueReceiveFromISR
                0x00000000       0x7a FreeRTOS/Source/queue.o
 .text.xQueuePeekFromISR
                0x00000000       0x2e FreeRTOS/Source/queue.o
 .text.uxQueueMessagesWaiting
                0x00000000       0x10 FreeRTOS/Source/queue.o
 .text.uxQueueSpacesAvailable
                0x00000000       0x16 FreeRTOS/Source/queue.o
 .text.uxQueueMessagesWaitingFromISR
                0x00000000        0x6 FreeRTOS/Source/queue.o
 .text.vQueueDelete
                0x00000000        0x6 FreeRTOS/Source/queue.o
 .text.xQueueIsQueueEmptyFromISR
                0x00000000       0x10 FreeRTOS/Source/queue.o
 .text.xQueueIsQueueFullFromISR
                0x00000000       0x12 FreeRTOS/Source/queue.o
 .text          0x00000000        0x0 FreeRTOS/Source/stream_buffer.o
 .data          0x00000000        0x0 FreeRTOS/Source/stream_buffer.o
 .bss           0x00000000        0x0 FreeRTOS/Source/stream_buffer.o
 .text.prvBytesInBuffer
                0x00000000       0x26 FreeRTOS/Source/stream_buffer.o
 .text.prvInitialiseNewStreamBuffer
                0x00000000       0x20 FreeRTOS/Source/stream_buffer.o
 .text.prvWriteBytesToBuffer
                0x00000000       0x88 FreeRTOS/Source/stream_buffer.o
 .text.prvWriteMessageToBuffer
                0x00000000       0x8e FreeRTOS/Source/stream_buffer.o
 .text.prvReadBytesFromBuffer
                0x00000000       0x88 FreeRTOS/Source/stream_buffer.o
 .text.prvReadMessageFromBuffer
                0x00000000       0x90 FreeRTOS/Source/stream_buffer.o
 .text.xStreamBufferGenericCreate
                0x00000000       0x80 FreeRTOS/Source/stream_buffer.o
 .text.vStreamBufferDelete
                0x00000000       0x1a FreeRTOS/Source/stream_buffer.o
 .text.xStreamBufferReset
                0x00000000       0x56 FreeRTOS/Source/stream_buffer.o
 .text.xStreamBufferSetTriggerLevel
                0x00000000       0x22 FreeRTOS/Source/stream_buffer.o
 .text.xStreamBufferSpacesAvailable
                0x00000000       0x34 FreeRTOS/Source/stream_buffer.o
 .text.xStreamBufferBytesAvailable
                0x00000000        0x6 FreeRTOS/Source/stream_buffer.o
 .text.xStreamBufferSend
                0x00000000      0x174 FreeRTOS/Source/stream_buffer.o
 .text.xStreamBufferSendFromISR
                0x00000000       0x8e FreeRTOS/Source/stream_buffer.o
 .text.xStreamBufferReceive
                0x00000000      0x102 FreeRTOS/Source/stream_buffer.o
 .text.xStreamBufferNextMessageLengthBytes
                0x00000000       0x54 FreeRTOS/Source/stream_buffer.o
 .text.xStreamBufferReceiveFromISR
                0x00000000       0x8a FreeRTOS/Source/stream_buffer.o
 .text.xStreamBufferIsEmpty
                0x00000000       0x18 FreeRTOS/Source/stream_buffer.o
 .text.xStreamBufferIsFull
                0x00000000       0x2c FreeRTOS/Source/stream_buffer.o
 .text.xStreamBufferSendCompletedFromISR
                0x00000000       0x4c FreeRTOS/Source/stream_buffer.o
 .text.xStreamBufferReceiveCompletedFromISR
                0x00000000       0x4c FreeRTOS/Source/stream_buffer.o
 .debug_info    0x00000000     0x1376 FreeRTOS/Source/stream_buffer.o
 .debug_abbrev  0x00000000      0x200 FreeRTOS/Source/stream_buffer.o
 .debug_loc     0x00000000     0x1c9f FreeRTOS/Source/stream_buffer.o
 .debug_aranges
                0x00000000       0xc0 FreeRTOS/Source/stream_buffer.o
 .debug_ranges  0x00000000       0xb0 FreeRTOS/Source/stream_buffer.o
 .debug_line    0x00000000      0x7c6 FreeRTOS/Source/stream_buffer.o
 .debug_str     0x00000000      0x83c FreeRTOS/Source/stream_buffer.o
 .comment       0x00000000       0x31 FreeRTOS/Source/stream_buffer.o
 .debug_frame   0x00000000      0x41c FreeRTOS/Source/stream_buffer.o
 .text          0x00000000        0x0 FreeRTOS/Source/tasks.o
 .data          0x00000000        0x0 FreeRTOS/Source/tasks.o
 .bss           0x00000000        0x0 FreeRTOS/Source/tasks.o
 .text.vTaskEndScheduler
                0x00000000        0xc FreeRTOS/Source/tasks.o
 .text.xTaskGetTickCountFromISR
                0x00000000        0xa FreeRTOS/Source/tasks.o
 .text.uxTaskGetNumberOfTasks
                0x00000000        0x6 FreeRTOS/Source/tasks.o
 .text.pcTaskGetName
                0x00000000       0x10 FreeRTOS/Source/tasks.o
 .text.xTaskCatchUpTicks
                0x00000000       0x32 FreeRTOS/Source/tasks.o
 .text.vTaskPlaceOnUnorderedEventList
                0x00000000       0x8c FreeRTOS/Source/tasks.o
 .text.vTaskRemoveFromUnorderedEventList
                0x00000000      0x14c FreeRTOS/Source/tasks.o
 .text.vTaskSetTimeOutState
                0x00000000       0x20 FreeRTOS/Source/tasks.o
 .text.xTaskGetCurrentTaskHandle
                0x00000000        0xa FreeRTOS/Source/tasks.o
 .text.uxTaskResetEventItemValue
                0x00000000       0x2e FreeRTOS/Source/tasks.o
 .text.ulTaskGenericNotifyTake
                0x00000000      0x106 FreeRTOS/Source/tasks.o
 .text.xTaskGenericNotifyWait
                0x00000000      0x142 FreeRTOS/Source/tasks.o
 .text.xTaskGenericNotify
                0x00000000      0x1fa FreeRTOS/Source/tasks.o
 .text.xTaskGenericNotifyFromISR
                0x00000000      0x260 FreeRTOS/Source/tasks.o
 .text.vTaskGenericNotifyGiveFromISR
                0x00000000      0x194 FreeRTOS/Source/tasks.o
 .text.xTaskGenericNotifyStateClear
                0x00000000       0x34 FreeRTOS/Source/tasks.o
 .text.ulTaskGenericNotifyValueClear
                0x00000000       0x6c FreeRTOS/Source/tasks.o
 .text          0x00000000        0x0 FreeRTOS/Source/timers.o
 .data          0x00000000        0x0 FreeRTOS/Source/timers.o
 .bss           0x00000000        0x0 FreeRTOS/Source/timers.o
 .debug_info    0x00000000       0x64 FreeRTOS/Source/timers.o
 .debug_abbrev  0x00000000       0x26 FreeRTOS/Source/timers.o
 .debug_aranges
                0x00000000       0x18 FreeRTOS/Source/timers.o
 .debug_line    0x00000000       0x1a FreeRTOS/Source/timers.o
 .debug_str     0x00000000      0x183 FreeRTOS/Source/timers.o
 .comment       0x00000000       0x31 FreeRTOS/Source/timers.o
 .text          0x00000000        0x0 HAL/Keypad/Keypad_SRC/Keypad.o
 .data          0x00000000        0x0 HAL/Keypad/Keypad_SRC/Keypad.o
 .bss           0x00000000        0x0 HAL/Keypad/Keypad_SRC/Keypad.o
 .text          0x00000000        0x0 HAL/LCD/LCD_SRC/LCD.o
 .data          0x00000000        0x0 HAL/LCD/LCD_SRC/LCD.o
 .bss           0x00000000        0x0 HAL/LCD/LCD_SRC/LCD.o
 .text.LCD_Clear
                0x00000000        0x8 HAL/LCD/LCD_SRC/LCD.o
 .text          0x00000000        0x0 HAL/LM35_Sensor/LM_SRC/lm35_sensor.o
 .data          0x00000000        0x0 HAL/LM35_Sensor/LM_SRC/lm35_sensor.o
 .bss           0x00000000        0x0 HAL/LM35_Sensor/LM_SRC/lm35_sensor.o
 .text          0x00000000        0x0 main.o
 .data          0x00000000        0x0 main.o
 .bss           0x00000000        0x0 main.o
 .text          0x00000000        0x0 MCAL/ADC/ADC_SRC/ADC.o
 .data          0x00000000        0x0 MCAL/ADC/ADC_SRC/ADC.o
 .bss           0x00000000        0x0 MCAL/ADC/ADC_SRC/ADC.o
 .text.ADC_Disable
                0x00000000        0x8 MCAL/ADC/ADC_SRC/ADC.o
 .bss.GPS_ADC_Config
                0x00000000        0x2 MCAL/ADC/ADC_SRC/ADC.o
 .text          0x00000000        0x0 MCAL/DIO/DIO_SRC/DIO.o
 .data          0x00000000        0x0 MCAL/DIO/DIO_SRC/DIO.o
 .bss           0x00000000        0x0 MCAL/DIO/DIO_SRC/DIO.o
 .text.DIO_Flip_Channel
                0x00000000       0x60 MCAL/DIO/DIO_SRC/DIO.o
 .text.DIO_Write_PORT
                0x00000000       0x8c MCAL/DIO/DIO_SRC/DIO.o
 .text.DIO_Read_PORT
                0x00000000       0x94 MCAL/DIO/DIO_SRC/DIO.o
 .text          0x00000000        0x0 MCAL/PORT/PORT_SRC/Port.o
 .data          0x00000000        0x0 MCAL/PORT/PORT_SRC/Port.o
 .bss           0x00000000        0x0 MCAL/PORT/PORT_SRC/Port.o
 .text          0x00000000        0x0 c:/program files (x86)/atmel/studio/7.0/toolchain/avr8/avr8-gnu-toolchain/bin/../lib/gcc/avr/5.4.0/../../../../avr/lib/avr5\libm.a(divsf3.o)
 .data          0x00000000        0x0 c:/program files (x86)/atmel/studio/7.0/toolchain/avr8/avr8-gnu-toolchain/bin/../lib/gcc/avr/5.4.0/../../../../avr/lib/avr5\libm.a(divsf3.o)
 .bss           0x00000000        0x0 c:/program files (x86)/atmel/studio/7.0/toolchain/avr8/avr8-gnu-toolchain/bin/../lib/gcc/avr/5.4.0/../../../../avr/lib/avr5\libm.a(divsf3.o)
 .text          0x00000000        0x0 c:/program files (x86)/atmel/studio/7.0/toolchain/avr8/avr8-gnu-toolchain/bin/../lib/gcc/avr/5.4.0/../../../../avr/lib/avr5\libm.a(divsf3x.o)
 .data          0x00000000        0x0 c:/program files (x86)/atmel/studio/7.0/toolchain/avr8/avr8-gnu-toolchain/bin/../lib/gcc/avr/5.4.0/../../../../avr/lib/avr5\libm.a(divsf3x.o)
 .bss           0x00000000        0x0 c:/program files (x86)/atmel/studio/7.0/toolchain/avr8/avr8-gnu-toolchain/bin/../lib/gcc/avr/5.4.0/../../../../avr/lib/avr5\libm.a(divsf3x.o)
 .text          0x00000000        0x0 c:/program files (x86)/atmel/studio/7.0/toolchain/avr8/avr8-gnu-toolchain/bin/../lib/gcc/avr/5.4.0/../../../../avr/lib/avr5\libm.a(fixunssfsi.o)
 .data          0x00000000        0x0 c:/program files (x86)/atmel/studio/7.0/toolchain/avr8/avr8-gnu-toolchain/bin/../lib/gcc/avr/5.4.0/../../../../avr/lib/avr5\libm.a(fixunssfsi.o)
 .bss           0x00000000        0x0 c:/program files (x86)/atmel/studio/7.0/toolchain/avr8/avr8-gnu-toolchain/bin/../lib/gcc/avr/5.4.0/../../../../avr/lib/avr5\libm.a(fixunssfsi.o)
 .text          0x00000000        0x0 c:/program files (x86)/atmel/studio/7.0/toolchain/avr8/avr8-gnu-toolchain/bin/../lib/gcc/avr/5.4.0/../../../../avr/lib/avr5\libm.a(floatundisf.o)
 .data          0x00000000        0x0 c:/program files (x86)/atmel/studio/7.0/toolchain/avr8/avr8-gnu-toolchain/bin/../lib/gcc/avr/5.4.0/../../../../avr/lib/avr5\libm.a(floatundisf.o)
 .bss           0x00000000        0x0 c:/program files (x86)/atmel/studio/7.0/toolchain/avr8/avr8-gnu-toolchain/bin/../lib/gcc/avr/5.4.0/../../../../avr/lib/avr5\libm.a(floatundisf.o)
 .text          0x00000000        0x0 c:/program files (x86)/atmel/studio/7.0/toolchain/avr8/avr8-gnu-toolchain/bin/../lib/gcc/avr/5.4.0/../../../../avr/lib/avr5\libm.a(fp_inf.o)
 .data          0x00000000        0x0 c:/program files (x86)/atmel/studio/7.0/toolchain/avr8/avr8-gnu-toolchain/bin/../lib/gcc/avr/5.4.0/../../../../avr/lib/avr5\libm.a(fp_inf.o)
 .bss           0x00000000        0x0 c:/program files (x86)/atmel/studio/7.0/toolchain/avr8/avr8-gnu-toolchain/bin/../lib/gcc/avr/5.4.0/../../../../avr/lib/avr5\libm.a(fp_inf.o)
 .text          0x00000000        0x0 c:/program files (x86)/atmel/studio/7.0/toolchain/avr8/avr8-gnu-toolchain/bin/../lib/gcc/avr/5.4.0/../../../../avr/lib/avr5\libm.a(fp_nan.o)
 .data          0x00000000        0x0 c:/program files (x86)/atmel/studio/7.0/toolchain/avr8/avr8-gnu-toolchain/bin/../lib/gcc/avr/5.4.0/../../../../avr/lib/avr5\libm.a(fp_nan.o)
 .bss           0x00000000        0x0 c:/program files (x86)/atmel/studio/7.0/toolchain/avr8/avr8-gnu-toolchain/bin/../lib/gcc/avr/5.4.0/../../../../avr/lib/avr5\libm.a(fp_nan.o)
 .text          0x00000000        0x0 c:/program files (x86)/atmel/studio/7.0/toolchain/avr8/avr8-gnu-toolchain/bin/../lib/gcc/avr/5.4.0/../../../../avr/lib/avr5\libm.a(fp_pscA.o)
 .data          0x00000000        0x0 c:/program files (x86)/atmel/studio/7.0/toolchain/avr8/avr8-gnu-toolchain/bin/../lib/gcc/avr/5.4.0/../../../../avr/lib/avr5\libm.a(fp_pscA.o)
 .bss           0x00000000        0x0 c:/program files (x86)/atmel/studio/7.0/toolchain/avr8/avr8-gnu-toolchain/bin/../lib/gcc/avr/5.4.0/../../../../avr/lib/avr5\libm.a(fp_pscA.o)
 .text          0x00000000        0x0 c:/program files (x86)/atmel/studio/7.0/toolchain/avr8/avr8-gnu-toolchain/bin/../lib/gcc/avr/5.4.0/../../../../avr/lib/avr5\libm.a(fp_pscB.o)
 .data          0x00000000        0x0 c:/program files (x86)/atmel/studio/7.0/toolchain/avr8/avr8-gnu-toolchain/bin/../lib/gcc/avr/5.4.0/../../../../avr/lib/avr5\libm.a(fp_pscB.o)
 .bss           0x00000000        0x0 c:/program files (x86)/atmel/studio/7.0/toolchain/avr8/avr8-gnu-toolchain/bin/../lib/gcc/avr/5.4.0/../../../../avr/lib/avr5\libm.a(fp_pscB.o)
 .text          0x00000000        0x0 c:/program files (x86)/atmel/studio/7.0/toolchain/avr8/avr8-gnu-toolchain/bin/../lib/gcc/avr/5.4.0/../../../../avr/lib/avr5\libm.a(fp_round.o)
 .data          0x00000000        0x0 c:/program files (x86)/atmel/studio/7.0/toolchain/avr8/avr8-gnu-toolchain/bin/../lib/gcc/avr/5.4.0/../../../../avr/lib/avr5\libm.a(fp_round.o)
 .bss           0x00000000        0x0 c:/program files (x86)/atmel/studio/7.0/toolchain/avr8/avr8-gnu-toolchain/bin/../lib/gcc/avr/5.4.0/../../../../avr/lib/avr5\libm.a(fp_round.o)
 .text          0x00000000        0x0 c:/program files (x86)/atmel/studio/7.0/toolchain/avr8/avr8-gnu-toolchain/bin/../lib/gcc/avr/5.4.0/../../../../avr/lib/avr5\libm.a(fp_split3.o)
 .data          0x00000000        0x0 c:/program files (x86)/atmel/studio/7.0/toolchain/avr8/avr8-gnu-toolchain/bin/../lib/gcc/avr/5.4.0/../../../../avr/lib/avr5\libm.a(fp_split3.o)
 .bss           0x00000000        0x0 c:/program files (x86)/atmel/studio/7.0/toolchain/avr8/avr8-gnu-toolchain/bin/../lib/gcc/avr/5.4.0/../../../../avr/lib/avr5\libm.a(fp_split3.o)
 .text          0x00000000        0x0 c:/program files (x86)/atmel/studio/7.0/toolchain/avr8/avr8-gnu-toolchain/bin/../lib/gcc/avr/5.4.0/../../../../avr/lib/avr5\libm.a(fp_zero.o)
 .data          0x00000000        0x0 c:/program files (x86)/atmel/studio/7.0/toolchain/avr8/avr8-gnu-toolchain/bin/../lib/gcc/avr/5.4.0/../../../../avr/lib/avr5\libm.a(fp_zero.o)
 .bss           0x00000000        0x0 c:/program files (x86)/atmel/studio/7.0/toolchain/avr8/avr8-gnu-toolchain/bin/../lib/gcc/avr/5.4.0/../../../../avr/lib/avr5\libm.a(fp_zero.o)
 .text          0x00000000        0x0 c:/program files (x86)/atmel/studio/7.0/toolchain/avr8/avr8-gnu-toolchain/bin/../lib/gcc/avr/5.4.0/avr5\libgcc.a(_udivmodhi4.o)
 .data          0x00000000        0x0 c:/program files (x86)/atmel/studio/7.0/toolchain/avr8/avr8-gnu-toolchain/bin/../lib/gcc/avr/5.4.0/avr5\libgcc.a(_udivmodhi4.o)
 .bss           0x00000000        0x0 c:/program files (x86)/atmel/studio/7.0/toolchain/avr8/avr8-gnu-toolchain/bin/../lib/gcc/avr/5.4.0/avr5\libgcc.a(_udivmodhi4.o)
 .text.libgcc.mul
                0x00000000        0x0 c:/program files (x86)/atmel/studio/7.0/toolchain/avr8/avr8-gnu-toolchain/bin/../lib/gcc/avr/5.4.0/avr5\libgcc.a(_udivmodhi4.o)
 .text.libgcc   0x00000000        0x0 c:/program files (x86)/atmel/studio/7.0/toolchain/avr8/avr8-gnu-toolchain/bin/../lib/gcc/avr/5.4.0/avr5\libgcc.a(_udivmodhi4.o)
 .text.libgcc.prologue
                0x00000000        0x0 c:/program files (x86)/atmel/studio/7.0/toolchain/avr8/avr8-gnu-toolchain/bin/../lib/gcc/avr/5.4.0/avr5\libgcc.a(_udivmodhi4.o)
 .text.libgcc.builtins
                0x00000000        0x0 c:/program files (x86)/atmel/studio/7.0/toolchain/avr8/avr8-gnu-toolchain/bin/../lib/gcc/avr/5.4.0/avr5\libgcc.a(_udivmodhi4.o)
 .text.libgcc.fmul
                0x00000000        0x0 c:/program files (x86)/atmel/studio/7.0/toolchain/avr8/avr8-gnu-toolchain/bin/../lib/gcc/avr/5.4.0/avr5\libgcc.a(_udivmodhi4.o)
 .text.libgcc.fixed
                0x00000000        0x0 c:/program files (x86)/atmel/studio/7.0/toolchain/avr8/avr8-gnu-toolchain/bin/../lib/gcc/avr/5.4.0/avr5\libgcc.a(_udivmodhi4.o)
 .text          0x00000000        0x0 c:/program files (x86)/atmel/studio/7.0/toolchain/avr8/avr8-gnu-toolchain/bin/../lib/gcc/avr/5.4.0/avr5\libgcc.a(_exit.o)
 .data          0x00000000        0x0 c:/program files (x86)/atmel/studio/7.0/toolchain/avr8/avr8-gnu-toolchain/bin/../lib/gcc/avr/5.4.0/avr5\libgcc.a(_exit.o)
 .bss           0x00000000        0x0 c:/program files (x86)/atmel/studio/7.0/toolchain/avr8/avr8-gnu-toolchain/bin/../lib/gcc/avr/5.4.0/avr5\libgcc.a(_exit.o)
 .text.libgcc.mul
                0x00000000        0x0 c:/program files (x86)/atmel/studio/7.0/toolchain/avr8/avr8-gnu-toolchain/bin/../lib/gcc/avr/5.4.0/avr5\libgcc.a(_exit.o)
 .text.libgcc.div
                0x00000000        0x0 c:/program files (x86)/atmel/studio/7.0/toolchain/avr8/avr8-gnu-toolchain/bin/../lib/gcc/avr/5.4.0/avr5\libgcc.a(_exit.o)
 .text.libgcc   0x00000000        0x0 c:/program files (x86)/atmel/studio/7.0/toolchain/avr8/avr8-gnu-toolchain/bin/../lib/gcc/avr/5.4.0/avr5\libgcc.a(_exit.o)
 .text.libgcc.prologue
                0x00000000        0x0 c:/program files (x86)/atmel/studio/7.0/toolchain/avr8/avr8-gnu-toolchain/bin/../lib/gcc/avr/5.4.0/avr5\libgcc.a(_exit.o)
 .text.libgcc.builtins
                0x00000000        0x0 c:/program files (x86)/atmel/studio/7.0/toolchain/avr8/avr8-gnu-toolchain/bin/../lib/gcc/avr/5.4.0/avr5\libgcc.a(_exit.o)
 .text.libgcc.fmul
                0x00000000        0x0 c:/program files (x86)/atmel/studio/7.0/toolchain/avr8/avr8-gnu-toolchain/bin/../lib/gcc/avr/5.4.0/avr5\libgcc.a(_exit.o)
 .text.libgcc.fixed
                0x00000000        0x0 c:/program files (x86)/atmel/studio/7.0/toolchain/avr8/avr8-gnu-toolchain/bin/../lib/gcc/avr/5.4.0/avr5\libgcc.a(_exit.o)
 .text          0x00000000        0x0 c:/program files (x86)/atmel/studio/7.0/toolchain/avr8/avr8-gnu-toolchain/bin/../lib/gcc/avr/5.4.0/avr5\libgcc.a(_copy_data.o)
 .data          0x00000000        0x0 c:/program files (x86)/atmel/studio/7.0/toolchain/avr8/avr8-gnu-toolchain/bin/../lib/gcc/avr/5.4.0/avr5\libgcc.a(_copy_data.o)
 .bss           0x00000000        0x0 c:/program files (x86)/atmel/studio/7.0/toolchain/avr8/avr8-gnu-toolchain/bin/../lib/gcc/avr/5.4.0/avr5\libgcc.a(_copy_data.o)
 .text.libgcc.mul
                0x00000000        0x0 c:/program files (x86)/atmel/studio/7.0/toolchain/avr8/avr8-gnu-toolchain/bin/../lib/gcc/avr/5.4.0/avr5\libgcc.a(_copy_data.o)
 .text.libgcc.div
                0x00000000        0x0 c:/program files (x86)/atmel/studio/7.0/toolchain/avr8/avr8-gnu-toolchain/bin/../lib/gcc/avr/5.4.0/avr5\libgcc.a(_copy_data.o)
 .text.libgcc   0x00000000        0x0 c:/program files (x86)/atmel/studio/7.0/toolchain/avr8/avr8-gnu-toolchain/bin/../lib/gcc/avr/5.4.0/avr5\libgcc.a(_copy_data.o)
 .text.libgcc.prologue
                0x00000000        0x0 c:/program files (x86)/atmel/studio/7.0/toolchain/avr8/avr8-gnu-toolchain/bin/../lib/gcc/avr/5.4.0/avr5\libgcc.a(_copy_data.o)
 .text.libgcc.builtins
                0x00000000        0x0 c:/program files (x86)/atmel/studio/7.0/toolchain/avr8/avr8-gnu-toolchain/bin/../lib/gcc/avr/5.4.0/avr5\libgcc.a(_copy_data.o)
 .text.libgcc.fmul
                0x00000000        0x0 c:/program files (x86)/atmel/studio/7.0/toolchain/avr8/avr8-gnu-toolchain/bin/../lib/gcc/avr/5.4.0/avr5\libgcc.a(_copy_data.o)
 .text.libgcc.fixed
                0x00000000        0x0 c:/program files (x86)/atmel/studio/7.0/toolchain/avr8/avr8-gnu-toolchain/bin/../lib/gcc/avr/5.4.0/avr5\libgcc.a(_copy_data.o)
 .text          0x00000000        0x0 c:/program files (x86)/atmel/studio/7.0/toolchain/avr8/avr8-gnu-toolchain/bin/../lib/gcc/avr/5.4.0/avr5\libgcc.a(_clear_bss.o)
 .data          0x00000000        0x0 c:/program files (x86)/atmel/studio/7.0/toolchain/avr8/avr8-gnu-toolchain/bin/../lib/gcc/avr/5.4.0/avr5\libgcc.a(_clear_bss.o)
 .bss           0x00000000        0x0 c:/program files (x86)/atmel/studio/7.0/toolchain/avr8/avr8-gnu-toolchain/bin/../lib/gcc/avr/5.4.0/avr5\libgcc.a(_clear_bss.o)
 .text.libgcc.mul
                0x00000000        0x0 c:/program files (x86)/atmel/studio/7.0/toolchain/avr8/avr8-gnu-toolchain/bin/../lib/gcc/avr/5.4.0/avr5\libgcc.a(_clear_bss.o)
 .text.libgcc.div
                0x00000000        0x0 c:/program files (x86)/atmel/studio/7.0/toolchain/avr8/avr8-gnu-toolchain/bin/../lib/gcc/avr/5.4.0/avr5\libgcc.a(_clear_bss.o)
 .text.libgcc   0x00000000        0x0 c:/program files (x86)/atmel/studio/7.0/toolchain/avr8/avr8-gnu-toolchain/bin/../lib/gcc/avr/5.4.0/avr5\libgcc.a(_clear_bss.o)
 .text.libgcc.prologue
                0x00000000        0x0 c:/program files (x86)/atmel/studio/7.0/toolchain/avr8/avr8-gnu-toolchain/bin/../lib/gcc/avr/5.4.0/avr5\libgcc.a(_clear_bss.o)
 .text.libgcc.builtins
                0x00000000        0x0 c:/program files (x86)/atmel/studio/7.0/toolchain/avr8/avr8-gnu-toolchain/bin/../lib/gcc/avr/5.4.0/avr5\libgcc.a(_clear_bss.o)
 .text.libgcc.fmul
                0x00000000        0x0 c:/program files (x86)/atmel/studio/7.0/toolchain/avr8/avr8-gnu-toolchain/bin/../lib/gcc/avr/5.4.0/avr5\libgcc.a(_clear_bss.o)
 .text.libgcc.fixed
                0x00000000        0x0 c:/program files (x86)/atmel/studio/7.0/toolchain/avr8/avr8-gnu-toolchain/bin/../lib/gcc/avr/5.4.0/avr5\libgcc.a(_clear_bss.o)
 .text          0x00000000        0x0 c:/program files (x86)/atmel/studio/7.0/toolchain/avr8/avr8-gnu-toolchain/bin/../lib/gcc/avr/5.4.0/avr5\libgcc.a(_muldi3.o)
 .data          0x00000000        0x0 c:/program files (x86)/atmel/studio/7.0/toolchain/avr8/avr8-gnu-toolchain/bin/../lib/gcc/avr/5.4.0/avr5\libgcc.a(_muldi3.o)
 .bss           0x00000000        0x0 c:/program files (x86)/atmel/studio/7.0/toolchain/avr8/avr8-gnu-toolchain/bin/../lib/gcc/avr/5.4.0/avr5\libgcc.a(_muldi3.o)
 .text.libgcc.div
                0x00000000        0x0 c:/program files (x86)/atmel/studio/7.0/toolchain/avr8/avr8-gnu-toolchain/bin/../lib/gcc/avr/5.4.0/avr5\libgcc.a(_muldi3.o)
 .text.libgcc   0x00000000        0x0 c:/program files (x86)/atmel/studio/7.0/toolchain/avr8/avr8-gnu-toolchain/bin/../lib/gcc/avr/5.4.0/avr5\libgcc.a(_muldi3.o)
 .text.libgcc.prologue
                0x00000000        0x0 c:/program files (x86)/atmel/studio/7.0/toolchain/avr8/avr8-gnu-toolchain/bin/../lib/gcc/avr/5.4.0/avr5\libgcc.a(_muldi3.o)
 .text.libgcc.builtins
                0x00000000        0x0 c:/program files (x86)/atmel/studio/7.0/toolchain/avr8/avr8-gnu-toolchain/bin/../lib/gcc/avr/5.4.0/avr5\libgcc.a(_muldi3.o)
 .text.libgcc.fmul
                0x00000000        0x0 c:/program files (x86)/atmel/studio/7.0/toolchain/avr8/avr8-gnu-toolchain/bin/../lib/gcc/avr/5.4.0/avr5\libgcc.a(_muldi3.o)
 .text.libgcc.fixed
                0x00000000        0x0 c:/program files (x86)/atmel/studio/7.0/toolchain/avr8/avr8-gnu-toolchain/bin/../lib/gcc/avr/5.4.0/avr5\libgcc.a(_muldi3.o)
 .text          0x00000000        0x0 c:/program files (x86)/atmel/studio/7.0/toolchain/avr8/avr8-gnu-toolchain/bin/../lib/gcc/avr/5.4.0/avr5\libgcc.a(_muldi3_6.o)
 .data          0x00000000        0x0 c:/program files (x86)/atmel/studio/7.0/toolchain/avr8/avr8-gnu-toolchain/bin/../lib/gcc/avr/5.4.0/avr5\libgcc.a(_muldi3_6.o)
 .bss           0x00000000        0x0 c:/program files (x86)/atmel/studio/7.0/toolchain/avr8/avr8-gnu-toolchain/bin/../lib/gcc/avr/5.4.0/avr5\libgcc.a(_muldi3_6.o)
 .text.libgcc.div
                0x00000000        0x0 c:/program files (x86)/atmel/studio/7.0/toolchain/avr8/avr8-gnu-toolchain/bin/../lib/gcc/avr/5.4.0/avr5\libgcc.a(_muldi3_6.o)
 .text.libgcc   0x00000000        0x0 c:/program files (x86)/atmel/studio/7.0/toolchain/avr8/avr8-gnu-toolchain/bin/../lib/gcc/avr/5.4.0/avr5\libgcc.a(_muldi3_6.o)
 .text.libgcc.prologue
                0x00000000        0x0 c:/program files (x86)/atmel/studio/7.0/toolchain/avr8/avr8-gnu-toolchain/bin/../lib/gcc/avr/5.4.0/avr5\libgcc.a(_muldi3_6.o)
 .text.libgcc.builtins
                0x00000000        0x0 c:/program files (x86)/atmel/studio/7.0/toolchain/avr8/avr8-gnu-toolchain/bin/../lib/gcc/avr/5.4.0/avr5\libgcc.a(_muldi3_6.o)
 .text.libgcc.fmul
                0x00000000        0x0 c:/program files (x86)/atmel/studio/7.0/toolchain/avr8/avr8-gnu-toolchain/bin/../lib/gcc/avr/5.4.0/avr5\libgcc.a(_muldi3_6.o)
 .text.libgcc.fixed
                0x00000000        0x0 c:/program files (x86)/atmel/studio/7.0/toolchain/avr8/avr8-gnu-toolchain/bin/../lib/gcc/avr/5.4.0/avr5\libgcc.a(_muldi3_6.o)
 .text          0x00000000        0x0 c:/program files (x86)/atmel/studio/7.0/toolchain/avr8/avr8-gnu-toolchain/bin/../lib/gcc/avr/5.4.0/avr5\libgcc.a(_umulhisi3.o)
 .data          0x00000000        0x0 c:/program files (x86)/atmel/studio/7.0/toolchain/avr8/avr8-gnu-toolchain/bin/../lib/gcc/avr/5.4.0/avr5\libgcc.a(_umulhisi3.o)
 .bss           0x00000000        0x0 c:/program files (x86)/atmel/studio/7.0/toolchain/avr8/avr8-gnu-toolchain/bin/../lib/gcc/avr/5.4.0/avr5\libgcc.a(_umulhisi3.o)
 .text.libgcc.div
                0x00000000        0x0 c:/program files (x86)/atmel/studio/7.0/toolchain/avr8/avr8-gnu-toolchain/bin/../lib/gcc/avr/5.4.0/avr5\libgcc.a(_umulhisi3.o)
 .text.libgcc   0x00000000        0x0 c:/program files (x86)/atmel/studio/7.0/toolchain/avr8/avr8-gnu-toolchain/bin/../lib/gcc/avr/5.4.0/avr5\libgcc.a(_umulhisi3.o)
 .text.libgcc.prologue
                0x00000000        0x0 c:/program files (x86)/atmel/studio/7.0/toolchain/avr8/avr8-gnu-toolchain/bin/../lib/gcc/avr/5.4.0/avr5\libgcc.a(_umulhisi3.o)
 .text.libgcc.builtins
                0x00000000        0x0 c:/program files (x86)/atmel/studio/7.0/toolchain/avr8/avr8-gnu-toolchain/bin/../lib/gcc/avr/5.4.0/avr5\libgcc.a(_umulhisi3.o)
 .text.libgcc.fmul
                0x00000000        0x0 c:/program files (x86)/atmel/studio/7.0/toolchain/avr8/avr8-gnu-toolchain/bin/../lib/gcc/avr/5.4.0/avr5\libgcc.a(_umulhisi3.o)
 .text.libgcc.fixed
                0x00000000        0x0 c:/program files (x86)/atmel/studio/7.0/toolchain/avr8/avr8-gnu-toolchain/bin/../lib/gcc/avr/5.4.0/avr5\libgcc.a(_umulhisi3.o)
 .text          0x00000000        0x0 c:/program files (x86)/atmel/studio/7.0/toolchain/avr8/avr8-gnu-toolchain/bin/../lib/gcc/avr/5.4.0/../../../../avr/lib/avr5\libc.a(memcpy.o)
 .data          0x00000000        0x0 c:/program files (x86)/atmel/studio/7.0/toolchain/avr8/avr8-gnu-toolchain/bin/../lib/gcc/avr/5.4.0/../../../../avr/lib/avr5\libc.a(memcpy.o)
 .bss           0x00000000        0x0 c:/program files (x86)/atmel/studio/7.0/toolchain/avr8/avr8-gnu-toolchain/bin/../lib/gcc/avr/5.4.0/../../../../avr/lib/avr5\libc.a(memcpy.o)

Memory Configuration

Name             Origin             Length             Attributes
text             0x00000000         0x00008000         xr
data             0x00800060         0x00000800         rw !x
eeprom           0x00810000         0x00000400         rw !x
fuse             0x00820000         0x00000002         rw !x
lock             0x00830000         0x00000400         rw !x
signature        0x00840000         0x00000400         rw !x
user_signatures  0x00850000         0x00000400         rw !x
*default*        0x00000000         0xffffffff

Linker script and memory map

LOAD C:/Program Files (x86)/Atmel/Studio/7.0/Packs/atmel/ATmega_DFP/1.7.374/gcc/dev/atmega32/avr5/crtatmega32.o
LOAD FreeRTOS/Source/croutine.o
LOAD FreeRTOS/Source/event_groups.o
LOAD FreeRTOS/Source/list.o
LOAD FreeRTOS/Source/Portable/GCC/AVR323/port.o
LOAD FreeRTOS/Source/Portable/MemMang/heap_1.o
LOAD FreeRTOS/Source/queue.o
LOAD FreeRTOS/Source/stream_buffer.o
LOAD FreeRTOS/Source/tasks.o
LOAD FreeRTOS/Source/timers.o
LOAD HAL/Keypad/Keypad_SRC/Keypad.o
LOAD HAL/LCD/LCD_SRC/LCD.o
LOAD HAL/LM35_Sensor/LM_SRC/lm35_sensor.o
LOAD main.o
LOAD MCAL/ADC/ADC_SRC/ADC.o
LOAD MCAL/DIO/DIO_SRC/DIO.o
LOAD MCAL/PORT/PORT_SRC/Port.o
START GROUP
LOAD c:/program files (x86)/atmel/studio/7.0/toolchain/avr8/avr8-gnu-toolchain/bin/../lib/gcc/avr/5.4.0/../../../../avr/lib/avr5\libm.a
END GROUP
START GROUP
LOAD c:/program files (x86)/atmel/studio/7.0/toolchain/avr8/avr8-gnu-toolchain/bin/../lib/gcc/avr/5.4.0/avr5\libgcc.a
LOAD c:/program files (x86)/atmel/studio/7.0/toolchain/avr8/avr8-gnu-toolchain/bin/../lib/gcc/avr/5.4.0/../../../../avr/lib/avr5\libm.a
LOAD c:/program files (x86)/atmel/studio/7.0/toolchain/avr8/avr8-gnu-toolchain/bin/../lib/gcc/avr/5.4.0/../../../../avr/lib/avr5\libc.a
LOAD C:/Program Files (x86)/Atmel/Studio/7.0/Packs/atmel/ATmega_DFP/1.7.374/gcc/dev/atmega32/avr5\libatmega32.a
END GROUP
                0x00000000                __TEXT_REGION_ORIGIN__ = DEFINED (__TEXT_REGION_ORIGIN__)?__TEXT_REGION_ORIGIN__:0x0
                [0x00800060]                __DATA_REGION_ORIGIN__ = DEFINED (__DATA_REGION_ORIGIN__)?__DATA_REGION_ORIGIN__:0x800060
                [0x00008000]                __TEXT_REGION_LENGTH__ = DEFINED (__TEXT_REGION_LENGTH__)?__TEXT_REGION_LENGTH__:0x20000
                [0x00000800]                __DATA_REGION_LENGTH__ = DEFINED (__DATA_REGION_LENGTH__)?__DATA_REGION_LENGTH__:0xffa0
                [0x00000400]                __EEPROM_REGION_LENGTH__ = DEFINED (__EEPROM_REGION_LENGTH__)?__EEPROM_REGION_LENGTH__:0x10000
                [0x00000002]                __FUSE_REGION_LENGTH__ = DEFINED (__FUSE_REGION_LENGTH__)?__FUSE_REGION_LENGTH__:0x400
                0x00000400                __LOCK_REGION_LENGTH__ = DEFINED (__LOCK_REGION_LENGTH__)?__LOCK_REGION_LENGTH__:0x400
                0x00000400                __SIGNATURE_REGION_LENGTH__ = DEFINED (__SIGNATURE_REGION_LENGTH__)?__SIGNATURE_REGION_LENGTH__:0x400
                0x00000400                __USER_SIGNATURE_REGION_LENGTH__ = DEFINED (__USER_SIGNATURE_REGION_LENGTH__)?__USER_SIGNATURE_REGION_LENGTH__:0x400

.hash
 *(.hash)

.dynsym
 *(.dynsym)

.dynstr
 *(.dynstr)

.gnu.version
 *(.gnu.version)

.gnu.version_d
 *(.gnu.version_d)

.gnu.version_r
 *(.gnu.version_r)

.rel.init
 *(.rel.init)

.rela.init
 *(.rela.init)

.rel.text
 *(.rel.text)
 *(.rel.text.*)
 *(.rel.gnu.linkonce.t*)

.rela.text
 *(.rela.text)
 *(.rela.text.*)
 *(.rela.gnu.linkonce.t*)

.rel.fini
 *(.rel.fini)

.rela.fini
 *(.rela.fini)

.rel.rodata
 *(.rel.rodata)
 *(.rel.rodata.*)
 *(.rel.gnu.linkonce.r*)

.rela.rodata
 *(.rela.rodata)
 *(.rela.rodata.*)
 *(.rela.gnu.linkonce.r*)

.rel.data
 *(.rel.data)
 *(.rel.data.*)
 *(.rel.gnu.linkonce.d*)

.rela.data
 *(.rela.data)
 *(.rela.data.*)
 *(.rela.gnu.linkonce.d*)

.rel.ctors
 *(.rel.ctors)

.rela.ctors
 *(.rela.ctors)

.rel.dtors
 *(.rel.dtors)

.rela.dtors
 *(.rela.dtors)

.rel.got
 *(.rel.got)

.rela.got
 *(.rela.got)

.rel.bss
 *(.rel.bss)

.rela.bss
 *(.rela.bss)

.rel.plt
 *(.rel.plt)

.rela.plt
 *(.rela.plt)

.text           0x00000000     0x27de
 *(.vectors)
 .vectors       0x00000000       0x54 C:/Program Files (x86)/Atmel/Studio/7.0/Packs/atmel/ATmega_DFP/1.7.374/gcc/dev/atmega32/avr5/crtatmega32.o
                0x00000000                __vector_default
                0x00000000                __vectors
 *(.vectors)
 *(.progmem.gcc*)
                0x00000054                . = ALIGN (0x2)
                0x00000054                __trampolines_start = .
 *(.trampolines)
 .trampolines   0x00000054        0x0 linker stubs
 *(.trampolines*)
                0x00000054                __trampolines_end = .
 *libprintf_flt.a:*(.progmem.data)
 *libc.a:*(.progmem.data)
 *(.progmem*)
                0x00000054                . = ALIGN (0x2)
 *(.jumptables)
 *(.jumptables*)
 *(.lowtext)
 *(.lowtext*)
                0x00000054                __ctors_start = .
 *(.ctors)
                0x00000054                __ctors_end = .
                0x00000054                __dtors_start = .
 *(.dtors)
                0x00000054                __dtors_end = .
 SORT(*)(.ctors)
 SORT(*)(.dtors)
 *(.init0)
 .init0         0x00000054        0x0 C:/Program Files (x86)/Atmel/Studio/7.0/Packs/atmel/ATmega_DFP/1.7.374/gcc/dev/atmega32/avr5/crtatmega32.o
                0x00000054                __init
 *(.init0)
 *(.init1)
 *(.init1)
 *(.init2)
 .init2         0x00000054        0xc C:/Program Files (x86)/Atmel/Studio/7.0/Packs/atmel/ATmega_DFP/1.7.374/gcc/dev/atmega32/avr5/crtatmega32.o
 *(.init2)
 *(.init3)
 *(.init3)
 *(.init4)
 .init4         0x00000060       0x16 c:/program files (x86)/atmel/studio/7.0/toolchain/avr8/avr8-gnu-toolchain/bin/../lib/gcc/avr/5.4.0/avr5\libgcc.a(_copy_data.o)
                0x00000060                __do_copy_data
 .init4         0x00000076       0x10 c:/program files (x86)/atmel/studio/7.0/toolchain/avr8/avr8-gnu-toolchain/bin/../lib/gcc/avr/5.4.0/avr5\libgcc.a(_clear_bss.o)
                0x00000076                __do_clear_bss
 *(.init4)
 *(.init5)
 *(.init5)
 *(.init6)
 *(.init6)
 *(.init7)
 *(.init7)
 *(.init8)
 *(.init8)
 *(.init9)
 .init9         0x00000086        0x8 C:/Program Files (x86)/Atmel/Studio/7.0/Packs/atmel/ATmega_DFP/1.7.374/gcc/dev/atmega32/avr5/crtatmega32.o
 *(.init9)
 *(.text)
 .text          0x0000008e        0x4 C:/Program Files (x86)/Atmel/Studio/7.0/Packs/atmel/ATmega_DFP/1.7.374/gcc/dev/atmega32/avr5/crtatmega32.o
                0x0000008e                __vector_1
                0x0000008e                __vector_12
                0x0000008e                __bad_interrupt
                0x0000008e                __vector_6
                0x0000008e                __vector_3
                0x0000008e                __vector_11
                0x0000008e                __vector_13
                0x0000008e                __vector_17
                0x0000008e                __vector_19
                0x0000008e                __vector_5
                0x0000008e                __vector_4
                0x0000008e                __vector_9
                0x0000008e                __vector_2
                0x0000008e                __vector_15
                0x0000008e                __vector_8
                0x0000008e                __vector_14
                0x0000008e                __vector_10
                0x0000008e                __vector_16
                0x0000008e                __vector_18
                0x0000008e                __vector_20
                0x00000092                . = ALIGN (0x2)
 *(.text.*)
 .text.vListInitialise
                0x00000092       0x1c FreeRTOS/Source/list.o
                0x00000092                vListInitialise
 .text.vListInitialiseItem
                0x000000ae        0x8 FreeRTOS/Source/list.o
                0x000000ae                vListInitialiseItem
 .text.vListInsertEnd
                0x000000b6       0x42 FreeRTOS/Source/list.o
                0x000000b6                vListInsertEnd
 .text.vListInsert
                0x000000f8       0x62 FreeRTOS/Source/list.o
                0x000000f8                vListInsert
 .text.uxListRemove
                0x0000015a       0x4e FreeRTOS/Source/list.o
                0x0000015a                uxListRemove
 .text.prvSetupTimerInterrupt
                0x000001a8       0x12 FreeRTOS/Source/Portable/GCC/AVR323/port.o
 .text.pxPortInitialiseStack
                0x000001ba       0xd8 FreeRTOS/Source/Portable/GCC/AVR323/port.o
                0x000001ba                pxPortInitialiseStack
 .text.xPortStartScheduler
                0x00000292       0x5e FreeRTOS/Source/Portable/GCC/AVR323/port.o
                0x00000292                xPortStartScheduler
 .text.vPortYield
                0x000002f0       0xb2 FreeRTOS/Source/Portable/GCC/AVR323/port.o
                0x000002f0                vPortYield
 .text.__vector_7
                0x000003a2       0x48 FreeRTOS/Source/Portable/GCC/AVR323/port.o
                0x000003a2                __vector_7
 .text.pvPortMalloc
                0x000003ea       0x74 FreeRTOS/Source/Portable/MemMang/heap_1.o
                0x000003ea                pvPortMalloc
 .text.vPortFree
                0x0000045e        0x2 FreeRTOS/Source/Portable/MemMang/heap_1.o
                0x0000045e                vPortFree
 .text.prvIsQueueEmpty
                0x00000460       0x1a FreeRTOS/Source/queue.o
 .text.prvIsQueueFull
                0x0000047a       0x1c FreeRTOS/Source/queue.o
 .text.prvCopyDataToQueue
                0x00000496       0x92 FreeRTOS/Source/queue.o
 .text.prvCopyDataFromQueue
                0x00000528       0x34 FreeRTOS/Source/queue.o
 .text.prvUnlockQueue
                0x0000055c       0x68 FreeRTOS/Source/queue.o
 .text.xQueueGenericReset
                0x000005c4       0xb8 FreeRTOS/Source/queue.o
                0x000005c4                xQueueGenericReset
 .text.prvInitialiseNewQueue
                0x0000067c       0x26 FreeRTOS/Source/queue.o
 .text.xQueueGenericCreate
                0x000006a2       0x82 FreeRTOS/Source/queue.o
                0x000006a2                xQueueGenericCreate
 .text.xQueueGenericSend
                0x00000724      0x114 FreeRTOS/Source/queue.o
                0x00000724                xQueueGenericSend
 .text.xQueueReceive
                0x00000838      0x118 FreeRTOS/Source/queue.o
                0x00000838                xQueueReceive
 .text.xQueueSemaphoreTake
                0x00000950      0x100 FreeRTOS/Source/queue.o
                0x00000950                xQueueSemaphoreTake
 .text.prvResetNextTaskUnblockTime
                0x00000a50       0x38 FreeRTOS/Source/tasks.o
 .text.prvDeleteTCB
                0x00000a88       0x1a FreeRTOS/Source/tasks.o
 .text.prvInitialiseNewTask
                0x00000aa2       0xd2 FreeRTOS/Source/tasks.o
 .text.prvInitialiseTaskLists
                0x00000b74       0x66 FreeRTOS/Source/tasks.o
 .text.prvAddNewTaskToReadyList
                0x00000bda       0xee FreeRTOS/Source/tasks.o
 .text.prvCheckTasksWaitingTermination
                0x00000cc8       0x4c FreeRTOS/Source/tasks.o
 .text.prvIdleTask
                0x00000d14        0xa FreeRTOS/Source/tasks.o
 .text.prvAddCurrentTaskToDelayedList
                0x00000d1e       0x88 FreeRTOS/Source/tasks.o
 .text.xTaskCreate
                0x00000da6       0xb2 FreeRTOS/Source/tasks.o
                0x00000da6                xTaskCreate
 .text.vTaskDelete
                0x00000e58       0xb0 FreeRTOS/Source/tasks.o
                0x00000e58                vTaskDelete
 .text.vTaskStartScheduler
                0x00000f08       0x58 FreeRTOS/Source/tasks.o
                0x00000f08                vTaskStartScheduler
 .text.vTaskSuspendAll
                0x00000f60        0xc FreeRTOS/Source/tasks.o
                0x00000f60                vTaskSuspendAll
 .text.xTaskGetTickCount
                0x00000f6c       0x14 FreeRTOS/Source/tasks.o
                0x00000f6c                xTaskGetTickCount
 .text.xTaskIncrementTick
                0x00000f80      0x1de FreeRTOS/Source/tasks.o
                0x00000f80                xTaskIncrementTick
 .text.xTaskResumeAll
                0x0000115e      0x19a FreeRTOS/Source/tasks.o
                0x0000115e                xTaskResumeAll
 .text.xTaskDelayUntil
                0x000012f8       0x84 FreeRTOS/Source/tasks.o
                0x000012f8                xTaskDelayUntil
 .text.vTaskDelay
                0x0000137c       0x2c FreeRTOS/Source/tasks.o
                0x0000137c                vTaskDelay
 .text.vTaskSwitchContext
                0x000013a8       0xa8 FreeRTOS/Source/tasks.o
                0x000013a8                vTaskSwitchContext
 .text.vTaskPlaceOnEventList
                0x00001450       0x24 FreeRTOS/Source/tasks.o
                0x00001450                vTaskPlaceOnEventList
 .text.xTaskRemoveFromEventList
                0x00001474      0x17a FreeRTOS/Source/tasks.o
                0x00001474                xTaskRemoveFromEventList
 .text.vTaskInternalSetTimeOutState
                0x000015ee       0x16 FreeRTOS/Source/tasks.o
                0x000015ee                vTaskInternalSetTimeOutState
 .text.xTaskCheckForTimeOut
                0x00001604       0x64 FreeRTOS/Source/tasks.o
                0x00001604                xTaskCheckForTimeOut
 .text.vTaskMissedYield
                0x00001668        0x8 FreeRTOS/Source/tasks.o
                0x00001668                vTaskMissedYield
 .text.Keypad_Get_Active_Column
                0x00001670       0xc2 HAL/Keypad/Keypad_SRC/Keypad.o
 .text.Keypad_Init
                0x00001732       0x3c HAL/Keypad/Keypad_SRC/Keypad.o
                0x00001732                Keypad_Init
 .text.Keypad_Read_Character
                0x0000176e       0xae HAL/Keypad/Keypad_SRC/Keypad.o
                0x0000176e                Keypad_Read_Character
 .text.LCD_Helper_Send_Data_Bus
                0x0000181c       0x88 HAL/LCD/LCD_SRC/LCD.o
 .text.LCD_Display_Character
                0x000018a4       0x1a HAL/LCD/LCD_SRC/LCD.o
                0x000018a4                LCD_Display_Character
 .text.LCD_Send_Command
                0x000018be       0x1a HAL/LCD/LCD_SRC/LCD.o
                0x000018be                LCD_Send_Command
 .text.LCD_GoTO_XY
                0x000018d8        0xa HAL/LCD/LCD_SRC/LCD.o
                0x000018d8                LCD_GoTO_XY
 .text.LCD_Kick1
                0x000018e2        0xe HAL/LCD/LCD_SRC/LCD.o
                0x000018e2                LCD_Kick1
 .text.LCD_Kick2
                0x000018f0        0xe HAL/LCD/LCD_SRC/LCD.o
                0x000018f0                LCD_Kick2
 .text.LM35_getTemperature
                0x000018fe       0x92 HAL/LM35_Sensor/LM_SRC/lm35_sensor.o
                0x000018fe                LM35_getTemperature
 .text.OS_LCD_Display
                0x00001990       0xda main.o
                0x00001990                OS_LCD_Display
 .text.main     0x00001a6a      0x108 main.o
                0x00001a6a                main
 .text.Add_Message
                0x00001b72       0x62 main.o
                0x00001b72                Add_Message
 .text.OS_LCD_Init
                0x00001bd4       0xca main.o
                0x00001bd4                OS_LCD_Init
 .text.OS_Read_Temp
                0x00001c9e      0x100 main.o
                0x00001c9e                OS_Read_Temp
 .text.OS_LCD_GoTO_XY
                0x00001d9e       0x16 main.o
                0x00001d9e                OS_LCD_GoTO_XY
 .text.System_Control
                0x00001db4      0x2a2 main.o
                0x00001db4                System_Control
 .text.ADC_Read
                0x00002056       0x28 MCAL/ADC/ADC_SRC/ADC.o
                0x00002056                ADC_Read
 .text.ADC_Set_Config
                0x0000207e       0x78 MCAL/ADC/ADC_SRC/ADC.o
                0x0000207e                ADC_Set_Config
 .text.DIO_Read_Channel_Direction
                0x000020f6       0xb8 MCAL/DIO/DIO_SRC/DIO.o
                0x000020f6                DIO_Read_Channel_Direction
 .text.DIO_Write_Channel
                0x000021ae       0x8e MCAL/DIO/DIO_SRC/DIO.o
                0x000021ae                DIO_Write_Channel
 .text.DIO_Read_Channel
                0x0000223c       0xaa MCAL/DIO/DIO_SRC/DIO.o
                0x0000223c                DIO_Read_Channel
 .text.PORT_Init
                0x000022e6       0x16 MCAL/PORT/PORT_SRC/Port.o
                0x000022e6                PORT_Init
 .text.Port_Set_Pin_Direction
                0x000022fc       0xe6 MCAL/PORT/PORT_SRC/Port.o
                0x000022fc                Port_Set_Pin_Direction
 .text.Port_Set_Pin_Mode
                0x000023e2       0x8e MCAL/PORT/PORT_SRC/Port.o
                0x000023e2                Port_Set_Pin_Mode
 .text.avr-libc.fplib
                0x00002470        0x8 c:/program files (x86)/atmel/studio/7.0/toolchain/avr8/avr8-gnu-toolchain/bin/../lib/gcc/avr/5.4.0/../../../../avr/lib/avr5\libm.a(divsf3.o)
                0x00002470                __divsf3
 .text.avr-libc.fplib
                0x00002478       0xdc c:/program files (x86)/atmel/studio/7.0/toolchain/avr8/avr8-gnu-toolchain/bin/../lib/gcc/avr/5.4.0/../../../../avr/lib/avr5\libm.a(divsf3x.o)
                0x00002498                __divsf3x
                0x0000249e                __divsf3_pse
 .text.avr-libc.fplib
                0x00002554       0x5e c:/program files (x86)/atmel/studio/7.0/toolchain/avr8/avr8-gnu-toolchain/bin/../lib/gcc/avr/5.4.0/../../../../avr/lib/avr5\libm.a(fixunssfsi.o)
                0x00002554                __fixunssfsi
 .text.avr-libc.fplib
                0x000025b2       0x7c c:/program files (x86)/atmel/studio/7.0/toolchain/avr8/avr8-gnu-toolchain/bin/../lib/gcc/avr/5.4.0/../../../../avr/lib/avr5\libm.a(floatundisf.o)
                0x000025b2                __floatundisf
                0x000025b4                __fp_di2sf
 .text.avr-libc.fplib
                0x0000262e        0xc c:/program files (x86)/atmel/studio/7.0/toolchain/avr8/avr8-gnu-toolchain/bin/../lib/gcc/avr/5.4.0/../../../../avr/lib/avr5\libm.a(fp_inf.o)
                0x0000262e                __fp_inf
 .text.avr-libc.fplib
                0x0000263a        0x6 c:/program files (x86)/atmel/studio/7.0/toolchain/avr8/avr8-gnu-toolchain/bin/../lib/gcc/avr/5.4.0/../../../../avr/lib/avr5\libm.a(fp_nan.o)
                0x0000263a                __fp_nan
 .text.avr-libc.fplib
                0x00002640        0xe c:/program files (x86)/atmel/studio/7.0/toolchain/avr8/avr8-gnu-toolchain/bin/../lib/gcc/avr/5.4.0/../../../../avr/lib/avr5\libm.a(fp_pscA.o)
                0x00002640                __fp_pscA
 .text.avr-libc.fplib
                0x0000264e        0xe c:/program files (x86)/atmel/studio/7.0/toolchain/avr8/avr8-gnu-toolchain/bin/../lib/gcc/avr/5.4.0/../../../../avr/lib/avr5\libm.a(fp_pscB.o)
                0x0000264e                __fp_pscB
 .text.avr-libc.fplib
                0x0000265c       0x22 c:/program files (x86)/atmel/studio/7.0/toolchain/avr8/avr8-gnu-toolchain/bin/../lib/gcc/avr/5.4.0/../../../../avr/lib/avr5\libm.a(fp_round.o)
                0x0000265c                __fp_round
 .text.avr-libc.fplib
                0x0000267e       0x44 c:/program files (x86)/atmel/studio/7.0/toolchain/avr8/avr8-gnu-toolchain/bin/../lib/gcc/avr/5.4.0/../../../../avr/lib/avr5\libm.a(fp_split3.o)
                0x0000267e                __fp_split3
                0x0000268e                __fp_splitA
 .text.avr-libc.fplib
                0x000026c2        0xe c:/program files (x86)/atmel/studio/7.0/toolchain/avr8/avr8-gnu-toolchain/bin/../lib/gcc/avr/5.4.0/../../../../avr/lib/avr5\libm.a(fp_zero.o)
                0x000026c2                __fp_zero
                0x000026c4                __fp_szero
 .text.libgcc.div
                0x000026d0       0x28 c:/program files (x86)/atmel/studio/7.0/toolchain/avr8/avr8-gnu-toolchain/bin/../lib/gcc/avr/5.4.0/avr5\libgcc.a(_udivmodhi4.o)
                0x000026d0                __udivmodhi4
 .text.libgcc.mul
                0x000026f8       0xa0 c:/program files (x86)/atmel/studio/7.0/toolchain/avr8/avr8-gnu-toolchain/bin/../lib/gcc/avr/5.4.0/avr5\libgcc.a(_muldi3.o)
                0x000026f8                __muldi3
 .text.libgcc.mul
                0x00002798       0x12 c:/program files (x86)/atmel/studio/7.0/toolchain/avr8/avr8-gnu-toolchain/bin/../lib/gcc/avr/5.4.0/avr5\libgcc.a(_muldi3_6.o)
                0x00002798                __muldi3_6
 .text.libgcc.mul
                0x000027aa       0x1e c:/program files (x86)/atmel/studio/7.0/toolchain/avr8/avr8-gnu-toolchain/bin/../lib/gcc/avr/5.4.0/avr5\libgcc.a(_umulhisi3.o)
                0x000027aa                __umulhisi3
 .text.avr-libc
                0x000027c8       0x12 c:/program files (x86)/atmel/studio/7.0/toolchain/avr8/avr8-gnu-toolchain/bin/../lib/gcc/avr/5.4.0/../../../../avr/lib/avr5\libc.a(memcpy.o)
                0x000027c8                memcpy
                0x000027da                . = ALIGN (0x2)
 *(.fini9)
 .fini9         0x000027da        0x0 c:/program files (x86)/atmel/studio/7.0/toolchain/avr8/avr8-gnu-toolchain/bin/../lib/gcc/avr/5.4.0/avr5\libgcc.a(_exit.o)
                0x000027da                _exit
                0x000027da                exit
 *(.fini9)
 *(.fini8)
 *(.fini8)
 *(.fini7)
 *(.fini7)
 *(.fini6)
 *(.fini6)
 *(.fini5)
 *(.fini5)
 *(.fini4)
 *(.fini4)
 *(.fini3)
 *(.fini3)
 *(.fini2)
 *(.fini2)
 *(.fini1)
 *(.fini1)
 *(.fini0)
 .fini0         0x000027da        0x4 c:/program files (x86)/atmel/studio/7.0/toolchain/avr8/avr8-gnu-toolchain/bin/../lib/gcc/avr/5.4.0/avr5\libgcc.a(_exit.o)
 *(.fini0)
                0x000027de                _etext = .

.data           0x00800060       0xd6 load address 0x000027de
                0x00800060                PROVIDE (__data_start, .)
 *(.data)
 *(.data*)
 .data.uxTopUsedPriority
                0x00800060        0x1 FreeRTOS/Source/tasks.o
                0x00800060                uxTopUsedPriority
 .data.Keypad_SW_Values
                0x00800061       0x10 HAL/Keypad/Keypad_SRC/Keypad.o
                0x00800061                Keypad_SW_Values
 .data.Keypad_CFG
                0x00800071       0x20 HAL/Keypad/Keypad_SRC/Keypad.o
                0x00800071                Keypad_CFG
 .data.Desired_Temperature
                0x00800091        0x1 main.o
                0x00800091                Desired_Temperature
 .data.LCD_Init_Flag
                0x00800092        0x1 main.o
                0x00800092                LCD_Init_Flag
 .data.LCD_Run_State
                0x00800093        0x1 main.o
                0x00800093                LCD_Run_State
 *(.gnu.linkonce.d*)
 *(.rodata)
 .rodata        0x00800094       0x1c main.o
 *(.rodata*)
 .rodata.str1.1
                0x008000b0        0x5 FreeRTOS/Source/tasks.o
 .rodata.str1.1
                0x008000b5       0x81 main.o
 *(.gnu.linkonce.r*)
                0x00800136                . = ALIGN (0x2)
                0x00800136                _edata = .
                0x00800136                PROVIDE (__data_end, .)

.bss            0x00800136      0x650
                0x00800136                PROVIDE (__bss_start, .)
 *(.bss)
 *(.bss*)
 .bss.pucAlignedHeap.2111
                0x00800136        0x2 FreeRTOS/Source/Portable/MemMang/heap_1.o
 .bss.xNextFreeByte
                0x00800138        0x2 FreeRTOS/Source/Portable/MemMang/heap_1.o
 .bss.ucHeap    0x0080013a      0x5dc FreeRTOS/Source/Portable/MemMang/heap_1.o
 .bss.uxSchedulerSuspended
                0x00800716        0x1 FreeRTOS/Source/tasks.o
 .bss.xIdleTaskHandle
                0x00800717        0x2 FreeRTOS/Source/tasks.o
 .bss.xNextTaskUnblockTime
                0x00800719        0x2 FreeRTOS/Source/tasks.o
 .bss.uxTaskNumber
                0x0080071b        0x1 FreeRTOS/Source/tasks.o
 .bss.xNumOfOverflows
                0x0080071c        0x1 FreeRTOS/Source/tasks.o
 .bss.xYieldPending
                0x0080071d        0x1 FreeRTOS/Source/tasks.o
 .bss.xPendedTicks
                0x0080071e        0x2 FreeRTOS/Source/tasks.o
 .bss.xSchedulerRunning
                0x00800720        0x1 FreeRTOS/Source/tasks.o
 .bss.uxTopReadyPriority
                0x00800721        0x1 FreeRTOS/Source/tasks.o
 .bss.xTickCount
                0x00800722        0x2 FreeRTOS/Source/tasks.o
 .bss.uxCurrentNumberOfTasks
                0x00800724        0x1 FreeRTOS/Source/tasks.o
 .bss.uxDeletedTasksWaitingCleanUp
                0x00800725        0x1 FreeRTOS/Source/tasks.o
 .bss.xTasksWaitingTermination
                0x00800726        0x9 FreeRTOS/Source/tasks.o
 .bss.xPendingReadyList
                0x0080072f        0x9 FreeRTOS/Source/tasks.o
 .bss.pxOverflowDelayedTaskList
                0x00800738        0x2 FreeRTOS/Source/tasks.o
 .bss.pxDelayedTaskList
                0x0080073a        0x2 FreeRTOS/Source/tasks.o
 .bss.xDelayedTaskList2
                0x0080073c        0x9 FreeRTOS/Source/tasks.o
 .bss.xDelayedTaskList1
                0x00800745        0x9 FreeRTOS/Source/tasks.o
 .bss.pxReadyTasksLists
                0x0080074e       0x24 FreeRTOS/Source/tasks.o
 .bss.pxCurrentTCB
                0x00800772        0x2 FreeRTOS/Source/tasks.o
                0x00800772                pxCurrentTCB
 .bss.Keypad_GRead_Mode
                0x00800774        0x1 HAL/Keypad/Keypad_SRC/Keypad.o
 .bss.LCD_Queue1_Semaphore
                0x00800775        0x2 main.o
                0x00800775                LCD_Queue1_Semaphore
 .bss.System_Control_Handle
                0x00800777        0x2 main.o
                0x00800777                System_Control_Handle
 .bss.OS_LCD_Display_Char_Handle
                0x00800779        0x2 main.o
                0x00800779                OS_LCD_Display_Char_Handle
 .bss.OS_Read_Temp_Handle
                0x0080077b        0x2 main.o
                0x0080077b                OS_Read_Temp_Handle
 .bss.OS_LCD_Init_Handle
                0x0080077d        0x2 main.o
                0x0080077d                OS_LCD_Init_Handle
 .bss.Current_Temperature
                0x0080077f        0x1 main.o
                0x0080077f                Current_Temperature
 .bss.System_State
                0x00800780        0x1 main.o
                0x00800780                System_State
 .bss.LCD_Init_State
                0x00800781        0x1 main.o
                0x00800781                LCD_Init_State
 .bss.ADC_GP_CallBack
                0x00800782        0x2 MCAL/ADC/ADC_SRC/ADC.o
                0x00800782                ADC_GP_CallBack
 *(COMMON)
 COMMON         0x00800784        0x2 main.o
                0x00800784                LCD_Queue1
                0x00800786                PROVIDE (__bss_end, .)
                0x000027de                __data_load_start = LOADADDR (.data)
                0x000028b4                __data_load_end = (__data_load_start + SIZEOF (.data))

.noinit         0x00800786        0x0
                [!provide]                PROVIDE (__noinit_start, .)
 *(.noinit*)
                [!provide]                PROVIDE (__noinit_end, .)
                0x00800786                _end = .
                [!provide]                PROVIDE (__heap_start, .)

.eeprom         0x00810000        0x0
 *(.eeprom*)
                0x00810000                __eeprom_end = .

.fuse
 *(.fuse)
 *(.lfuse)
 *(.hfuse)
 *(.efuse)

.lock
 *(.lock*)

.signature
 *(.signature*)

.user_signatures
 *(.user_signatures*)

.stab
 *(.stab)

.stabstr
 *(.stabstr)

.stab.excl
 *(.stab.excl)

.stab.exclstr
 *(.stab.exclstr)

.stab.index
 *(.stab.index)

.stab.indexstr
 *(.stab.indexstr)

.comment        0x00000000       0x30
 *(.comment)
 .comment       0x00000000       0x30 FreeRTOS/Source/list.o
                                 0x31 (size before relaxing)
 .comment       0x00000030       0x31 FreeRTOS/Source/Portable/GCC/AVR323/port.o
 .comment       0x00000030       0x31 FreeRTOS/Source/Portable/MemMang/heap_1.o
 .comment       0x00000030       0x31 FreeRTOS/Source/queue.o
 .comment       0x00000030       0x31 FreeRTOS/Source/tasks.o
 .comment       0x00000030       0x31 HAL/Keypad/Keypad_SRC/Keypad.o
 .comment       0x00000030       0x31 HAL/LCD/LCD_SRC/LCD.o
 .comment       0x00000030       0x31 HAL/LM35_Sensor/LM_SRC/lm35_sensor.o
 .comment       0x00000030       0x31 main.o
 .comment       0x00000030       0x31 MCAL/ADC/ADC_SRC/ADC.o
 .comment       0x00000030       0x31 MCAL/DIO/DIO_SRC/DIO.o
 .comment       0x00000030       0x31 MCAL/PORT/PORT_SRC/Port.o

.note.gnu.avr.deviceinfo
                0x00000000       0x3c
 .note.gnu.avr.deviceinfo
                0x00000000       0x3c C:/Program Files (x86)/Atmel/Studio/7.0/Packs/atmel/ATmega_DFP/1.7.374/gcc/dev/atmega32/avr5/crtatmega32.o

.note.gnu.build-id
 *(.note.gnu.build-id)

.debug
 *(.debug)

.line
 *(.line)

.debug_srcinfo
 *(.debug_srcinfo)

.debug_sfnames
 *(.debug_sfnames)

.debug_aranges  0x00000000      0x480
 *(.debug_aranges)
 .debug_aranges
                0x00000000       0x40 FreeRTOS/Source/list.o
 .debug_aranges
                0x00000040       0x50 FreeRTOS/Source/Portable/GCC/AVR323/port.o
 .debug_aranges
                0x00000090       0x38 FreeRTOS/Source/Portable/MemMang/heap_1.o
 .debug_aranges
                0x000000c8       0xc8 FreeRTOS/Source/queue.o
 .debug_aranges
                0x00000190      0x158 FreeRTOS/Source/tasks.o
 .debug_aranges
                0x000002e8       0x30 HAL/Keypad/Keypad_SRC/Keypad.o
 .debug_aranges
                0x00000318       0x50 HAL/LCD/LCD_SRC/LCD.o
 .debug_aranges
                0x00000368       0x20 HAL/LM35_Sensor/LM_SRC/lm35_sensor.o
 .debug_aranges
                0x00000388       0x50 main.o
 .debug_aranges
                0x000003d8       0x30 MCAL/ADC/ADC_SRC/ADC.o
 .debug_aranges
                0x00000408       0x48 MCAL/DIO/DIO_SRC/DIO.o
 .debug_aranges
                0x00000450       0x30 MCAL/PORT/PORT_SRC/Port.o

.debug_pubnames
 *(.debug_pubnames)

.debug_info     0x00000000     0x58ec
 *(.debug_info .gnu.linkonce.wi.*)
 .debug_info    0x00000000      0x4e6 C:/Program Files (x86)/Atmel/Studio/7.0/Packs/atmel/ATmega_DFP/1.7.374/gcc/dev/atmega32/avr5/crtatmega32.o
 .debug_info    0x000004e6      0x2d8 FreeRTOS/Source/list.o
 .debug_info    0x000007be      0x24e FreeRTOS/Source/Portable/GCC/AVR323/port.o
 .debug_info    0x00000a0c      0x1a4 FreeRTOS/Source/Portable/MemMang/heap_1.o
 .debug_info    0x00000bb0     0x14be FreeRTOS/Source/queue.o
 .debug_info    0x0000206e     0x19a3 FreeRTOS/Source/tasks.o
 .debug_info    0x00003a11      0x2fc HAL/Keypad/Keypad_SRC/Keypad.o
 .debug_info    0x00003d0d      0x3ac HAL/LCD/LCD_SRC/LCD.o
 .debug_info    0x000040b9       0xfa HAL/LM35_Sensor/LM_SRC/lm35_sensor.o
 .debug_info    0x000041b3     0x1017 main.o
 .debug_info    0x000051ca      0x1c2 MCAL/ADC/ADC_SRC/ADC.o
 .debug_info    0x0000538c      0x3a6 MCAL/DIO/DIO_SRC/DIO.o
 .debug_info    0x00005732      0x1ba MCAL/PORT/PORT_SRC/Port.o

.debug_abbrev   0x00000000     0x1497
 *(.debug_abbrev)
 .debug_abbrev  0x00000000      0x4a3 C:/Program Files (x86)/Atmel/Studio/7.0/Packs/atmel/ATmega_DFP/1.7.374/gcc/dev/atmega32/avr5/crtatmega32.o
 .debug_abbrev  0x000004a3       0xff FreeRTOS/Source/list.o
 .debug_abbrev  0x000005a2      0x15d FreeRTOS/Source/Portable/GCC/AVR323/port.o
 .debug_abbrev  0x000006ff      0x11c FreeRTOS/Source/Portable/MemMang/heap_1.o
 .debug_abbrev  0x0000081b      0x227 FreeRTOS/Source/queue.o
 .debug_abbrev  0x00000a42      0x28d FreeRTOS/Source/tasks.o
 .debug_abbrev  0x00000ccf      0x154 HAL/Keypad/Keypad_SRC/Keypad.o
 .debug_abbrev  0x00000e23       0xd7 HAL/LCD/LCD_SRC/LCD.o
 .debug_abbrev  0x00000efa       0x98 HAL/LM35_Sensor/LM_SRC/lm35_sensor.o
 .debug_abbrev  0x00000f92      0x25f main.o
 .debug_abbrev  0x000011f1       0xac MCAL/ADC/ADC_SRC/ADC.o
 .debug_abbrev  0x0000129d       0xef MCAL/DIO/DIO_SRC/DIO.o
 .debug_abbrev  0x0000138c      0x10b MCAL/PORT/PORT_SRC/Port.o

.debug_line     0x00000000     0x345c
 *(.debug_line .debug_line.* .debug_line_end)
 .debug_line    0x00000000      0x116 C:/Program Files (x86)/Atmel/Studio/7.0/Packs/atmel/ATmega_DFP/1.7.374/gcc/dev/atmega32/avr5/crtatmega32.o
 .debug_line    0x00000116      0x221 FreeRTOS/Source/list.o
 .debug_line    0x00000337      0x2dc FreeRTOS/Source/Portable/GCC/AVR323/port.o
 .debug_line    0x00000613      0x1e8 FreeRTOS/Source/Portable/MemMang/heap_1.o
 .debug_line    0x000007fb      0xacc FreeRTOS/Source/queue.o
 .debug_line    0x000012c7      0xfa4 FreeRTOS/Source/tasks.o
 .debug_line    0x0000226b      0x22c HAL/Keypad/Keypad_SRC/Keypad.o
 .debug_line    0x00002497      0x187 HAL/LCD/LCD_SRC/LCD.o
 .debug_line    0x0000261e       0xa2 HAL/LM35_Sensor/LM_SRC/lm35_sensor.o
 .debug_line    0x000026c0      0x75b main.o
 .debug_line    0x00002e1b      0x11a MCAL/ADC/ADC_SRC/ADC.o
 .debug_line    0x00002f35      0x35a MCAL/DIO/DIO_SRC/DIO.o
 .debug_line    0x0000328f      0x1cd MCAL/PORT/PORT_SRC/Port.o

.debug_frame    0x00000000      0xdd0
 *(.debug_frame)
 .debug_frame   0x00000000       0x88 FreeRTOS/Source/list.o
 .debug_frame   0x00000088       0xcc FreeRTOS/Source/Portable/GCC/AVR323/port.o
 .debug_frame   0x00000154       0x60 FreeRTOS/Source/Portable/MemMang/heap_1.o
 .debug_frame   0x000001b4      0x2fc FreeRTOS/Source/queue.o
 .debug_frame   0x000004b0      0x51c FreeRTOS/Source/tasks.o
 .debug_frame   0x000009cc       0x84 HAL/Keypad/Keypad_SRC/Keypad.o
 .debug_frame   0x00000a50       0x9c HAL/LCD/LCD_SRC/LCD.o
 .debug_frame   0x00000aec       0x68 HAL/LM35_Sensor/LM_SRC/lm35_sensor.o
 .debug_frame   0x00000b54       0xd4 main.o
 .debug_frame   0x00000c28       0x44 MCAL/ADC/ADC_SRC/ADC.o
 .debug_frame   0x00000c6c       0xf4 MCAL/DIO/DIO_SRC/DIO.o
 .debug_frame   0x00000d60       0x70 MCAL/PORT/PORT_SRC/Port.o

.debug_str      0x00000000     0x1c08
 *(.debug_str)
 .debug_str     0x00000000      0x196 C:/Program Files (x86)/Atmel/Studio/7.0/Packs/atmel/ATmega_DFP/1.7.374/gcc/dev/atmega32/avr5/crtatmega32.o
 .debug_str     0x00000196      0x285 FreeRTOS/Source/list.o
                                0x2c4 (size before relaxing)
 .debug_str     0x0000041b      0x14b FreeRTOS/Source/Portable/GCC/AVR323/port.o
                                0x2d1 (size before relaxing)
 .debug_str     0x00000566       0xce FreeRTOS/Source/Portable/MemMang/heap_1.o
                                0x246 (size before relaxing)
 .debug_str     0x00000634      0x4f0 FreeRTOS/Source/queue.o
                                0x7ac (size before relaxing)
 .debug_str     0x00000b24      0x7b8 FreeRTOS/Source/tasks.o
                                0xc67 (size before relaxing)
 .debug_str     0x000012dc      0x225 HAL/Keypad/Keypad_SRC/Keypad.o
                                0x31e (size before relaxing)
 .debug_str     0x00001501       0x86 HAL/LCD/LCD_SRC/LCD.o
                                0x248 (size before relaxing)
 .debug_str     0x00001587       0xbd HAL/LM35_Sensor/LM_SRC/lm35_sensor.o
                                0x1ea (size before relaxing)
 .debug_str     0x00001644      0x381 main.o
                                0x6b0 (size before relaxing)
 .debug_str     0x000019c5       0x57 MCAL/ADC/ADC_SRC/ADC.o
                                0x289 (size before relaxing)
 .debug_str     0x00001a1c      0x11e MCAL/DIO/DIO_SRC/DIO.o
                                0x2fd (size before relaxing)
 .debug_str     0x00001b3a       0xce MCAL/PORT/PORT_SRC/Port.o
                                0x2a0 (size before relaxing)

.debug_loc      0x00000000     0x4c9a
 *(.debug_loc)
 .debug_loc     0x00000000      0x145 FreeRTOS/Source/list.o
 .debug_loc     0x00000145      0x36b FreeRTOS/Source/Portable/GCC/AVR323/port.o
 .debug_loc     0x000004b0      0x10f FreeRTOS/Source/Portable/MemMang/heap_1.o
 .debug_loc     0x000005bf     0x18bf FreeRTOS/Source/queue.o
 .debug_loc     0x00001e7e     0x1bf4 FreeRTOS/Source/tasks.o
 .debug_loc     0x00003a72      0x263 HAL/Keypad/Keypad_SRC/Keypad.o
 .debug_loc     0x00003cd5      0x22d HAL/LCD/LCD_SRC/LCD.o
 .debug_loc     0x00003f02      0x102 HAL/LM35_Sensor/LM_SRC/lm35_sensor.o
 .debug_loc     0x00004004      0x478 main.o
 .debug_loc     0x0000447c       0x71 MCAL/ADC/ADC_SRC/ADC.o
 .debug_loc     0x000044ed      0x570 MCAL/DIO/DIO_SRC/DIO.o
 .debug_loc     0x00004a5d      0x23d MCAL/PORT/PORT_SRC/Port.o

.debug_macinfo
 *(.debug_macinfo)

.debug_weaknames
 *(.debug_weaknames)

.debug_funcnames
 *(.debug_funcnames)

.debug_typenames
 *(.debug_typenames)

.debug_varnames
 *(.debug_varnames)

.debug_pubtypes
 *(.debug_pubtypes)

.debug_ranges   0x00000000      0x4a0
 *(.debug_ranges)
 .debug_ranges  0x00000000       0x30 FreeRTOS/Source/list.o
 .debug_ranges  0x00000030       0x40 FreeRTOS/Source/Portable/GCC/AVR323/port.o
 .debug_ranges  0x00000070       0x28 FreeRTOS/Source/Portable/MemMang/heap_1.o
 .debug_ranges  0x00000098      0x100 FreeRTOS/Source/queue.o
 .debug_ranges  0x00000198      0x168 FreeRTOS/Source/tasks.o
 .debug_ranges  0x00000300       0x50 HAL/Keypad/Keypad_SRC/Keypad.o
 .debug_ranges  0x00000350       0x40 HAL/LCD/LCD_SRC/LCD.o
 .debug_ranges  0x00000390       0x10 HAL/LM35_Sensor/LM_SRC/lm35_sensor.o
 .debug_ranges  0x000003a0       0x58 main.o
 .debug_ranges  0x000003f8       0x20 MCAL/ADC/ADC_SRC/ADC.o
 .debug_ranges  0x00000418       0x50 MCAL/DIO/DIO_SRC/DIO.o
 .debug_ranges  0x00000468       0x38 MCAL/PORT/PORT_SRC/Port.o

.debug_macro
 *(.debug_macro)
OUTPUT(AVR_ATmega32_Drivers.elf elf32-avr)
LOAD linker stubs
