../Src/main.c:7:5:main	8	static
../Src/main.c:15:6:Tool_Init	16	static
../Src/main.c:57:6:Tool_Control_Task	16	static
../Src/main.c:90:6:Tool_Start_Window	24	static
../Src/main.c:114:6:Tool_Security_level_Window	24	static
../Src/main.c:138:6:Tool_Car_Options_Window	24	static
../Src/main.c:165:6:Tool_UDS_Send_Req	24	static
../Src/main.c:239:6:Tool_Communication_Check	16	static
../Src/main.c:257:6:Tool_Error_Messages	24	static
../Src/main.c:307:6:Tool_Display_Response	8	static
../Src/main.c:449:6:Tool_Keypad_Read	8	static
../Src/main.c:551:6:UDS_Isr_CallBack	32	static
../Src/main.c:571:6:Usart_Isr	16	static
