STM32F103C6_USART_Driver.c:31:6:MCAL_UART_Init	24	static
STM32F103C6_USART_Driver.c:97:6:MCAL_UART_Dinit	16	static
STM32F103C6_USART_Driver.c:117:6:MCAL_UART_Send_Data	24	static
STM32F103C6_USART_Driver.c:143:6:MCAL_UART_Receive_Data	24	static
STM32F103C6_USART_Driver.c:190:6:MCAL_UART_Wait_TC	16	static
STM32F103C6_USART_Driver.c:197:6:MCAL_UART_GPIO_Set_Pins	24	static
STM32F103C6_USART_Driver.c:320:6:USART1_IRQHandler	8	static
STM32F103C6_USART_Driver.c:325:6:USART2_IRQHandler	8	static
STM32F103C6_USART_Driver.c:330:6:USART3_IRQHandler	8	static
