../Src/HAL/CAR_DC_MOTORS/CAR_DC_MOTORS.c:21:6:CAR_DC_MOTORS_vidInit	16	static
../Src/HAL/CAR_DC_MOTORS/CAR_DC_MOTORS.c:38:6:CAR_vidMove_Forward	8	static
../Src/HAL/CAR_DC_MOTORS/CAR_DC_MOTORS.c:49:6:CAR_vidMove_Backward	8	static
../Src/HAL/CAR_DC_MOTORS/CAR_DC_MOTORS.c:60:6:CAR_vidTurn_Right	8	static
../Src/HAL/CAR_DC_MOTORS/CAR_DC_MOTORS.c:71:6:CAR_vidTurn_Left	8	static
../Src/HAL/CAR_DC_MOTORS/CAR_DC_MOTORS.c:82:6:CAR_vid_Stop	8	static
../Src/HAL/CAR_DC_MOTORS/CAR_DC_MOTORS.c:93:6:CAR_vid_Stop_with_Steering_turned_left	8	static
../Src/HAL/CAR_DC_MOTORS/CAR_DC_MOTORS.c:105:6:CAR_vid_Stop_with_Steering_turned_right	8	static
